--------- beginning of main
03-14 00:34:20.972  2245  2245 W auditd  : type=2000 audit(0.0:1): state=initialized audit_enabled=0 res=1
03-14 00:34:24.184  2245  2245 W auditd  : type=1403 audit(0.0:2): auid=4294967295 ses=4294967295 lsm=selinux res=1
03-14 00:34:24.644     1     1 I chatty  : uid=0(root) /system/bin/init expire 10 lines
03-14 00:34:24.860    28    28 I chatty  : uid=0(root) kdevtmpfs expire 2 lines
03-14 00:34:25.512  1667  1667 I chatty  : uid=0(root) /system/bin/init expire 7 lines
03-14 00:34:25.533  2246  2246 W lowmemorykiller: LMKD : whitelist com.hotack;android.process.media;com.softwinner.awtvinputservice;com.hysd.vafocus;com.ecloud.emedia;com.ecloud.eshare.server;com.eshare.linedisplay.receiver;com.htc.closedialog;com.ecloud.eairplay;com.allshare.edisplay.idisp;com.htc.htcbluetoothremotecontrol;com.peasun.aispeech;com.htc.htcotaupdate;com.iflytek.aiint.app.speechassistant;android.rockchip.update.service;com.zeasn.whale.saas;com.dangbei.mimir.lightos.launcher;com.hotack.d042;com.htc.htcpubliclauncher;com.elong.etv;com.hpplay.happyplay.aw;com.android.nfx;com.ossott.speech;com.kangyunzn.projector;com.htc.storeos;com.toofifi.lineserver;com.mphotool.usbcastserver;com.android.toofifi;com.mphotool.airplay;com.mphotool.dlna;com.oranth.accessibility;com.hpplay.happyplay.aw;ctc.digitallife.soft.terminal.ahiptv;com.anhui.tv;com.amt.appstore;com.amt.launcherah;com.htc.eventuploadservice;com.eshare.receiver.tv;com.eshare.sdk.server;com.ym.server;com.htc.luminaos;com.htc.htcsetup_wizard_d55;com.android.ytb;
03-14 00:34:25.540  2246  2246 I lowmemorykiller: Using psi monitors for memory pressure detection
03-14 00:34:25.541  2246  2246 I lowmemorykiller: Process polling is supported
03-14 00:34:25.565  2247  2247 I chatty  : uid=1000(system) /system/bin/servicemanager expire 11 lines
03-14 00:34:25.573  2248  2248 I chatty  : uid=1000(system) hwservicemanage expire 24 lines
03-14 00:34:25.598  2249  2249 I chatty  : uid=1000(system) vndservicemanag expire 2 lines
--------- beginning of system
03-14 00:34:25.640  2254  2254 I vold    : Vold 3.0 (the awakening) firing up
03-14 00:34:25.640  2254  2254 D vold    : Detected support for: ext4 f2fs vfat
03-14 00:34:25.647  2254  2254 D vold    : Found unmanaged dm device named system_b
03-14 00:34:25.647  2254  2254 D vold    : Found unmanaged dm device named vendor_b
03-14 00:34:25.647  2254  2254 D vold    : Found unmanaged dm device named product_b
03-14 00:34:25.647  2254  2254 D vold    : Found unmanaged dm device named system_b-cow
03-14 00:34:25.647  2254  2254 W vold    : Failed to LOOP_GET_STATUS64 /dev/block/loop0: No such device or address
03-14 00:34:25.647  2254  2254 W vold    : Failed to LOOP_GET_STATUS64 /dev/block/loop2: No such device or address
03-14 00:34:25.647  2254  2254 W vold    : Failed to LOOP_GET_STATUS64 /dev/block/loop4: No such device or address
03-14 00:34:25.647  2254  2254 W vold    : Failed to LOOP_GET_STATUS64 /dev/block/loop3: No such device or address
03-14 00:34:25.647  2254  2254 W vold    : Failed to LOOP_GET_STATUS64 /dev/block/loop5: No such device or address
03-14 00:34:25.647  2254  2254 W vold    : Failed to LOOP_GET_STATUS64 /dev/block/loop7: No such device or address
03-14 00:34:25.647  2254  2254 W vold    : Failed to LOOP_GET_STATUS64 /dev/block/loop6: No such device or address
03-14 00:34:25.648  2254  2254 W vold    : Failed to LOOP_GET_STATUS64 /dev/block/loop1: No such device or address
03-14 00:34:25.652  2254  2254 D vold    : VoldNativeService::start() completed OK
03-14 00:34:25.672  2254  2265 I vold    : Found disk at /devices/platform/soc@2900000/4200000.ehci1-controller/usb2/2-1/2-1:1.0/host0/target0:0:0/0:0:0:0/block/sda but delaying scan due to secure keyguard
03-14 00:34:25.966  2360  2360 I chatty  : uid=0(root) /vendor/bin/hw/tee_supplicant expire 2 lines
03-14 00:34:25.981  2357  2357 I chatty  : uid=1000(system) suspend@1.0-ser expire 2 lines
03-14 00:34:26.032  2358  2358 I chatty  : uid=0(root) boot@1.1-servic expire 4 lines
03-14 00:34:26.046  2359  2359 I chatty  : uid=1000(system) keymaster@4.1-s expire 4 lines
03-14 00:34:26.089  2361  2361 I chatty  : uid=0(root) /vendor/bin/hw/tvserver expire 1423 lines
03-14 00:34:26.580  2254  2254 I Checkpoint: cp_prepareCheckpoint called
03-14 00:34:27.091  2425  2425 I derive_sdk: Read version 0 from /apex/com.android.sdkext/etc/sdkinfo.binarypb
03-14 00:34:27.092  2425  2425 I derive_sdk: R extension version is 0
03-14 00:34:27.160  2254  2254 D vold    : fscrypt_init_user0
03-14 00:34:27.160  2254  2254 D vold    : fscrypt_prepare_user_storage for volume null, user 0, serial 0, flags 1
03-14 00:34:27.161  2254  2254 D vold    : Preparing: /data/system/users/0
03-14 00:34:27.161  2254  2254 D vold    : Preparing: /data/misc/profiles/cur/0
03-14 00:34:27.162  2254  2254 D vold    : Preparing: /data/system_de/0
03-14 00:34:27.162  2254  2254 D vold    : Preparing: /data/misc_de/0
03-14 00:34:27.162  2254  2254 D vold    : Preparing: /data/vendor_de/0
03-14 00:34:27.163  2254  2254 D vold    : Preparing: /data/user_de/0
03-14 00:34:27.163  2254  2254 D vold    : /system/bin/vold_prepare_subdirs
03-14 00:34:27.163  2254  2254 D vold    :     prepare
03-14 00:34:27.163  2254  2254 D vold    :     
03-14 00:34:27.163  2254  2254 D vold    :     0
03-14 00:34:27.163  2254  2254 D vold    :     1
03-14 00:34:27.197  2427  2427 I chatty  : uid=0(root) expire 26 lines
03-14 00:34:27.223  2254  2254 D vold    : fscrypt_unlock_user_key 0 serial=0 token_present=0
03-14 00:34:27.381  2361  2431 I chatty  : uid=0(root) /vendor/bin/hw/tvserver expire 3 lines
03-14 00:34:27.395  2430  2430 I chatty  : uid=1000(system) expire 1 line
03-14 00:34:27.542  2361  2432 I chatty  : uid=0(root) /vendor/bin/hw/tvserver expire 50 lines
03-14 00:34:27.543  2361  2434 I chatty  : uid=0(root) /vendor/bin/hw/tvserver expire 2 lines
03-14 00:34:27.576  2438  2438 I chatty  : uid=0(root) magiskd expire 2 lines
03-14 00:34:27.584  2361  2436 I chatty  : uid=0(root) /vendor/bin/hw/tvserver expire 3 lines
03-14 00:34:27.694  2438  2441 I chatty  : uid=0(root) magiskd expire 7 lines
03-14 00:34:28.351  2450  2450 I tombstoned: tombstoned successfully initialized
03-14 00:34:28.572  2452  2452 I chatty  : uid=1000(system) /system/bin/flags_health_check expire 245 lines
03-14 00:34:29.470  2456  2456 I chatty  : uid=0(root) expire 236 lines
03-14 00:34:30.187  2465  2465 I chatty  : uid=1000(system) allocator@1.0-s expire 2 lines
03-14 00:34:30.275  2460  2460 I ServiceManager: Waiting for service 'statscompanion' on '/dev/binder'...
03-14 00:34:30.279  2468  2468 I HidlServiceManagement: Registered android.hardware.bluetooth@1.0::IBluetoothHci/default (start delay of 70ms)
03-14 00:34:30.279  2468  2468 I HidlServiceManagement: Removing namespace from process name android.hardware.bluetooth@1.0-service to bluetooth@1.0-service.
03-14 00:34:30.280  2468  2468 I LegacySupport: Registration complete for android.hardware.bluetooth@1.0::IBluetoothHci/default.
03-14 00:34:30.383  2460  2460 I ServiceManager: Waiting for service 'statscompanion' on '/dev/binder'...
03-14 00:34:30.466  2476  2476 I chatty  : uid=1000(system) gatekeeper@1.0- expire 4 lines
03-14 00:34:30.481  2461  2461 I chatty  : uid=0(root) Binder:2461_4 expire 23 lines
03-14 00:34:30.484  2460  2460 I ServiceManager: Waiting for service 'statscompanion' on '/dev/binder'...
03-14 00:34:30.550  2466  2466 I HidlServiceManagement: Registered android.hardware.audio@6.0::IDevicesFactory/default (start delay of 392ms)
03-14 00:34:30.551  2466  2466 I HidlServiceManagement: Removing namespace from process name android.hardware.audio.service to audio.service.
03-14 00:34:30.563  2466  2466 I LegacySupport: Registration complete for android.hardware.audio@6.0::IDevicesFactory/default.
03-14 00:34:30.570  2481  2481 I AW_PowerHAL: AW Power HAL AIDL Service is starting.
03-14 00:34:30.570  2481  2481 I AW_PowerHAL: PowerHAL initiated
03-14 00:34:30.587  2460  2460 I ServiceManager: Waiting for service 'statscompanion' on '/dev/binder'...
03-14 00:34:30.600  2472  2472 I android.hardware.camera.provider@2.4-external-service: External camera provider service is starting.
03-14 00:34:30.670  2479  2479 I chatty  : uid=1000(system) health@2.1-serv expire 4 lines
03-14 00:34:30.671  2480  2480 I chatty  : uid=1000(system) memtrack@1.0-se expire 5 lines
03-14 00:34:30.691  2466  2466 I HidlServiceManagement: Registered android.hardware.audio.effect@6.0::IEffectsFactory/default (start delay of 533ms)
03-14 00:34:30.692  2466  2466 I LegacySupport: Registration complete for android.hardware.audio.effect@6.0::IEffectsFactory/default.
03-14 00:34:30.700  2460  2460 I ServiceManager: Waiting for service 'statscompanion' on '/dev/binder'...
03-14 00:34:30.727  2490  2490 I chatty  : uid=1000(system) usb@1.0-service expire 6 lines
03-14 00:34:30.727  2482  2482 I chatty  : uid=1000(system) thermal@2.0-ser expire 41 lines
03-14 00:34:30.801  2460  2460 I ServiceManager: Waiting for service 'statscompanion' on '/dev/binder'...
03-14 00:34:30.824  2466  2466 E LegacySupport: Could not get passthrough implementation for android.hardware.soundtrigger@2.3::ISoundTriggerHw/default.
03-14 00:34:30.826  2466  2466 E LegacySupport: Could not get passthrough implementation for android.hardware.soundtrigger@2.2::ISoundTriggerHw/default.
03-14 00:34:30.827  2466  2466 E LegacySupport: Could not get passthrough implementation for android.hardware.soundtrigger@2.1::ISoundTriggerHw/default.
03-14 00:34:30.902  2460  2460 I ServiceManager: Waiting for service 'statscompanion' on '/dev/binder'...
03-14 00:34:31.002  2460  2460 I ServiceManager: Waiting for service 'statscompanion' on '/dev/binder'...
03-14 00:34:31.025  2487  2487 I chatty  : uid=1000(system) input@1.0-servi expire 25 lines
03-14 00:34:31.103  2460  2460 I ServiceManager: Waiting for service 'statscompanion' on '/dev/binder'...
03-14 00:34:31.148  2485  2485 I chatty  : uid=1000(system) /vendor/bin/hw/android.hardware.tv.cec@1.0-service expire 15 lines
03-14 00:34:31.203  2460  2460 I ServiceManager: Waiting for service 'statscompanion' on '/dev/binder'...
03-14 00:34:31.304  2460  2460 I ServiceManager: Waiting for service 'statscompanion' on '/dev/binder'...
03-14 00:34:31.338  2466  2466 I sound_trigger_hw_default: Starting control thread for the stub hal.
03-14 00:34:31.338  2466  2466 I SoundTriggerHalImpl: onFirstRef() mModuleName primary mHwDevice 0xb421f080
03-14 00:34:31.340  2466  2505 E sound_trigger_hw_default: Opening socket
03-14 00:34:31.341  2466  2466 I HidlServiceManagement: Registered android.hardware.soundtrigger@2.0::ISoundTriggerHw/default (start delay of 1182ms)
03-14 00:34:31.341  2466  2505 I sound_trigger_hw_default: Socket created
03-14 00:34:31.341  2466  2466 I LegacySupport: Registration complete for android.hardware.soundtrigger@2.0::ISoundTriggerHw/default.
03-14 00:34:31.342  2466  2466 E LegacySupport: Could not get passthrough implementation for android.hardware.bluetooth.audio@2.0::IBluetoothAudioProvidersFactory/default.
03-14 00:34:31.342  2466  2466 W audiohalservice: Could not register Bluetooth Audio API
03-14 00:34:31.343  2361  2429 I chatty  : uid=0(root) 9394_CPUComm_BG expire 5 lines
03-14 00:34:31.343  2466  2466 E LegacySupport: Could not get passthrough implementation for android.hardware.bluetooth.a2dp@1.0::IBluetoothAudioOffload/default.
03-14 00:34:31.343  2466  2466 W audiohalservice: Could not register Bluetooth Audio Offload API
03-14 00:34:31.404  2460  2460 I ServiceManager: Waiting for service 'statscompanion' on '/dev/binder'...
03-14 00:34:31.505  2460  2460 I ServiceManager: Waiting for service 'statscompanion' on '/dev/binder'...
03-14 00:34:31.581  2477  2477 I chatty  : uid=1000(system) allocator@2.0-s expire 5 lines
03-14 00:34:31.612  2460  2460 I ServiceManager: Waiting for service 'statscompanion' on '/dev/binder'...
03-14 00:34:31.685  2478  2478 I chatty  : uid=1000(system) composer@2.2-se expire 25 lines
03-14 00:34:31.713  2460  2460 I ServiceManager: Waiting for service 'statscompanion' on '/dev/binder'...
03-14 00:34:31.767  2511  2511 I gsid    : no DSU: No such file or directory
03-14 00:34:31.813  2460  2460 I ServiceManager: Waiting for service 'statscompanion' on '/dev/binder'...
03-14 00:34:31.933  2460  2460 I ServiceManager: Waiting for service 'statscompanion' on '/dev/binder'...
03-14 00:34:32.033  2460  2460 I ServiceManager: Waiting for service 'statscompanion' on '/dev/binder'...
03-14 00:34:32.134  2460  2460 I ServiceManager: Waiting for service 'statscompanion' on '/dev/binder'...
03-14 00:34:32.234  2460  2460 I ServiceManager: Waiting for service 'statscompanion' on '/dev/binder'...
03-14 00:34:32.314  2472  2472 I ExtCamUtils@3.4: loadFromCfg: load external camera config succeed!
03-14 00:34:32.314  2472  2472 I ExtCamUtils@3.4: loadFromCfg: depth output is not enabled
03-14 00:34:32.314  2472  2472 I ExtCamUtils@3.4: loadFromCfg: no minimum stream size specified
03-14 00:34:32.314  2472  2472 I ExtCamUtils@3.4: loadFromCfg: no jpeg orientation specified
03-14 00:34:32.314  2472  2472 I ExtCamUtils@3.4: loadFromCfg: external camera cfg loaded: maxJpgBufSize 3145728, num video buffers 4, num still buffers 2, orientation 90 jpeg orientation 0
03-14 00:34:32.314  2472  2472 I ExtCamUtils@3.4: loadFromCfg: fpsLimitList: 640x480@30.000000
03-14 00:34:32.314  2472  2472 I ExtCamUtils@3.4: loadFromCfg: fpsLimitList: 848x480@30.000000
03-14 00:34:32.314  2472  2472 I ExtCamUtils@3.4: loadFromCfg: fpsLimitList: 960x720@30.000000
03-14 00:34:32.314  2472  2472 I ExtCamUtils@3.4: loadFromCfg: fpsLimitList: 1280x720@30.000000
03-14 00:34:32.314  2472  2472 I ExtCamUtils@3.4: loadFromCfg: fpsLimitList: 1920x1080@30.000000
03-14 00:34:32.314  2472  2472 I ExtCamUtils@3.4: loadFromCfg: minStreamSize: 0x0
03-14 00:34:32.315  2472  2472 V CamPrvdr@2.4-external: Preferred HAL 3 minor version is 4
03-14 00:34:32.318  2472  2472 I HidlServiceManagement: Registered android.hardware.camera.provider@2.4::ICameraProvider/external/0 (start delay of 2049ms)
03-14 00:34:32.318  2472  2472 I HidlServiceManagement: Removing namespace from process name android.hardware.camera.provider@2.4-external-service to provider@2.4-external-service.
03-14 00:34:32.319  2472  2472 I LegacySupport: Registration complete for android.hardware.camera.provider@2.4::ICameraProvider/external/0.
03-14 00:34:32.320  2472  2519 I CamPrvdr@2.4-external: threadLoop start monitoring new V4L2 devices
03-14 00:34:32.335  2460  2460 I ServiceManager: Waiting for service 'statscompanion' on '/dev/binder'...
03-14 00:34:32.436  2460  2460 I ServiceManager: Waiting for service 'statscompanion' on '/dev/binder'...
03-14 00:34:32.536  2460  2460 I ServiceManager: Waiting for service 'statscompanion' on '/dev/binder'...
03-14 00:34:32.645  2460  2460 I ServiceManager: Waiting for service 'statscompanion' on '/dev/binder'...
03-14 00:34:32.745  2493  2493 I FastMixerState: sMaxFastTracks = 8
03-14 00:34:32.746  2460  2460 I ServiceManager: Waiting for service 'statscompanion' on '/dev/binder'...
03-14 00:34:32.764  2501  2501 I chatty  : uid=1000(system) /system/bin/surfaceflinger expire 44 lines
03-14 00:34:32.769  2493  2493 V MediaUtils: physMem: 975605760
03-14 00:34:32.769  2493  2493 V MediaUtils: requested limit: 195121140
03-14 00:34:32.769  2493  2493 I libc    : malloc_limit: Allocation limit enabled, max size 195121140 bytes
03-14 00:34:32.770  2493  2493 I audioserver: ServiceManager: 0xaf813260
03-14 00:34:32.771  2493  2493 W BatteryNotifier: batterystats service unavailable!
03-14 00:34:32.846  2460  2460 I ServiceManager: Waiting for service 'statscompanion' on '/dev/binder'...
03-14 00:34:32.947  2460  2460 I ServiceManager: Waiting for service 'statscompanion' on '/dev/binder'...
03-14 00:34:33.047  2460  2460 I ServiceManager: Waiting for service 'statscompanion' on '/dev/binder'...
03-14 00:34:33.153  2460  2460 I ServiceManager: Waiting for service 'statscompanion' on '/dev/binder'...
03-14 00:34:33.226  2493  2493 I ServiceManager: Waiting for service 'media.metrics' on '/dev/binder'...
03-14 00:34:33.277  2460  2460 I ServiceManager: Waiting for service 'statscompanion' on '/dev/binder'...
03-14 00:34:33.328  2493  2493 I ServiceManager: Waiting for service 'media.metrics' on '/dev/binder'...
03-14 00:34:33.393  2460  2460 I ServiceManager: Waiting for service 'statscompanion' on '/dev/binder'...
03-14 00:34:33.429  2493  2493 I ServiceManager: Waiting for service 'media.metrics' on '/dev/binder'...
03-14 00:34:33.503  2460  2460 I ServiceManager: Waiting for service 'statscompanion' on '/dev/binder'...
03-14 00:34:33.544  2493  2493 I ServiceManager: Waiting for service 'media.metrics' on '/dev/binder'...
03-14 00:34:33.604  2460  2460 I ServiceManager: Waiting for service 'statscompanion' on '/dev/binder'...
03-14 00:34:33.668  2493  2493 I ServiceManager: Waiting for service 'media.metrics' on '/dev/binder'...
03-14 00:34:33.705  2460  2460 I ServiceManager: Waiting for service 'statscompanion' on '/dev/binder'...
03-14 00:34:33.769  2493  2493 I ServiceManager: Waiting for service 'media.metrics' on '/dev/binder'...
03-14 00:34:33.780  2462  2462 I chatty  : uid=0(root) main expire 60 lines
03-14 00:34:33.806  2460  2460 I ServiceManager: Waiting for service 'statscompanion' on '/dev/binder'...
03-14 00:34:33.853  2533  2533 I adbd    : Setup mdns on port= 5555
03-14 00:34:33.853  2533  2536 I adbd    : Waiting for persist.adb.tls_server.enable=1
03-14 00:34:33.853  2533  2538 I adbd    : opening control endpoint /dev/usb-ffs/adb/ep0
03-14 00:34:33.854  2533  2533 I adbd    : adbd listening on tcp:5555
03-14 00:34:33.854  2533  2533 I adbd    : adbd listening on vsock:5555
03-14 00:34:33.869  2493  2493 I ServiceManager: Waiting for service 'media.metrics' on '/dev/binder'...
03-14 00:34:33.906  2460  2460 I ServiceManager: Waiting for service 'statscompanion' on '/dev/binder'...
03-14 00:34:33.970  2493  2493 I ServiceManager: Waiting for service 'media.metrics' on '/dev/binder'...
03-14 00:34:34.007  2460  2460 I ServiceManager: Waiting for service 'statscompanion' on '/dev/binder'...
03-14 00:34:34.070  2493  2493 I ServiceManager: Waiting for service 'media.metrics' on '/dev/binder'...
03-14 00:34:34.107  2460  2460 I ServiceManager: Waiting for service 'statscompanion' on '/dev/binder'...
03-14 00:34:34.171  2493  2493 I ServiceManager: Waiting for service 'media.metrics' on '/dev/binder'...
03-14 00:34:34.207  2460  2460 I ServiceManager: Waiting for service 'statscompanion' on '/dev/binder'...
03-14 00:34:34.271  2493  2493 I ServiceManager: Waiting for service 'media.metrics' on '/dev/binder'...
03-14 00:34:34.308  2460  2460 I ServiceManager: Waiting for service 'statscompanion' on '/dev/binder'...
03-14 00:34:34.372  2493  2493 I ServiceManager: Waiting for service 'media.metrics' on '/dev/binder'...
03-14 00:34:34.408  2460  2460 I ServiceManager: Waiting for service 'statscompanion' on '/dev/binder'...
03-14 00:34:34.472  2493  2493 I ServiceManager: Waiting for service 'media.metrics' on '/dev/binder'...
03-14 00:34:34.509  2460  2460 I ServiceManager: Waiting for service 'statscompanion' on '/dev/binder'...
03-14 00:34:34.573  2493  2493 I ServiceManager: Waiting for service 'media.metrics' on '/dev/binder'...
03-14 00:34:34.609  2460  2460 I ServiceManager: Waiting for service 'statscompanion' on '/dev/binder'...
03-14 00:34:34.663  2478  2531 I chatty  : uid=1000(system) HwBinder:2478_1 expire 40 lines
03-14 00:34:34.674  2493  2493 I ServiceManager: Waiting for service 'media.metrics' on '/dev/binder'...
03-14 00:34:34.710  2460  2460 I ServiceManager: Waiting for service 'statscompanion' on '/dev/binder'...
03-14 00:34:34.710  2478  2554 I chatty  : uid=1000(system) EventThread expire 5 lines
03-14 00:34:34.775  2493  2493 I ServiceManager: Waiting for service 'media.metrics' on '/dev/binder'...
03-14 00:34:34.810  2460  2460 I ServiceManager: Waiting for service 'statscompanion' on '/dev/binder'...
03-14 00:34:34.841  2478  2558 I chatty  : uid=1000(system) EpollThread expire 1 line
03-14 00:34:34.841  2478  2557 I chatty  : uid=1000(system) CommitThread expire 2 lines
03-14 00:34:34.870  2478  2559 I chatty  : uid=1000(system) v-thread expire 4 lines
03-14 00:34:34.870  2478  2560 I chatty  : uid=1000(system) HwBinder:2478_1 expire 1 line
03-14 00:34:34.871  2478  2562 I chatty  : uid=1000(system) HardwareVsync expire 1 line
03-14 00:34:34.873  2501  2565 I chatty  : uid=1000(system) app expire 3 lines
03-14 00:34:34.873  2501  2566 I chatty  : uid=1000(system) sf expire 2 lines
03-14 00:34:34.875  2493  2493 I ServiceManager: Waiting for service 'media.metrics' on '/dev/binder'...
03-14 00:34:34.911  2460  2460 I ServiceManager: Waiting for service 'statscompanion' on '/dev/binder'...
03-14 00:34:34.976  2493  2493 I ServiceManager: Waiting for service 'media.metrics' on '/dev/binder'...
03-14 00:34:35.011  2460  2460 I ServiceManager: Waiting for service 'statscompanion' on '/dev/binder'...
03-14 00:34:35.060  2477  2510 I chatty  : uid=1000(system) HwBinder:2477_1 expire 10 lines
03-14 00:34:35.076  2493  2493 I ServiceManager: Waiting for service 'media.metrics' on '/dev/binder'...
03-14 00:34:35.087     1     1 I chatty  : uid=0(root) /system/bin/init expire 12 lines
03-14 00:34:35.113  2460  2460 I ServiceManager: Waiting for service 'statscompanion' on '/dev/binder'...
03-14 00:34:35.184  2493  2493 I ServiceManager: Waiting for service 'media.metrics' on '/dev/binder'...
03-14 00:34:35.214  2460  2460 I ServiceManager: Waiting for service 'statscompanion' on '/dev/binder'...
03-14 00:34:35.262  2582  2582 I chatty  : uid=1000(system) expire 5 lines
03-14 00:34:35.285  2493  2493 I ServiceManager: Waiting for service 'media.metrics' on '/dev/binder'...
03-14 00:34:35.311  2533  2538 I adbd    : UsbFfsConnection constructed
03-14 00:34:35.316  2460  2460 W ServiceManager: Service statscompanion didn't start. Returning NULL
03-14 00:34:35.327  2533  2584 I adbd    : UsbFfs-monitor thread spawned
03-14 00:34:35.386  2493  2493 I ServiceManager: Waiting for service 'media.metrics' on '/dev/binder'...
03-14 00:34:35.486  2493  2493 I ServiceManager: Waiting for service 'media.metrics' on '/dev/binder'...
03-14 00:34:35.539  2460  2460 I statsd  : Statsd starts to listen to socket.
03-14 00:34:35.587  2493  2493 I ServiceManager: Waiting for service 'media.metrics' on '/dev/binder'...
03-14 00:34:35.637  2533  2539 I adbd    : adbd mDNS service _adb._tcp registered: 1
03-14 00:34:35.693  2493  2493 I ServiceManager: Waiting for service 'media.metrics' on '/dev/binder'...
03-14 00:34:35.839  2493  2493 I ServiceManager: Waiting for service 'media.metrics' on '/dev/binder'...
03-14 00:34:35.954  2493  2493 I ServiceManager: Waiting for service 'media.metrics' on '/dev/binder'...
03-14 00:34:36.054  2493  2493 I ServiceManager: Waiting for service 'media.metrics' on '/dev/binder'...
03-14 00:34:36.155  2493  2493 I ServiceManager: Waiting for service 'media.metrics' on '/dev/binder'...
03-14 00:34:36.277  2493  2493 I ServiceManager: Waiting for service 'media.metrics' on '/dev/binder'...
03-14 00:34:36.328  2533  2584 W adbd    : timed out while waiting for FUNCTIONFS_BIND, trying again
03-14 00:34:36.328  2533  2584 I adbd    : UsbFfs: connection terminated: monitor thread finished
03-14 00:34:36.328  2533  2533 I adbd    : UsbFfs: already offline
03-14 00:34:36.328  2533  2533 I adbd    : destroying transport UsbFfs
03-14 00:34:36.328  2533  2533 I adbd    : UsbFfsConnection being destroyed
03-14 00:34:36.378  2493  2493 I ServiceManager: Waiting for service 'media.metrics' on '/dev/binder'...
03-14 00:34:36.479  2493  2493 I ServiceManager: Waiting for service 'media.metrics' on '/dev/binder'...
03-14 00:34:36.579  2493  2493 I ServiceManager: Waiting for service 'media.metrics' on '/dev/binder'...
03-14 00:34:36.640  2478  2561 I chatty  : uid=1000(system) composer@2.2-se expire 2 lines
03-14 00:34:36.663  2248  2248 I chatty  : uid=1000(system) hwservicemanage expire 25 lines
03-14 00:34:36.664  2478  2634 I chatty  : uid=1000(system) composer@2.2-se expire 1 line
03-14 00:34:36.695  2493  2493 I ServiceManager: Waiting for service 'media.metrics' on '/dev/binder'...
03-14 00:34:36.712  2533  2538 I adbd    : opening control endpoint /dev/usb-ffs/adb/ep0
03-14 00:34:36.716  2533  2538 I adbd    : UsbFfsConnection constructed
03-14 00:34:36.717  2533  2636 I adbd    : UsbFfs-monitor thread spawned
03-14 00:34:36.796  2493  2493 I ServiceManager: Waiting for service 'media.metrics' on '/dev/binder'...
03-14 00:34:36.897  2493  2493 I ServiceManager: Waiting for service 'media.metrics' on '/dev/binder'...
03-14 00:34:36.997  2493  2493 I ServiceManager: Waiting for service 'media.metrics' on '/dev/binder'...
03-14 00:34:30.896    30    30 I chatty  : uid=0(root) kworker/u8:1-events_unbound expire 6 lines
03-14 00:34:31.340  2466  2466 I audio.service: type=1400 audit(0.0:277): avc: denied { create } for scontext=u:r:hal_audio_default:s0 tcontext=u:r:hal_audio_default:s0 tclass=tcp_socket permissive=1
03-14 00:34:31.340  2466  2466 I audio.service: type=1400 audit(0.0:278): avc: denied { setopt } for scontext=u:r:hal_audio_default:s0 tcontext=u:r:hal_audio_default:s0 tclass=tcp_socket permissive=1
03-14 00:34:31.340  2466  2466 I audio.service: type=1400 audit(0.0:279): avc: denied { bind } for scontext=u:r:hal_audio_default:s0 tcontext=u:r:hal_audio_default:s0 tclass=tcp_socket permissive=1
03-14 00:34:31.340  2466  2466 I audio.service: type=1400 audit(0.0:280): avc: denied { listen } for lport=14035 scontext=u:r:hal_audio_default:s0 tcontext=u:r:hal_audio_default:s0 tclass=tcp_socket permissive=1
03-14 00:34:31.340  2466  2466 I audio.service: type=1400 audit(0.0:281): avc: denied { accept } for lport=14035 scontext=u:r:hal_audio_default:s0 tcontext=u:r:hal_audio_default:s0 tclass=tcp_socket permissive=1
03-14 00:34:37.020  2644  2644 I chatty  : uid=0(root) /system/bin/sh expire 6 lines
03-14 00:34:37.110  2493  2493 I ServiceManager: Waiting for service 'media.metrics' on '/dev/binder'...
03-14 00:34:37.120  2646  2646 I chatty  : uid=0(root) /system/bin/sh expire 2 lines
03-14 00:34:37.211  2493  2493 I ServiceManager: Waiting for service 'media.metrics' on '/dev/binder'...
03-14 00:34:37.237  2658  2658 I installd: installd firing up
03-14 00:34:37.244  2657  2657 I chatty  : uid=0(root) cp expire 3 lines
03-14 00:34:37.312  2493  2493 I ServiceManager: Waiting for service 'media.metrics' on '/dev/binder'...
03-14 00:34:37.383  2649  2649 I chatty  : uid=0(root) /system/bin/gpioservice expire 3 lines
03-14 00:34:37.412  2493  2493 I ServiceManager: Waiting for service 'media.metrics' on '/dev/binder'...
03-14 00:34:37.490  2667  2667 I keystore: found android.hardware.keymaster@4.0::IKeymasterDevice with interface name default and seclevel SOFTWARE
03-14 00:34:37.492  2667  2667 W keystore: No secure Keymaster implementation found, but device offers insecure Keymaster HAL. Using as default.
03-14 00:34:37.514  2493  2493 I AudioFlinger: Using default 3000 mSec as standby time.
03-14 00:34:37.536  2493  2493 E APM::Serializer: deserialize: Could not parse /odm/etc/audio_policy_configuration.xml document.
03-14 00:34:37.565  2659  2659 I chatty  : uid=0(root) /system/bin/isomountservice expire 2 lines
03-14 00:34:37.589  2493  2493 E APM::HwModule: refreshSupportedDevices: invalid source devices for fast input
03-14 00:34:37.589  2493  2493 W APM::Devices: DeviceVector::add device 00000002 already in
03-14 00:34:37.601  2493  2493 D APM_EngineLoader: Loaded engine from libaudiopolicyenginedefault.so
03-14 00:34:37.601  2493  2493 E APM::AudioPolicyEngine/Config: parse: Could not parse document /vendor/etc/audio_policy_engine_configuration.xml
03-14 00:34:37.602  2493  2493 E libxml2 : I/O warning : failed to load external entity "/vendor/etc/audio_policy_engine_configuration.xml"
03-14 00:34:37.602  2493  2493 W APM::AudioPolicyEngine/Base: loadAudioPolicyEngineConfig: No configuration found, using default matching phone experience.
03-14 00:34:37.602  2493  2493 E APM::AudioPolicyEngine/Config: parseLegacyVolumeFile: Could not parse document /odm/etc/audio_policy_configuration.xml
03-14 00:34:37.602  2493  2493 E libxml2 : I/O warning : failed to load external entity "/odm/etc/audio_policy_configuration.xml"
03-14 00:34:37.662  2493  2493 W APM::AudioPolicyEngine/Base: loadAudioPolicyEngineConfig: No configuration of AUDIO_STREAM_ASSISTANT found, using default volume configuration
03-14 00:34:37.662  2493  2493 W APM::AudioPolicyEngine/Base: loadAudioPolicyEngineConfig: No configuration of AUDIO_STREAM_CALL_ASSISTANT found, using default volume configuration
03-14 00:34:37.662  2668  2668 V MediaUtils: physMem: 975605760
03-14 00:34:37.662  2668  2668 V MediaUtils: requested limit: 195121140
03-14 00:34:37.663  2668  2668 I libc    : malloc_limit: Allocation limit enabled, max size 195121140 bytes
03-14 00:34:37.668  2668  2668 W mediaextractor: Could not read additional policy file '/vendor/etc/seccomp_policy/mediaextractor.policy'
03-14 00:34:37.669  2668  2668 W mediaextractor: libminijail[2668]: failed to get path of fd 4: No such file or directory
03-14 00:34:37.669  2668  2668 W mediaextractor: libminijail[2668]: allowing syscall: clock_gettime
03-14 00:34:37.669  2668  2668 W mediaextractor: libminijail[2668]: allowing syscall: connect
03-14 00:34:37.669  2668  2668 W mediaextractor: libminijail[2668]: allowing syscall: fcntl64
03-14 00:34:37.669  2668  2668 W mediaextractor: libminijail[2668]: allowing syscall: socket
03-14 00:34:37.669  2668  2668 W mediaextractor: libminijail[2668]: allowing syscall: writev
03-14 00:34:37.671  2668  2668 W mediaextractor: libminijail[2668]: logging seccomp filter failures
03-14 00:34:37.703  2466  2466 D audio_hw_primary_thal: Sound_Init
03-14 00:34:37.704  2466  2466 D audio_hw_primary_thal: Sound_LoadSettings
03-14 00:34:37.718  2533  2636 W adbd    : timed out while waiting for FUNCTIONFS_BIND, trying again
03-14 00:34:37.718  2533  2636 I adbd    : UsbFfs: connection terminated: monitor thread finished
03-14 00:34:37.718  2533  2533 I adbd    : UsbFfs: already offline
03-14 00:34:37.719  2533  2533 I adbd    : destroying transport UsbFfs
03-14 00:34:37.719  2533  2533 I adbd    : UsbFfsConnection being destroyed
03-14 00:34:37.760  2668  2668 E MediaExtractorFactory: couldn't opendir(/system/lib/extractors)
03-14 00:34:37.760  2668  2668 E MediaExtractorFactory: couldn't opendir(/system_ext/lib/extractors)
03-14 00:34:37.763  2462  2671 I chatty  : uid=0(root) main expire 1 line
03-14 00:34:38.166  2466  2466 D android.hardware.audio.service: THAL_SOUND Enter Sound_Path_Init
03-14 00:34:38.166  2466  2466 D android.hardware.audio.service: THAL_SOUND: downloadpatch start [msp_download_sxl] --> 1140
03-14 00:34:38.178  2647  2647 I cameraserver: ServiceManager: 0xb0c0e420
03-14 00:34:38.178  2647  2647 I CameraService: CameraService started (pid=2647)
03-14 00:34:38.178  2647  2647 I CameraService: CameraService process starting
03-14 00:34:38.179  2647  2647 W BatteryNotifier: batterystats service unavailable!
03-14 00:34:38.179  2647  2647 W BatteryNotifier: batterystats service unavailable!
03-14 00:34:38.183  2647  2647 I CameraProviderManager: Connecting to new camera provider: external/0, isRemote? 1
03-14 00:34:38.184  2647  2647 I CameraProviderManager: Camera provider external/0 ready with 0 camera devices
03-14 00:34:38.185  2647  2647 E CameraProviderManager: addProviderLocked: Camera provider HAL 'legacy/0' is not actually available
03-14 00:34:38.186  2647  2691 W CameraProviderManager: addProviderLocked: Camera provider HAL with name 'external/0' already registered
03-14 00:34:38.187  2647  2647 I cameraserver: Waiting for activity service
03-14 00:34:38.224  2696  2696 I chatty  : uid=0(root) /system/bin/storaged expire 12 lines
03-14 00:34:38.264  2533  2538 I adbd    : opening control endpoint /dev/usb-ffs/adb/ep0
03-14 00:34:38.279  2533  2538 I adbd    : UsbFfsConnection constructed
03-14 00:34:38.292  2533  2701 I adbd    : UsbFfs-monitor thread spawned
03-14 00:34:38.350  2704  2704 I chatty  : uid=0(root) expire 36 lines
03-14 00:34:38.367  2466  2466 D android.hardware.audio.service: THAL_SOUND: [DownloadPatch] --> 601
03-14 00:34:38.446  2703  2703 I chatty  : uid=0(root) /vendor/bin/dom2reg expire 2 lines
03-14 00:34:38.547  2700  2700 I wificond: wificond is starting up...
03-14 00:34:38.555  2700  2700 I HidlServiceManagement: Registered android.system.wifi.keystore@1.0::IKeystore/default (start delay of 287ms)
03-14 00:34:38.605  2696  2696 W storaged: health: invalid battery status
03-14 00:34:38.618  2248  2694 I chatty  : uid=1000(system) hwservicemanage expire 1 line
03-14 00:34:38.642  2710  2710 I chatty  : uid=0(root) expire 1 line
03-14 00:34:38.661  2697  2697 I chatty  : uid=0(root) systemmixservic expire 3 lines
03-14 00:34:38.685  2707  2707 I chatty  : uid=1000(system) /system/bin/gatekeeperd expire 1 line
03-14 00:34:38.716  2702  2702 I chatty  : uid=1046(mediacodec) omx@1.0-service expire 136 lines
03-14 00:34:38.790  2708  2708 I chatty  : uid=0(root) /system/bin/update_engine expire 5 lines
03-14 00:34:38.806  2533  2701 I adbd    : USB event: FUNCTIONFS_BIND
03-14 00:34:38.821  2695  2695 I chatty  : uid=0(root) /system/bin/multi_ir expire 7 lines
03-14 00:34:38.956  2706  2706 I bootanimation: type=1400 audit(0.0:305): avc: denied { search } for name="/" dev="mmcblk0p25" ino=1 scontext=u:r:bootanim:s0 tcontext=u:object_r:vfat:s0 tclass=dir permissive=1
03-14 00:34:38.956  2706  2706 I bootanimation: type=1400 audit(0.0:306): avc: denied { search } for name="0" dev="tmpfs" ino=10067 scontext=u:r:bootanim:s0 tcontext=u:object_r:mnt_user_file:s0 tclass=dir permissive=1
03-14 00:34:38.958  2706  2706 D BootAnimation: BootAnimationPreloadTiming start time: 18010ms
03-14 00:34:38.960  2706  2706 D BootAnimation: findBootAnimationFile mShuttingDown=Boot
03-14 00:34:38.960  2706  2706 E BootAnimation: no audio.wav could be found!
03-14 00:34:38.960  2706  2706 D BootAnimation: BootAnimationPreloadStopTiming start time: 18012ms
03-14 00:34:38.977  2706  2731 D BootAnimation: findBootAnimationFile mShuttingDown=Boot
03-14 00:34:38.997  2706  2731 D libEGL  : loaded /vendor/lib/egl/libGLES_mali.so
03-14 00:34:38.998  2705  2705 I chatty  : uid=1046(mediacodec) mediaswcodec expire 16 lines
03-14 00:34:39.218  2533  2701 I adbd    : USB event: FUNCTIONFS_ENABLE
03-14 00:34:39.219  2533  2754 I adbd    : UsbFfs-worker thread spawned
03-14 00:34:39.251  2533  2533 I adbd    : UsbFfs: already offline
03-14 00:34:39.251  2533  2533 I adbd    : Calling send_auth_request...
03-14 00:34:39.261  2533  2533 I adbd    : adbd_auth: loading keys from /data/misc/adb/adb_keys
03-14 00:34:39.262  2533  2533 I adbd    : adb client authorized
03-14 00:34:39.339  2466  2466 D android.hardware.audio.service: THAL_SOUND: [DownloadPatch] --> 614
03-14 00:34:39.340  2706  2706 I BootAnimation: type=1400 audit(0.0:311): avc: denied { search } for name="0" dev="tmpfs" ino=10067 scontext=u:r:bootanim:s0 tcontext=u:object_r:mnt_user_file:s0 tclass=dir permissive=1
03-14 00:34:39.340  2466  2466 D android.hardware.audio.service: THAL_SOUND: downloadpatch finish [msp_download_sxl] --> 1148
03-14 00:34:39.340  2466  2466 D android.hardware.audio.service: THAL_SOUND Download AC failed
03-14 00:34:39.340  2466  2466 D android.hardware.audio.service: THAL_SOUND Download SRS HD4 failed, ret = 0xc
03-14 00:34:39.340  2466  2466 D android.hardware.audio.service: THAL_SOUND ERROR_MSP_DOWNLOAD_ST_PEQ_LEN
03-14 00:34:39.340  2466  2466 D android.hardware.audio.service: THAL_SOUND Download PEQ failed
03-14 00:34:39.340  2466  2466 D android.hardware.audio.service: THAL_SOUND DownloadDTE:pIndex->nCabinetIndex = 0
03-14 00:34:39.340  2466  2466 D android.hardware.audio.service: THAL_SOUND DownloadDTE:ERROR_MSP_DOWNLOAD_DTE_ST_LEN
03-14 00:34:39.340  2466  2466 D android.hardware.audio.service: THAL_SOUND Download DTE failed(0x11)
03-14 00:34:39.340  2466  2466 D android.hardware.audio.service: THAL_SOUND DownloadSRSTruVolume:pIndex->nCabinetIndex = 0
03-14 00:34:39.340  2466  2466 D android.hardware.audio.service: THAL_SOUND DownloadSRSTruVolume:ERROR_MSP_DOWNLOAD_SRS_TRU_VOLUME_ST_LEN
03-14 00:34:39.340  2466  2466 D android.hardware.audio.service: THAL_SOUND Download SRS TruVolume failed(0x14)
03-14 00:34:39.340  2466  2466 D android.hardware.audio.service: THAL_SOUND download code consume 1174ms
03-14 00:34:39.344  2706  2731 D BootAnimation: findBootAnimationFile mShuttingDown=Boot
03-14 00:34:39.344  2706  2731 D BootAnimation: BootAnimationShownTiming start time: 18396ms
03-14 00:34:39.433  2466  2466 D android.hardware.audio.service: THAL_SOUND sound initialize code consume 1728 ms
03-14 00:34:39.434  2466  2466 D audio_hw_primary_thal: mytest: [Sound_Connect] --> [1744] , pSound->currPath: 0xff , connect: 0x71
03-14 00:34:39.434  2466  2466 D android.hardware.audio.service: THAL_SOUND DEBUG:Sound_Path_Disconnect Path = 0xff
03-14 00:34:39.434  2466  2466 D audio_hw_primary_thal: DisconnectPath failed, error: 398083
03-14 00:34:39.434  2466  2466 D android.hardware.audio.service: THAL_SOUND DEBUG:Sound_Path_Connect Path = 0x71
03-14 00:34:39.437  2466  2466 D android.hardware.audio.service: THAL_SOUND DEBUG:Sound_Path_Connect Path = 0x71, nDeviceIndex = 3 refCnt = 1
03-14 00:34:39.446  2466  2466 D audio_hw_primary_thal: Init_Test_Volume_Curve
03-14 00:34:39.446  2466  2466 D audio_hw_config: int save_path_mute(int, int):path=0 mute=0
03-14 00:34:39.471  2466  2466 D audio_hw_primary: mytest: Check_Sound_Unmute, Audio_mute: 0 Lock_mute: 0
03-14 00:34:39.471  2466  2466 D audio_hw_primary_thal: mytest: Path1: 0x71
03-14 00:34:39.471  2466  2466 D audio_hw_primary_thal: mytest: Path: 0x71 Set Mute: 0
03-14 00:34:39.472  2466  2466 D android.hardware.audio.service: THAL_SOUND Mute/unmute: 0, path: 0x71, Type = 0
03-14 00:34:39.473  2466  2466 D audio_hw_primary: [set_codec_speaker_mute] Now SPK Set Mute: 1
03-14 00:34:39.479  2466  2466 D audio_hw_primary: soft prescale: source_in: 2, audio_out: 2, prescale_val: 1.000000
03-14 00:34:39.479  2466  2466 D audio_hw_primary: soft prescale: source_in: 2, audio_out: 3, prescale_val: 1.000000
03-14 00:34:39.481  2466  2466 D audio_hw_primary: soft prescale: source_in: 3, audio_out: 2, prescale_val: 1.000000
03-14 00:34:39.481  2466  2466 D audio_hw_primary: soft prescale: source_in: 3, audio_out: 3, prescale_val: 1.000000
03-14 00:34:39.482  2466  2466 D audio_hw_primary: soft prescale: source_in: 2, audio_out: 4, prescale_val: 0.501188
03-14 00:34:39.482  2466  2466 D audio_hw_primary: read card /sys/class/sound/card0/id
03-14 00:34:39.482  2466  2466 D audio_hw_primary: /sys/class/sound/card0/id, audiocodec, len: 11
03-14 00:34:39.482  2466  2466 D audio_hw_primary: linux name = audiocodec, android name = AUDIO_CODEC
03-14 00:34:39.482  2466  2466 D audio_hw_primary: find name map, card_id = audiocodec, card_name = AUDIO_CODEC 
03-14 00:34:39.483  2466  2466 D audio_hw_primary: read card /sys/class/sound/card1/id
03-14 00:34:39.483  2466  2466 D audio_hw_primary: /sys/class/sound/card1/id, snddaudio2, len: 11
03-14 00:34:39.483  2466  2466 D audio_hw_primary: linux name = snddaudio2, android name = AUDIO_CAPTURE
03-14 00:34:39.483  2466  2466 D audio_hw_primary: find name map, card_id = snddaudio2, card_name = AUDIO_CAPTURE 
03-14 00:34:39.483  2466  2466 D audio_hw_primary: read card /sys/class/sound/card2/id
03-14 00:34:39.483  2466  2466 D audio_hw_primary: /sys/class/sound/card2/id, TridentALSA, len: 12
03-14 00:34:39.483  2466  2466 D audio_hw_primary: linux name = TridentALSA, android name = AUDIO_SPEAKER
03-14 00:34:39.483  2466  2466 D audio_hw_primary: find name map, card_id = TridentALSA, card_name = AUDIO_SPEAKER 
03-14 00:34:39.485  2466  2466 D audio_hw_primary: adev->dev_manager[card].name: AUDIO_CODEC
03-14 00:34:39.485  2466  2466 D audio_hw_primary: adev->dev_manager[card].name: AUDIO_CAPTURE
03-14 00:34:39.485  2466  2466 D audio_hw_primary: init_codec_output_path output_device_id: 1
03-14 00:34:39.485  2466  2466 D audio_hw_primary: FUNC: init_codec_output_path, LINE: 384, !adev->ar
03-14 00:34:39.485  2466  2466 D audio_hw_primary: set_audio_devices_active sink: 1 -> 1
03-14 00:34:39.488  2466  2466 D audio_hw_config: int save_volume_curve(int *, int, int, int):key volume_curve[100] value_str 0,0,0,0,0,0,0,0,0,-63,
03-14 00:34:39.515  2706  2731 I Gralloc4: mapper 4.x is not supported
03-14 00:34:39.516  2706  2731 W Gralloc3: mapper 3.x is not supported
03-14 00:34:39.521  2466  2466 D audio_hw_primary: [set_audio_out_effect] --> 747, audio_out: 0, volume path: 0, volume: 15 soft_mute_flag:0
03-14 00:34:39.521  2706  2731 E gralloc : Arm Module v1.0
03-14 00:34:39.522  2466  2466 D audio_hw_primary_thal: 000 Set_Volume index: 15, volumeDB: -119db, Success
03-14 00:34:39.522  2706  2731 E ion     : ioctl c0044901 failed with code -1: Inappropriate ioctl for device
03-14 00:34:39.524  2466  2466 D audio_hw_primary_thal: Set_DRC_Test_Mode: 0 Success, threshold: 12
03-14 00:34:39.524  2466  2466 D audio_hw_primary_thal: Set_DRC_Test_Mode: 0 Success, decay: 5
03-14 00:34:39.525  2466  2466 D audio_hw_primary_thal: Set_Surround_Mode path: 0x71, value: 0
03-14 00:34:39.671  2361  2432 I chatty  : uid=0(root) /vendor/bin/hw/tvserver expire 443 lines
03-14 00:34:39.673  2695  2763 I chatty  : uid=0(root) /system/bin/multi_ir expire 1 line
03-14 00:34:39.716  2361  2432 W RefBase : CallStack::logStackInternal not linked
03-14 00:34:39.716  2361  2432 W tvpqcontrol: PQAdvance factoryAdvanceSetCTI, nowSourceType=4 sourceType is invalid!
03-14 00:34:39.716  2361  2432 D tvpqcontrol: PQAdvance factoryAdvanceGetPQEnable itemType=15 value=0 fromConfig=1
03-14 00:34:39.716  2361  2432 D tvpqcontrol: PQAdvance getPQFactoryExternIniConfig file_tag=PQ_ENABLE, key=PICTURE_PARAM_TSE_ENABLE, defaultValue=65535
03-14 00:34:39.716  2361  2432 D RefBase : RefBase: Explicit destruction, weak count = 0 (in 0xb4095e70)
03-14 00:34:39.716  2361  2432 W RefBase : CallStack::getCurrentInternal not linked, returning null
03-14 00:34:39.716  2361  2432 W RefBase : CallStack::logStackInternal not linked
03-14 00:34:39.716  2361  2432 W tvpqcontrol: PQAdvance factoryAdvanceSetCTI, nowSourceType=4 sourceType is invalid!
03-14 00:34:39.716  2361  2432 D tvpqcontrol: PQAdvance factoryAdvanceGetPQEnable itemType=15 value=0 fromConfig=1
03-14 00:34:39.717  2361  2432 D tvpqcontrol: PQAdvance getPQFactoryExternIniConfig file_tag=PQ_ENABLE, key=PICTURE_PARAM_TSE_ENABLE, defaultValue=65535
03-14 00:34:39.717  2361  2432 D RefBase : RefBase: Explicit destruction, weak count = 0 (in 0xb4095e70)
03-14 00:34:39.717  2361  2432 W RefBase : CallStack::getCurrentInternal not linked, returning null
03-14 00:34:39.717  2361  2432 W RefBase : CallStack::logStackInternal not linked
03-14 00:34:39.717  2361  2432 W tvpqcontrol: PQAdvance factoryAdvanceSetCTI, nowSourceType=4 sourceType is invalid!
03-14 00:34:39.717  2361  2432 D tvpqcontrol: PQAdvance factoryAdvanceGetPQEnable itemType=15 value=0 fromConfig=1
03-14 00:34:39.717  2361  2432 D tvpqcontrol: PQAdvance getPQFactoryExternIniConfig file_tag=PQ_ENABLE, key=PICTURE_PARAM_TSE_ENABLE, defaultValue=65535
03-14 00:34:39.717  2361  2432 D RefBase : RefBase: Explicit destruction, weak count = 0 (in 0xb4095e70)
03-14 00:34:39.717  2361  2432 W RefBase : CallStack::getCurrentInternal not linked, returning null
03-14 00:34:39.717  2361  2432 W RefBase : CallStack::logStackInternal not linked
03-14 00:34:39.717  2361  2432 W tvpqcontrol: PQAdvance factoryAdvanceSetCTI, nowSourceType=4 sourceType is invalid!
03-14 00:34:39.717  2361  2432 D tvpqcontrol: PQAdvance factoryAdvanceGetPQEnable itemType=15 value=0 fromConfig=1
03-14 00:34:39.717  2361  2432 D tvpqcontrol: PQAdvance getPQFactoryExternIniConfig file_tag=PQ_ENABLE, key=PICTURE_PARAM_TSE_ENABLE, defaultValue=65535
03-14 00:34:39.717  2361  2432 D RefBase : RefBase: Explicit destruction, weak count = 0 (in 0xb4095e70)
03-14 00:34:39.717  2361  2432 W RefBase : CallStack::getCurrentInternal not linked, returning null
03-14 00:34:39.717  2361  2432 W RefBase : CallStack::logStackInternal not linked
03-14 00:34:39.717  2361  2432 W tvpqcontrol: PQAdvance factoryAdvanceSetCTI, nowSourceType=4 sourceType is invalid!
03-14 00:34:39.717  2361  2432 D tvpqcontrol: PQAdvance factoryAdvanceGetPQEnable itemType=15 value=0 fromConfig=1
03-14 00:34:39.717  2361  2432 D tvpqcontrol: PQAdvance getPQFactoryExternIniConfig file_tag=PQ_ENABLE, key=PICTURE_PARAM_TSE_ENABLE, defaultValue=65535
03-14 00:34:39.717  2361  2432 D RefBase : RefBase: Explicit destruction, weak count = 0 (in 0xb4095e70)
03-14 00:34:39.717  2361  2432 W RefBase : CallStack::getCurrentInternal not linked, returning null
03-14 00:34:39.718  2361  2432 W RefBase : CallStack::logStackInternal not linked
03-14 00:34:39.718  2361  2432 W tvpqcontrol: PQAdvance factoryAdvanceSetCTI, nowSourceType=4 sourceType is invalid!
03-14 00:34:39.718  2361  2432 D tvpqcontrol: PQAdvance factoryAdvanceGetPQEnable itemType=15 value=0 fromConfig=1
03-14 00:34:39.718  2361  2432 D tvpqcontrol: PQAdvance getPQFactoryExternIniConfig file_tag=PQ_ENABLE, key=PICTURE_PARAM_TSE_ENABLE, defaultValue=65535
03-14 00:34:39.718  2361  2432 D RefBase : RefBase: Explicit destruction, weak count = 0 (in 0xb4095e70)
03-14 00:34:39.718  2361  2432 W RefBase : CallStack::getCurrentInternal not linked, returning null
03-14 00:34:39.718  2361  2432 W RefBase : CallStack::logStackInternal not linked
03-14 00:34:39.718  2361  2432 W tvpqcontrol: PQAdvance factoryAdvanceSetCTI, nowSourceType=4 sourceType is invalid!
03-14 00:34:39.718  2361  2432 D tvpqcontrol: PQAdvance factoryAdvanceGetPQEnable itemType=15 value=0 fromConfig=1
03-14 00:34:39.718  2361  2432 D tvpqcontrol: PQAdvance getPQFactoryExternIniConfig file_tag=PQ_ENABLE, key=PICTURE_PARAM_TSE_ENABLE, defaultValue=65535
03-14 00:34:39.718  2361  2432 D RefBase : RefBase: Explicit destruction, weak count = 0 (in 0xb4095e70)
03-14 00:34:39.718  2361  2432 W RefBase : CallStack::getCurrentInternal not linked, returning null
03-14 00:34:39.718  2361  2432 W RefBase : CallStack::logStackInternal not linked
03-14 00:34:39.718  2361  2432 W tvpqcontrol: PQAdvance factoryAdvanceSetCTI, nowSourceType=4 sourceType is invalid!
03-14 00:34:39.718  2361  2432 D tvpqcontrol: PQAdvance factoryAdvanceGetPQEnable itemType=15 value=0 fromConfig=1
03-14 00:34:39.718  2361  2432 D tvpqcontrol: PQAdvance getPQFactoryExternIniConfig file_tag=PQ_ENABLE, key=PICTURE_PARAM_TSE_ENABLE, defaultValue=65535
03-14 00:34:39.718  2361  2432 D RefBase : RefBase: Explicit destruction, weak count = 0 (in 0xb4095e70)
03-14 00:34:39.718  2361  2432 W RefBase : CallStack::getCurrentInternal not linked, returning null
03-14 00:34:39.718  2361  2432 W RefBase : CallStack::logStackInternal not linked
03-14 00:34:39.718  2361  2432 W tvpqcontrol: PQAdvance factoryAdvanceSetCTI, nowSourceType=4 sourceType is invalid!
03-14 00:34:39.718  2361  2432 D tvpqcontrol: PQAdvance factoryAdvanceGetPQEnable itemType=15 value=0 fromConfig=1
03-14 00:34:39.718  2361  2432 D tvpqcontrol: PQAdvance getPQFactoryExternIniConfig file_tag=PQ_ENABLE, key=PICTURE_PARAM_TSE_ENABLE, defaultValue=65535
03-14 00:34:39.719  2361  2432 D RefBase : RefBase: Explicit destruction, weak count = 0 (in 0xb4095e70)
03-14 00:34:39.719  2361  2432 W RefBase : CallStack::getCurrentInternal not linked, returning null
03-14 00:34:39.719  2361  2432 W RefBase : CallStack::logStackInternal not linked
03-14 00:34:39.719  2361  2432 W tvpqcontrol: PQAdvance factoryAdvanceSetCTI, nowSourceType=4 sourceType is invalid!
03-14 00:34:39.719  2361  2432 D tvpqcontrol: PQAdvance factoryAdvanceGetPQEnable itemType=15 value=0 fromConfig=1
03-14 00:34:39.719  2361  2432 D tvpqcontrol: PQAdvance getPQFactoryExternIniConfig file_tag=PQ_ENABLE, key=PICTURE_PARAM_TSE_ENABLE, defaultValue=65535
03-14 00:34:39.719  2361  2432 D RefBase : RefBase: Explicit destruction, weak count = 0 (in 0xb4095e70)
03-14 00:34:39.719  2361  2432 W RefBase : CallStack::getCurrentInternal not linked, returning null
03-14 00:34:39.719  2361  2432 W RefBase : CallStack::logStackInternal not linked
03-14 00:34:39.719  2361  2432 W tvpqcontrol: PQAdvance factoryAdvanceSetCTI, nowSourceType=4 sourceType is invalid!
03-14 00:34:39.719  2361  2432 D tvpqcontrol: PQAdvance factoryAdvanceGetPQEnable itemType=15 value=0 fromConfig=1
03-14 00:34:39.719  2361  2432 D tvpqcontrol: PQAdvance getPQFactoryExternIniConfig file_tag=PQ_ENABLE, key=PICTURE_PARAM_TSE_ENABLE, defaultValue=65535
03-14 00:34:39.719  2361  2432 D RefBase : RefBase: Explicit destruction, weak count = 0 (in 0xb4095e70)
03-14 00:34:39.719  2361  2432 W RefBase : CallStack::getCurrentInternal not linked, returning null
03-14 00:34:39.719  2361  2432 W RefBase : CallStack::logStackInternal not linked
03-14 00:34:39.719  2361  2432 W tvpqcontrol: PQAdvance factoryAdvanceSetCTI, nowSourceType=4 sourceType is invalid!
03-14 00:34:39.719  2361  2432 D tvpqcontrol: PQAdvance factoryAdvanceGetPQEnable itemType=15 value=0 fromConfig=1
03-14 00:34:39.719  2361  2432 D tvpqcontrol: PQAdvance getPQFactoryExternIniConfig file_tag=PQ_ENABLE, key=PICTURE_PARAM_TSE_ENABLE, defaultValue=65535
03-14 00:34:39.719  2361  2432 D RefBase : RefBase: Explicit destruction, weak count = 0 (in 0xb4095e70)
03-14 00:34:39.719  2361  2432 W RefBase : CallStack::getCurrentInternal not linked, returning null
03-14 00:34:39.719  2361  2432 W RefBase : CallStack::logStackInternal not linked
03-14 00:34:39.719  2361  2432 W tvpqcontrol: PQAdvance factoryAdvanceSetCTI, nowSourceType=4 sourceType is invalid!
