03-14 00:34:54.983  2774  3816 I ActivityTaskManager: START u0 {act=android.intent.action.MAIN cat=[android.intent.category.HOME] flg=0x10000100 cmp=android/com.android.internal.app.ResolverActivity} from uid 0
03-14 00:34:54.992  2774  3816 W ActivityTaskManager: Tried to set launchTime (0) < mLastActivityLaunchTime (33957)
03-14 00:34:55.020  3773  3773 D AW_code : mResolvingHome = true
03-14 00:34:55.067  2774  3163 I ActivityTaskManager: START u0 {act=android.intent.action.MAIN cat=[android.intent.category.HOME] flg=0x10000100 cmp=android/com.android.internal.app.ResolverActivity} from uid 0
03-14 00:34:55.075  2774  3163 W ActivityTaskManager: Tried to set launchTime (0) < mLastActivityLaunchTime (34048)
03-14 00:34:55.086  3820  3820 I ContactsPerf: VoicemailContentProvider.onCreate finish
03-14 00:34:55.091  2466  2484 D audio_hw_primary: adev_set_parameters, speaker_volume=15
03-14 00:34:55.091  2466  2484 D audio_hw_config: int save_path_volume(int, int):path=0 volume=15
03-14 00:34:55.098  3773  3773 D AW_code : mResolvingHome = true
03-14 00:34:55.108  3717  3717 D wpa_supplicant: EAPOL: disable timer tick
03-14 00:34:55.140  2774  2804 D CompatibilityChangeReporter: Compat change id reported: 135634846; UID 1000; state: DISABLED
03-14 00:34:55.141  2774  2804 W ActivityManager: Background start not allowed: service Intent { flg=0x10000000 cmp=com.ecloud.emedia/.DlnaServer } to com.ecloud.emedia/.DlnaServer from pid=2774 uid=1000 pkg=android startFg?=false
03-14 00:34:55.147  2774  3880 I ActivityTaskManager: START u0 {act=android.intent.action.MAIN cat=[android.intent.category.HOME] flg=0x10000100 cmp=android/com.android.internal.app.ResolverActivity} from uid 0
03-14 00:34:55.159  2774  3880 W ActivityTaskManager: Tried to set launchTime (0) < mLastActivityLaunchTime (34129)
03-14 00:34:55.160  2462  2462 D Zygote  : Forked child process 3889
03-14 00:34:55.166  2774  2814 I ActivityManager: app.processName = com.ecloud.eshare.server
03-14 00:34:55.166  2774  2814 I ActivityManager: Start proc 3889:com.ecloud.eshare.server/1000 for service {com.ecloud.eshare.server/com.ecloud.eshare.server.CifsServer}
03-14 00:34:55.166  3889  3889 I Zygote  : seccomp disabled by setenforce 0
03-14 00:34:55.181  3773  3773 D AW_code : mResolvingHome = true
03-14 00:34:55.189  3889  3889 I chatty  : uid=1000(system) com.ecloud.eshare.server identical 69 lines
03-14 00:34:55.189  2774  3880 D CountryDetector: The first listener is added
03-14 00:34:55.189  3820  3820 I ContactsDatabaseHelper: updateUseStrictPhoneNumberComparison: US
03-14 00:34:55.196  3820  3820 D ActivityThread: Loading provider contacts;com.android.contacts: com.android.providers.contacts.ContactsProvider2
03-14 00:34:55.197  2774  3708 V BackupManagerConstants: getKeyValueBackupIntervalMilliseconds(...) returns 14400000
03-14 00:34:55.199  2774  3708 V BackupManagerConstants: getKeyValueBackupFuzzMilliseconds(...) returns 600000
03-14 00:34:55.199  2774  3708 V BackupManagerConstants: getKeyValueBackupRequiredNetworkType(...) returns 1
03-14 00:34:55.199  2774  3708 V BackupManagerConstants: getKeyValueBackupRequireCharging(...) returns true
03-14 00:34:55.199  2774  3708 V KeyValueBackupJob: Scheduling k/v pass in 240 minutes
03-14 00:34:55.223  2774  2789 I ActivityTaskManager: START u0 {act=android.intent.action.MAIN cat=[android.intent.category.HOME] flg=0x10000100 cmp=android/com.android.internal.app.ResolverActivity} from uid 0
03-14 00:34:55.225  3820  3887 W TelecomManager: Telecom Service not found.
03-14 00:34:55.226  3820  3887 W TelecomManager: Telecom Service not found.
03-14 00:34:55.232  2774  2789 W ActivityTaskManager: Tried to set launchTime (0) < mLastActivityLaunchTime (34213)
03-14 00:34:55.252  3773  3773 D AW_code : mResolvingHome = true
03-14 00:34:55.288  2466  2484 D audio_hw_primary_thal: 000 Set_Volume index: 15, volumeDB: -119db, Success
03-14 00:34:55.292  2466  2466 D audio_hw_primary: adev_set_parameters, headphone_volume=10
03-14 00:34:55.293  2466  2466 D audio_hw_config: int save_path_volume(int, int):path=1 volume=10
03-14 00:34:55.299  2774  3815 I ActivityTaskManager: START u0 {act=android.intent.action.MAIN cat=[android.intent.category.HOME] flg=0x10000100 cmp=android/com.android.internal.app.ResolverActivity} from uid 0
03-14 00:34:55.309  2774  3815 W ActivityTaskManager: Tried to set launchTime (0) < mLastActivityLaunchTime (34286)
03-14 00:34:55.312  2466  2466 I jinju_HidrawThr: type=1400 audit(0.0:390): avc: denied { read } for name="/" dev="tmpfs" ino=9760 scontext=u:r:hal_audio_default:s0 tcontext=u:object_r:device:s0 tclass=dir permissive=1
03-14 00:34:55.312  2466  2466 I jinju_HidrawThr: type=1400 audit(0.0:391): avc: denied { open } for path="/dev" dev="tmpfs" ino=9760 scontext=u:r:hal_audio_default:s0 tcontext=u:object_r:device:s0 tclass=dir permissive=1
03-14 00:34:55.328  3773  3773 D AW_code : mResolvingHome = true
03-14 00:34:55.364  2774  2788 I ActivityTaskManager: START u0 {act=android.intent.action.MAIN cat=[android.intent.category.HOME] flg=0x10000100 cmp=android/com.android.internal.app.ResolverActivity} from uid 0
03-14 00:34:55.376  2774  2788 W ActivityTaskManager: Tried to set launchTime (0) < mLastActivityLaunchTime (34364)
03-14 00:34:55.382  3270  3882 I vol.Events: writeEvent level_changed STREAM_VOICE_CALL 16
03-14 00:34:55.382  3270  3882 I vol.Events: writeEvent level_changed STREAM_VOICE_CALL 11
03-14 00:34:55.383  3270  3882 I vol.Events: writeEvent level_changed STREAM_VOICE_CALL 16
03-14 00:34:55.394  3773  3773 D AW_code : mResolvingHome = true
03-14 00:34:55.403  3270  3882 I vol.Events: writeEvent level_changed STREAM_SYSTEM 15
03-14 00:34:55.403  3270  3882 I vol.Events: writeEvent level_changed STREAM_SYSTEM 10
03-14 00:34:55.403  3270  3882 I vol.Events: writeEvent level_changed STREAM_SYSTEM 15
03-14 00:34:55.424  3354  3788 I LatinIME:LogUtils: Dictionary info: dictionary = contacts.en_US ; version = 1773428695 ; date = ?
03-14 00:34:55.425  2774  2789 I chatty  : uid=1000(system) Binder:2774_2 expire 2 lines
03-14 00:34:55.427  2466  2466 D audio_hw_primary: adev_set_parameters, speaker_volume=15
03-14 00:34:55.427  2466  2466 D audio_hw_config: int save_path_volume(int, int):path=0 volume=15
03-14 00:34:55.432  3270  3882 I vol.Events: writeEvent level_changed STREAM_RING 15
03-14 00:34:55.433  3270  3882 I vol.Events: writeEvent level_changed STREAM_RING 10
03-14 00:34:55.434  3270  3882 I vol.Events: writeEvent level_changed STREAM_RING 15
03-14 00:34:55.436  2774  2788 I ActivityTaskManager: START u0 {act=android.intent.action.MAIN cat=[android.intent.category.HOME] flg=0x10000100 cmp=android/com.android.internal.app.ResolverActivity} from uid 0
03-14 00:34:55.443  2774  2788 W ActivityTaskManager: Tried to set launchTime (0) < mLastActivityLaunchTime (34432)
03-14 00:34:55.459  3773  3773 D AW_code : mResolvingHome = true
03-14 00:34:55.468  2466  2466 D audio_hw_primary_thal: 000 Set_Volume index: 15, volumeDB: -119db, Success
03-14 00:34:55.472  3820  3911 D ContactsDatabaseHelper: WAL enabled for contacts2.db: false
03-14 00:34:55.474  2466  2484 D audio_hw_primary: adev_set_parameters, headphone_volume=10
03-14 00:34:55.474  2466  2484 D audio_hw_config: int save_path_volume(int, int):path=1 volume=10
03-14 00:34:55.490  3270  3270 D SystemUIService: running: com.android.systemui.volume.VolumeUI@8d28b24
03-14 00:34:55.496  3270  3270 D SystemUIService: loading: com.android.systemui.stackdivider.Divider
03-14 00:34:55.504  2774  2788 I ActivityTaskManager: START u0 {act=android.intent.action.MAIN cat=[android.intent.category.HOME] flg=0x10000100 cmp=android/com.android.internal.app.ResolverActivity} from uid 0
03-14 00:34:55.516  2774  2788 W ActivityTaskManager: Tried to set launchTime (0) < mLastActivityLaunchTime (34496)
03-14 00:34:55.519  2706  2706 D BootAnimation: BootAnimationStopTiming start time: 34570ms
03-14 00:34:55.531  2501  2501 I chatty  : uid=1000(system) /system/bin/surfaceflinger expire 4 lines
03-14 00:34:55.552  3270  3270 D SystemUIService: running: com.android.systemui.stackdivider.Divider@2a2f853
03-14 00:34:55.553  3773  3773 D AW_code : mResolvingHome = true
03-14 00:34:55.559  3270  3270 D SystemUIService: loading: com.android.systemui.statusbar.tv.TvStatusBar
03-14 00:34:55.562  3270  3270 D SystemUIService: running: com.android.systemui.statusbar.tv.TvStatusBar@c9bde89
03-14 00:34:55.570  2774  3880 I StatusBarManagerService: registerStatusBar bar=com.android.internal.statusbar.IStatusBar$Stub$Proxy@b53239c
03-14 00:34:55.571  3270  3270 D SystemUIService: loading: com.android.systemui.usb.StorageNotification
03-14 00:34:55.572  3270  3270 D SystemUIService: running: com.android.systemui.usb.StorageNotification@85ac6af
03-14 00:34:55.577  3270  3270 D StorageNotification: Notifying about private volume: VolumeInfo{private}:
03-14 00:34:55.577  3270  3270 D StorageNotification:     type=PRIVATE diskId=null partGuid=null mountFlags=0 mountUserId=-10000 
03-14 00:34:55.577  3270  3270 D StorageNotification:     state=MOUNTED 
03-14 00:34:55.577  3270  3270 D StorageNotification:     fsType=null fsUuid=null fsLabel=null 
03-14 00:34:55.577  3270  3270 D StorageNotification:     path=/data internalPath=null 
03-14 00:34:55.581  3270  3270 D SystemUIService: loading: com.android.systemui.power.PowerUI
03-14 00:34:55.582  3270  3270 D SystemUIService: running: com.android.systemui.power.PowerUI@c8e259a
03-14 00:34:55.601  2774  3880 I ActivityTaskManager: START u0 {act=android.intent.action.MAIN cat=[android.intent.category.HOME] flg=0x10000100 cmp=android/com.android.internal.app.ResolverActivity} from uid 0
03-14 00:34:55.620  2774  3880 W ActivityTaskManager: Tried to set launchTime (0) < mLastActivityLaunchTime (34570)
03-14 00:34:55.648  3773  3773 D AW_code : mResolvingHome = true
03-14 00:34:55.661  2774  2805 E BluetoothManagerService: MESSAGE_TIMEOUT_BIND
03-14 00:34:55.667  3270  3270 D SystemUIService: loading: com.android.systemui.media.RingtonePlayer
03-14 00:34:55.670  3270  3270 D SystemUIService: running: com.android.systemui.media.RingtonePlayer@59cd73e
03-14 00:34:55.672  3270  3270 D SystemUIService: loading: com.android.systemui.keyboard.KeyboardUI
03-14 00:34:55.672  3270  3270 D SystemUIService: running: com.android.systemui.keyboard.KeyboardUI@be7aaec
03-14 00:34:55.675  3270  3270 D SystemUIService: loading: com.android.systemui.pip.PipUI
03-14 00:34:55.689  2774  2789 I ActivityTaskManager: START u0 {act=android.intent.action.MAIN cat=[android.intent.category.HOME] flg=0x10000100 cmp=android/com.android.internal.app.ResolverActivity} from uid 0
03-14 00:34:55.699  2774  2789 W ActivityTaskManager: Tried to set launchTime (0) < mLastActivityLaunchTime (34674)
03-14 00:34:55.723  3773  3773 D AW_code : mResolvingHome = true
03-14 00:34:55.756     1     1 I init    : type=1400 audit(0.0:393): avc: denied { setattr } for name="setting.xml" dev="mmcblk0p23" ino=1048658 scontext=u:r:init:s0 tcontext=u:object_r:oemfs:s0 tclass=file permissive=1
03-14 00:34:55.760     1     1 I init    : type=1400 audit(0.0:394): avc: denied { setattr } for name="com.ecloud.eshare.server" dev="mmcblk0p26" ino=759 scontext=u:r:init:s0 tcontext=u:object_r:system_app_data_file:s0 tclass=dir permissive=1
03-14 00:34:55.765  3354  3393 I putmethod.lati: Waiting for a blocking GC ProfileSaver
03-14 00:34:55.768  3270  3270 E PipManager: Failed to register pinned stack listener
03-14 00:34:55.768  3270  3270 E PipManager: java.lang.UnsupportedOperationException: Picture in picture is not supported on this device
03-14 00:34:55.768  3270  3270 E PipManager: 	at android.os.Parcel.createExceptionOrNull(Parcel.java:2398)
03-14 00:34:55.768  3270  3270 E PipManager: 	at android.os.Parcel.createException(Parcel.java:2370)
03-14 00:34:55.768  3270  3270 E PipManager: 	at android.os.Parcel.readException(Parcel.java:2353)
03-14 00:34:55.768  3270  3270 E PipManager: 	at android.os.Parcel.readException(Parcel.java:2295)
03-14 00:34:55.768  3270  3270 E PipManager: 	at android.window.ITaskOrganizerController$Stub$Proxy.registerTaskOrganizer(ITaskOrganizerController.java:323)
03-14 00:34:55.768  3270  3270 E PipManager: 	at android.window.TaskOrganizer.registerOrganizer(TaskOrganizer.java:46)
03-14 00:34:55.768  3270  3270 E PipManager: 	at com.android.systemui.pip.tv.PipManager.<init>(PipManager.java:304)
03-14 00:34:55.768  3270  3270 E PipManager: 	at com.android.systemui.pip.tv.PipManager_Factory.provideInstance(PipManager_Factory.java:68)
03-14 00:34:55.768  3270  3270 E PipManager: 	at com.android.systemui.pip.tv.PipManager_Factory.get(PipManager_Factory.java:46)
03-14 00:34:55.768  3270  3270 E PipManager: 	at com.android.systemui.pip.tv.PipManager_Factory.get(PipManager_Factory.java:13)
03-14 00:34:55.768  3270  3270 E PipManager: 	at dagger.internal.DoubleCheck.get(DoubleCheck.java:47)
03-14 00:34:55.768  3270  3270 E PipManager: 	at com.android.systemui.pip.PipUI_Factory.provideInstance(PipUI_Factory.java:37)
03-14 00:34:55.768  3270  3270 E PipManager: 	at com.android.systemui.pip.PipUI_Factory.get(PipUI_Factory.java:30)
03-14 00:34:55.768  3270  3270 E PipManager: 	at com.android.systemui.pip.PipUI_Factory.get(PipUI_Factory.java:9)
03-14 00:34:55.768  3270  3270 E PipManager: 	at dagger.internal.DoubleCheck.get(DoubleCheck.java:47)
03-14 00:34:55.768  3270  3270 E PipManager: 	at com.android.systemui.dagger.ContextComponentResolver.resolve(ContextComponentResolver.java:100)
03-14 00:34:55.768  3270  3270 E PipManager: 	at com.android.systemui.dagger.ContextComponentResolver.resolveSystemUI(ContextComponentResolver.java:93)
03-14 00:34:55.768  3270  3270 E PipManager: 	at com.android.systemui.SystemUIApplication.startServicesIfNeeded(SystemUIApplication.java:311)
03-14 00:34:55.768  3270  3270 E PipManager: 	at com.android.systemui.SystemUIApplication.startServicesIfNeeded(SystemUIApplication.java:252)
03-14 00:34:55.768  3270  3270 E PipManager: 	at com.android.systemui.SystemUIService.onCreate(SystemUIService.java:66)
03-14 00:34:55.768  3270  3270 E PipManager: 	at android.app.ActivityThread.handleCreateService(ActivityThread.java:4218)
03-14 00:34:55.768  3270  3270 E PipManager: 	at android.app.ActivityThread.access$1500(ActivityThread.java:237)
03-14 00:34:55.768  3270  3270 E PipManager: 	at android.app.ActivityThread$H.handleMessage(ActivityThread.java:1949)
03-14 00:34:55.768  3270  3270 E PipManager: 	at android.os.Handler.dispatchMessage(Handler.java:106)
03-14 00:34:55.768  3270  3270 E PipManager: 	at android.os.Looper.loop(Looper.java:223)
03-14 00:34:55.768  3270  3270 E PipManager: 	at android.app.ActivityThread.main(ActivityThread.java:7695)
03-14 00:34:55.768  3270  3270 E PipManager: 	at java.lang.reflect.Method.invoke(Native Method)
03-14 00:34:55.768  3270  3270 E PipManager: 	at com.android.internal.os.RuntimeInit$MethodAndArgsCaller.run(RuntimeInit.java:592)
03-14 00:34:55.768  3270  3270 E PipManager: 	at com.android.internal.os.ZygoteInit.main(ZygoteInit.java:1099)
03-14 00:34:55.768  3270  3270 E PipManager: Caused by: android.os.RemoteException: Remote stack trace:
03-14 00:34:55.768  3270  3270 E PipManager: 	at com.android.server.wm.TaskOrganizerController.registerTaskOrganizer(TaskOrganizerController.java:298)
03-14 00:34:55.768  3270  3270 E PipManager: 	at android.window.ITaskOrganizerController$Stub.onTransact(ITaskOrganizerController.java:166)
03-14 00:34:55.768  3270  3270 E PipManager: 	at android.os.Binder.execTransactInternal(Binder.java:1154)
03-14 00:34:55.768  3270  3270 E PipManager: 	at android.os.Binder.execTransact(Binder.java:1123)
03-14 00:34:55.768  3270  3270 E PipManager: 
03-14 00:34:55.771  3270  3270 D SystemUIService: running: com.android.systemui.pip.PipUI@d7a3d97
03-14 00:34:55.772  3270  3270 D SystemUIService: loading: com.android.systemui.shortcut.ShortcutKeyDispatcher
03-14 00:34:55.785  2774  2789 I ActivityTaskManager: START u0 {act=android.intent.action.MAIN cat=[android.intent.category.HOME] flg=0x10000100 cmp=android/com.android.internal.app.ResolverActivity} from uid 0
03-14 00:34:55.810  3270  3270 D SystemUIService: running: com.android.systemui.shortcut.ShortcutKeyDispatcher@e14bbf0
03-14 00:34:55.813  2774  3683 W StorageManagerService: Reporting emulated;0 unmounted due to system locked
03-14 00:34:55.821  3270  3270 D SystemUIService: loading: com.android.systemui.VendorServices
03-14 00:34:55.821  3270  3270 D SystemUIService: running: com.android.systemui.VendorServices@6a1a71c
03-14 00:34:55.822  3270  3270 D WirelessReset: Register WirelessReset UEVENT
03-14 00:34:55.822  3270  3270 D SystemUIService: loading: com.android.systemui.SliceBroadcastRelayHandler
03-14 00:34:55.825  3354  3393 I putmethod.lati: WaitForGcToComplete blocked ProfileSaver on ClassLinker for 60.317ms
03-14 00:34:55.835  3270  3270 D SystemUIService: running: com.android.systemui.SliceBroadcastRelayHandler@f66df25
03-14 00:34:55.835  3270  3270 D SystemUIService: loading: com.android.systemui.SizeCompatModeActivityController
03-14 00:34:55.836  3270  3270 D SystemUIService: running: com.android.systemui.SizeCompatModeActivityController@5cb48a1
03-14 00:34:55.836  3270  3270 D SystemUIService: loading: com.android.systemui.statusbar.notification.InstantAppNotifier
03-14 00:34:55.842  2774  2789 W ActivityTaskManager: Tried to set launchTime (0) < mLastActivityLaunchTime (34753)
03-14 00:34:55.845  3270  3270 D SystemUIService: running: com.android.systemui.statusbar.notification.InstantAppNotifier@5352ac6
03-14 00:34:55.846  2774  2774 W Looper  : Slow dispatch took 831ms main h=android.app.ActivityThread$H c=android.app.-$$Lambda$LoadedApk$ReceiverDispatcher$Args$_BumDX2UKsnxLVrE6UJsJZkotuA@8450171 m=0
03-14 00:34:55.856  2466  2484 D audio_hw_primary: adev_set_parameters, speaker_volume=15
03-14 00:34:55.856  2466  2484 D audio_hw_config: int save_path_volume(int, int):path=0 volume=15
03-14 00:34:55.861  3773  3773 D AW_code : mResolvingHome = true
03-14 00:34:55.864  2774  2774 I ActivityManager: PendingStartActivityUids startActivity to updateOomAdj delay:1410ms, uid:1000
03-14 00:34:55.866  3270  3270 D SystemUIService: loading: com.android.systemui.toast.ToastUI
03-14 00:34:55.867  3270  3270 D SystemUIService: running: com.android.systemui.toast.ToastUI@5cfba87
03-14 00:34:55.876  2466  2484 D audio_hw_primary_thal: 000 Set_Volume index: 15, volumeDB: -119db, Success
03-14 00:34:55.876  2487  2487 I chatty  : uid=1000(system) input@1.0-servi expire 14 lines
03-14 00:34:55.879  2774  2806 D ColorDisplayService: NightDisplayTintController Animation cancelled: false to matrix: 
03-14 00:34:55.879  2774  2806 D ColorDisplayService:        1.000000 0.000000 0.000000 0.000000 0.000000 1.000000 0.000000 0.000000 0.000000 0.000000 1.000000 0.000000 0.000000 0.000000 0.000000 1.000000 min matrix coefficients: 
03-14 00:34:55.879  2774  2806 D ColorDisplayService:        1.000000 0.000000 0.000000 0.000000 0.000000 1.000000 0.000000 0.000000 0.000000 0.000000 1.000000 0.000000 0.000000 0.000000 0.000000 1.000000 max matrix coefficients: 
03-14 00:34:55.879  2774  2806 D ColorDisplayService:        1.000000 0.000000 0.000000 0.000000 0.000000 1.000000 0.000000 0.000000 0.000000 0.000000 1.000000 0.000000 0.000000 0.000000 0.000000 1.000000
03-14 00:34:55.883  3270  3270 W KeyguardUpdateMonitor: invalid subId in handleServiceStateChange()
03-14 00:34:55.889  2774  2774 D BluetoothManagerService: BluetoothServiceConnection: com.android.bluetooth.btservice.AdapterService
03-14 00:34:55.889  2774  2805 D BluetoothManagerService: MESSAGE_BLUETOOTH_SERVICE_CONNECTED: 1
03-14 00:34:55.891  2774  2805 D BluetoothManagerService: Broadcasting onBluetoothServiceUp() to 2 receivers.
03-14 00:34:55.892  2774  2805 I chatty  : uid=1000(system) android.io expire 3 lines
03-14 00:34:55.892  3270  3270 I PowerUI.Notification: Received keystone.set.floatview
03-14 00:34:55.892  3270  3270 D PowerUI.Notification: ======createFloatView
03-14 00:34:55.895  3040  3056 D BluetoothAdapterService: enable() - Enable called with quiet mode status =  false
03-14 00:34:55.896  3040  3058 D BluetoothAdapter: onBluetoothServiceUp: com.android.bluetooth.btservice.AdapterService$AdapterServiceBinder@63e6c30
03-14 00:34:55.896  3040  3138 I AdapterState: BLE_TURNING_ON : entered 
03-14 00:34:55.896  3040  3138 D AdapterProperties: Setting state to BLE_TURNING_ON
03-14 00:34:55.898  3040  3138 D BluetoothAdapterService: updateAdapterState() - Broadcasting state BLE_TURNING_ON to 1 receivers.
03-14 00:34:55.898  2774  2774 D ConditionProviders.SCP: onSubscribe condition://android/schedule?days=1.2.3.4.5.6.7&start=22.0&end=7.0&exitAtAlarm=true
03-14 00:34:55.898  2774  2805 D BluetoothManagerService: MESSAGE_BLUETOOTH_STATE_CHANGE: OFF > BLE_TURNING_ON
03-14 00:34:55.899  2774  2805 D BluetoothManagerService: Sending BLE State Change: OFF > BLE_TURNING_ON
03-14 00:34:55.900  3249  3249 W ContextImpl: Calling a method in the system process without a qualified user: android.app.ContextImpl.startService:1669 android.content.ContextWrapper.startService:720 android.content.ContextWrapper.startService:720 com.android.tv.settings.users.UserSwitchListenerService$BootReceiver.onReceive:50 android.app.ActivityThread.handleReceiver:4058 
03-14 00:34:55.901  2774  2774 D ConditionProviders.SCP: setRegistered true
03-14 00:34:55.905  2466  2484 D audio_hw_primary: adev_set_parameters, headphone_volume=10
03-14 00:34:55.905  2466  2484 D audio_hw_config: int save_path_volume(int, int):path=1 volume=10
03-14 00:34:55.924  2774  2789 I ActivityTaskManager: START u0 {act=android.intent.action.MAIN cat=[android.intent.category.HOME] flg=0x10000100 cmp=android/com.android.internal.app.ResolverActivity} from uid 0
03-14 00:34:55.928  2774  2774 D ConditionProviders.SCP: evaluateSubscriptionLocked cal=ScheduleCalendar[mDays={1, 2, 3, 4, 5, 6, 7}, mSchedule=ScheduleInfo{days=[1, 2, 3, 4, 5, 6, 7], startHour=22, startMinute=0, endHour=7, endMinute=0, exitAtAlarm=true, nextAlarm=Thu Jan 01 05:30:00 GMT+05:30 1970 (0)}], now=Sat Mar 14 00:34:55 GMT+05:30 2026 (1773428695900), nextUserAlarmTime=Thu Jan 01 05:30:00 GMT+05:30 1970 (0)
03-14 00:34:55.928  2774  2774 D ConditionProviders.SCP: notifyCondition condition://android/schedule?days=1.2.3.4.5.6.7&start=22.0&end=7.0&exitAtAlarm=true STATE_TRUE reason=meetsSchedule
03-14 00:34:55.933  2774  2774 D ConditionProviders.SCP: Scheduling evaluate for Sat Mar 14 07:00:00 GMT+05:30 2026 (1773451800000), in +6h25m4s100ms, now=Sat Mar 14 00:34:55 GMT+05:30 2026 (1773428695900)
03-14 00:34:55.934  3040  3138 D BluetoothAdapterService: bleOnProcessStart()
03-14 00:34:55.935  3040  3138 I AdapterProperties: init(), maxConnectedAudioDevices, default=5, propertyOverlayed=5, finalValue=5
03-14 00:34:55.938  3129  3129 D CvbsInputService: onHardwareAdded hardwareInfo = TvInputHardwareInfo {id=1, type=9, audio_type=0, audio_addr=null, hdmi_port=1, cable_connection_status=0}
03-14 00:34:55.945  2774  2789 W ActivityTaskManager: Tried to set launchTime (0) < mLastActivityLaunchTime (34897)
03-14 00:34:55.945  3129  3129 D CvbsInputService: need pkgName = com.softwinner.vis
03-14 00:34:55.945  3129  3129 D CvbsInputService: need serviceName = com.softwinner.vis.CvbsInputService
03-14 00:34:55.946  3129  3129 D CvbsInputService: info = ResolveInfo{ad97991 com.softwinner.vis/.HdmiInputService m=0x108000}
03-14 00:34:55.951  3040  3138 D BluetoothAdapterService: bleOnProcessStart() - Make Bond State Machine
03-14 00:34:55.952  3040  3138 D BluetoothBondStateMachine: make
03-14 00:34:55.955  3129  3129 D CvbsInputService: pkgName = com.softwinner.vis
03-14 00:34:55.955  3129  3129 D CvbsInputService: servName = com.softwinner.vis.HdmiInputService
03-14 00:34:55.955  3129  3129 D CvbsInputService: info = ResolveInfo{8c920f6 com.softwinner.vis/.CvbsInputService m=0x108000}
03-14 00:34:55.955  3129  3129 D CvbsInputService: pkgName = com.softwinner.vis
03-14 00:34:55.955  3129  3129 D CvbsInputService: servName = com.softwinner.vis.CvbsInputService
03-14 00:34:55.955  3129  3129 D CvbsInputService: found resolve
03-14 00:34:55.955  3129  3129 D CvbsInputService: add device is null
03-14 00:34:55.956  3129  3129 D CvbsInputService: onHardwareAdded hardwareInfo = TvInputHardwareInfo {id=2, type=9, audio_type=0, audio_addr=null, hdmi_port=2, cable_connection_status=0}
03-14 00:34:55.966  2774  3163 D CompatibilityChangeReporter: Compat change id reported: 135634846; UID 1000; state: DISABLED
03-14 00:34:55.971  2774  2911 E ActivityThread: Failed to find provider info for com.android.calendar
03-14 00:34:55.977  3129  3129 D CvbsInputService: need pkgName = com.softwinner.vis
03-14 00:34:55.977  3129  3129 D CvbsInputService: need serviceName = com.softwinner.vis.CvbsInputService
03-14 00:34:55.977  3129  3129 D CvbsInputService: info = ResolveInfo{9f22cf7 com.softwinner.vis/.HdmiInputService m=0x108000}
03-14 00:34:55.977  3129  3129 D CvbsInputService: pkgName = com.softwinner.vis
03-14 00:34:55.977  3129  3129 D CvbsInputService: servName = com.softwinner.vis.HdmiInputService
03-14 00:34:55.977  3129  3129 D CvbsInputService: info = ResolveInfo{3da9764 com.softwinner.vis/.CvbsInputService m=0x108000}
03-14 00:34:55.977  3129  3129 D CvbsInputService: pkgName = com.softwinner.vis
03-14 00:34:55.977  3129  3129 D CvbsInputService: servName = com.softwinner.vis.CvbsInputService
03-14 00:34:55.977  3129  3129 D CvbsInputService: found resolve
03-14 00:34:55.977  3129  3129 D CvbsInputService: add device is null
03-14 00:34:55.978  3129  3129 D CvbsInputService: onHardwareAdded hardwareInfo = TvInputHardwareInfo {id=3, type=9, audio_type=0, audio_addr=null, hdmi_port=3, cable_connection_status=0}
03-14 00:34:55.979  3773  3773 D AW_code : mResolvingHome = true
03-14 00:34:55.985  3129  3129 D CvbsInputService: need pkgName = com.softwinner.vis
03-14 00:34:55.985  3129  3129 D CvbsInputService: need serviceName = com.softwinner.vis.CvbsInputService
03-14 00:34:55.985  3129  3129 D CvbsInputService: info = ResolveInfo{98b1dcd com.softwinner.vis/.HdmiInputService m=0x108000}
03-14 00:34:55.985  3129  3129 D CvbsInputService: pkgName = com.softwinner.vis
03-14 00:34:55.985  3129  3129 D CvbsInputService: servName = com.softwinner.vis.HdmiInputService
03-14 00:34:55.985  3129  3129 D CvbsInputService: info = ResolveInfo{cde5682 com.softwinner.vis/.CvbsInputService m=0x108000}
03-14 00:34:55.985  3129  3129 D CvbsInputService: pkgName = com.softwinner.vis
03-14 00:34:55.985  3129  3129 D CvbsInputService: servName = com.softwinner.vis.CvbsInputService
03-14 00:34:55.985  3129  3129 D CvbsInputService: found resolve
03-14 00:34:55.985  3129  3129 D CvbsInputService: add device is null
03-14 00:34:55.986  3129  3129 D CvbsInputService: onHardwareAdded hardwareInfo = TvInputHardwareInfo {id=4, type=3, audio_type=0, audio_addr=null, cable_connection_status=0}
03-14 00:34:55.988  3129  3129 D CvbsInputService: need pkgName = com.softwinner.vis
03-14 00:34:55.988  3129  3129 D CvbsInputService: need serviceName = com.softwinner.vis.CvbsInputService
03-14 00:34:55.988  3129  3129 D CvbsInputService: info = ResolveInfo{392a193 com.softwinner.vis/.HdmiInputService m=0x108000}
03-14 00:34:55.988  3129  3129 D CvbsInputService: pkgName = com.softwinner.vis
03-14 00:34:55.988  3129  3129 D CvbsInputService: servName = com.softwinner.vis.HdmiInputService
03-14 00:34:55.988  3129  3129 D CvbsInputService: info = ResolveInfo{d5bc5d0 com.softwinner.vis/.CvbsInputService m=0x108000}
03-14 00:34:55.988  3129  3129 D CvbsInputService: pkgName = com.softwinner.vis
03-14 00:34:55.988  3129  3129 D CvbsInputService: servName = com.softwinner.vis.CvbsInputService
03-14 00:34:55.988  3129  3129 D CvbsInputService: found resolve
03-14 00:34:55.989  3040  3936 I BluetoothBondStateMachine: StableState(): Entering Off State
03-14 00:34:56.011  3129  3129 D CvbsInputService: found cvbs
03-14 00:34:56.011  3129  3129 D CvbsInputService: service is ResolveInfo{d5bc5d0 com.softwinner.vis/.CvbsInputService m=0x108000}
03-14 00:34:56.016  3129  3129 D CvbsInputService: hwinfo = TvInputHardwareInfo {id=4, type=3, audio_type=0, audio_addr=null, cable_connection_status=0}
03-14 00:34:56.020  2774  2911 E ActivityThread: Failed to find provider info for com.android.calendar
03-14 00:34:56.025  2774  3880 I ActivityTaskManager: START u0 {act=android.intent.action.MAIN cat=[android.intent.category.HOME] flg=0x10000100 cmp=android/com.android.internal.app.ResolverActivity} from uid 0
03-14 00:34:56.034  2774  3880 W ActivityTaskManager: Tried to set launchTime (0) < mLastActivityLaunchTime (34999)
03-14 00:34:56.049  2774  2774 I NotificationHistory: Attempted to unlock gone/disabled user 0
03-14 00:34:56.050  2774  2774 I ExplicitHealthCheckController: Explicit health check service is connected ComponentInfo{android.ext.services/android.ext.services.watchdog.ExplicitHealthCheckServiceImpl}
03-14 00:34:56.051  2774  2774 I ExplicitHealthCheckController: Service initialized, syncing requests
03-14 00:34:56.065  3773  3773 D AW_code : mResolvingHome = true
03-14 00:34:56.076  3270  3882 I vol.Events: writeEvent level_changed STREAM_MUSIC 15
03-14 00:34:56.082  3270  3882 I vol.Events: writeEvent level_changed STREAM_ALARM 16
03-14 00:34:56.083  2774  3163 D CompatibilityChangeReporter: Compat change id reported: 135634846; UID 10010; state: DISABLED
03-14 00:34:56.095  3270  3882 I vol.Events: writeEvent level_changed STREAM_BLUETOOTH_SCO 10
03-14 00:34:56.096  2462  2462 D Zygote  : Forked child process 3948
03-14 00:34:56.097  2477  3342 I chatty  : uid=1000(system) HwBinder:2477_3 expire 11 lines
03-14 00:34:56.101  3270  3931 I Gralloc4: mapper 4.x is not supported
03-14 00:34:56.103  3270  3931 W Gralloc3: mapper 3.x is not supported
03-14 00:34:56.105  2774  2774 V NotificationAssistants: enabling notification assistant for 0: ComponentInfo{android.ext.services/android.ext.services.notification.Assistant}
03-14 00:34:56.105  2774  2774 V NotificationAssistants: Not registering ComponentInfo{android.ext.services/android.ext.services.notification.Assistant} is already bound
03-14 00:34:56.112  3270  3931 E gralloc : Arm Module v1.0
03-14 00:34:56.114  3270  3931 E ion     : ioctl c0044901 failed with code -1: Inappropriate ioctl for device
03-14 00:34:56.120  2774  2814 W ActivityManager: Slow operation: 155ms so far, now at startProcess: returned from zygote!
03-14 00:34:56.121  3948  3948 I Zygote  : seccomp disabled by setenforce 0
03-14 00:34:56.131  2774  3880 D CompatibilityChangeReporter: Compat change id reported: 135634846; UID 10024; state: DISABLED
03-14 00:34:56.132  2774  2814 W ActivityManager: Slow operation: 167ms so far, now at startProcess: done updating battery stats
03-14 00:34:56.132  2774  2814 W ActivityManager: Slow operation: 167ms so far, now at startProcess: building log message
03-14 00:34:56.132  2774  2814 I ActivityManager: app.processName = com.allshare.edisplay.idisp
03-14 00:34:56.132  2774  2814 I ActivityManager: Start proc 3948:com.allshare.edisplay.idisp/1000 for broadcast {com.allshare.edisplay.idisp/com.eshare.linedisplay.receiver.BootReceiver}
03-14 00:34:56.132  2774  2814 W ActivityManager: Slow operation: 167ms so far, now at startProcess: starting to update pids map
03-14 00:34:56.133  2774  2814 W ActivityManager: Slow operation: 168ms so far, now at startProcess: done updating pids map
03-14 00:34:56.133  2774  2814 W ActivityManager: Slow operation: 51ms so far, now at startProcess: asking zygote to start proc
03-14 00:34:56.133  2774  2814 D CompatibilityChangeReporter: Compat change id reported: 143937733; UID 10010; state: ENABLED
03-14 00:34:56.146  3270  3270 I PowerUI.Notification: Received keystone.set.floatview
03-14 00:34:56.147  3948  3948 I chatty  : uid=1000(system) com.allshare.edisplay.idisp identical 81 lines
03-14 00:34:56.152  3040  3052 I droid.bluetoot: Background young concurrent copying GC freed 18003(1303KB) AllocSpace objects, 6(120KB) LOS objects, 38% free, 2578KB/4186KB, paused 48.612ms total 199.120ms
03-14 00:34:56.163  3270  3882 I vol.Events: writeEvent external_ringer_mode_changed normal
03-14 00:34:56.163  3270  3882 I vol.Events: writeEvent zen_mode_config_changed [disallowAlarms=false disallowMedia=false disallowSystem=true disallowRinger=false]
03-14 00:34:56.165  3270  3882 I vol.Events: writeEvent level_changed STREAM_ALARM 11
03-14 00:34:56.166  3270  3882 I vol.Events: writeEvent level_changed STREAM_ALARM 16
03-14 00:34:56.167  3270  3882 I vol.Events: writeEvent internal_ringer_mode_changed normal
03-14 00:34:56.175  2462  2462 D Zygote  : Forked child process 3966
03-14 00:34:56.178  2774  2814 W ActivityManager: Slow operation: 96ms so far, now at startProcess: returned from zygote!
03-14 00:34:56.179  2774  2814 W ActivityManager: Slow operation: 96ms so far, now at startProcess: done updating battery stats
03-14 00:34:56.180  2774  2814 W ActivityManager: Slow operation: 98ms so far, now at startProcess: building log message
03-14 00:34:56.180  2774  2788 I ActivityTaskManager: START u0 {act=android.intent.action.MAIN cat=[android.intent.category.HOME] flg=0x10000100 cmp=android/com.android.internal.app.ResolverActivity} from uid 0
03-14 00:34:56.180  2774  2814 I ActivityManager: app.processName = com.android.providers.tv
03-14 00:34:56.180  2774  2814 I ActivityManager: Start proc 3966:com.android.providers.tv/u0a10 for content provider {com.android.providers.tv/com.android.providers.tv.TvProvider}
03-14 00:34:56.180  2774  2814 W ActivityManager: Slow operation: 98ms so far, now at startProcess: starting to update pids map
03-14 00:34:56.191  2774  2937 W HDMI    : [1]:Failed to send a polling message(0->13) with return code 3
03-14 00:34:56.195  2774  2788 W ActivityTaskManager: Tried to set launchTime (0) < mLastActivityLaunchTime (35088)
03-14 00:34:56.198  3966  3966 I Zygote  : seccomp disabled by setenforce 0
03-14 00:34:56.215  2774  2814 W ActivityManager: Slow operation: 133ms so far, now at startProcess: done updating pids map
03-14 00:34:56.215  2774  2814 W ActivityManager: Slow operation: 105ms so far, now at startProcess: asking zygote to start proc
03-14 00:34:56.215  3966  3966 E id.providers.t: Not starting debugger since process cannot load the jdwp agent.
03-14 00:34:56.216  2774  2814 D CompatibilityChangeReporter: Compat change id reported: 143937733; UID 10024; state: ENABLED
03-14 00:34:56.229  3773  3773 D AW_code : mResolvingHome = true
03-14 00:34:56.285  3820  3910 I ContactLocale: AddressBook Labels [[en_US]]: [ΓÇª, A, B, C, D, E, F, G, H, I, J, K, L, M, N, O, P, Q, R, S, T, U, V, W, X, Y, Z, ╬æ, ╬Æ, ╬ô, ╬ö, ╬ò, ╬û, ╬ù, ╬ÿ, ╬Ö, ╬Ü, ╬¢, ╬£, ╬¥, ╬₧, ╬ƒ, ╬á, ╬í, ╬ú, ╬ñ, ╬Ñ, ╬ª, ╬º, ╬¿, ╬⌐, ΓÇª, ╨É, ╨æ, ╨Æ, ╨ô, ╨ö, ╨é, ╨ò, ╨ä, ╨û, ╨ù, ╨ÿ, ╨å, ╨Ö, ╨ê, ╨Ü, ╨¢, ╨ë, ╨£, ╨¥, ╨è, ╨₧, ╨ƒ, ╨á, ╨í, ╨ó, ╨ï, ╨ú, ╨ñ, ╨Ñ, ╨ª, ╨º, ╨Å, ╨¿, ╨⌐, ╨«, ╨», ΓÇª, ╫É, ╫æ, ╫Æ, ╫ô, ╫ö, ╫ò, ╫û, ╫ù, ╫ÿ, ╫Ö, ╫¢, ╫£, ╫₧, ╫á, ╫í, ╫ó, ╫ñ, ╫ª, ╫º, ╫¿, ╫⌐, ╫¬, ΓÇª, ╪º, ╪¿, ╪¬, ╪½, ╪¼, ╪¡, ╪«, ╪», ╪░, ╪▒, ╪▓, ╪│, ╪┤, ╪╡, ╪╢, ╪╖, ╪╕, ╪╣, ╪║, ┘ü, ┘é, ┘â, ┘ä, ┘à, ┘å, ┘ç, ┘ê, ┘è, ΓÇª, α╕ü, α╕é, α╕â, α╕ä, α╕à, α╕å, α╕ç, α╕ê, α╕ë, α╕è, α╕ï, α╕î, α╕ì, α╕Ä, α╕Å, α╕É, α╕æ, α╕Æ, α╕ô, α╕ö, α╕ò, α╕û, α╕ù, α╕ÿ, α╕Ö, α╕Ü, α╕¢, α╕£, α╕¥, α╕₧, α╕ƒ, α╕á, α╕í, α╕ó, α╕ú, α╕ñ, α╕Ñ, α╕ª, α╕º, α╕¿, α╕⌐, α╕¬, α╕½, α╕¼, α╕¡, α╕«, ΓÇª, πä▒, πä┤, πä╖, πä╣, πàü, πàé, πàà, πàç, πàê, πàè, πàï, πàî, πàì, πàÄ, ΓÇª, πüé, πüï, πüò, πüƒ, πü¬, πü», πü╛, πéä, πéë, πéÅ, #, ΓÇª]
03-14 00:34:56.293  2774  3815 I ActivityTaskManager: START u0 {act=android.intent.action.MAIN cat=[android.intent.category.HOME] flg=0x10000100 cmp=android/com.android.internal.app.ResolverActivity} from uid 0
03-14 00:34:56.301  2462  2462 D Zygote  : Forked child process 3989
03-14 00:34:56.304  2774  2814 W ActivityManager: Slow operation: 194ms so far, now at startProcess: returned from zygote!
03-14 00:34:56.310  2774  3815 W ActivityTaskManager: Tried to set launchTime (0) < mLastActivityLaunchTime (35249)
03-14 00:34:56.320  3989  3989 I Zygote  : seccomp disabled by setenforce 0
03-14 00:34:56.337  3989  3989 E ocess.gservice: Not starting debugger since process cannot load the jdwp agent.
03-14 00:34:56.343  2774  2814 W ActivityManager: Slow operation: 233ms so far, now at startProcess: done updating battery stats
03-14 00:34:56.344  2774  2814 W ActivityManager: Slow operation: 233ms so far, now at startProcess: building log message
03-14 00:34:56.344  2774  2814 I ActivityManager: app.processName = com.google.process.gservices
03-14 00:34:56.344  2774  2814 I ActivityManager: Start proc 3989:com.google.process.gservices/u0a24 for content provider {com.google.android.gsf/com.google.android.gsf.gservices.GservicesProvider}
03-14 00:34:56.344  2774  2814 W ActivityManager: Slow operation: 234ms so far, now at startProcess: starting to update pids map
03-14 00:34:56.345  2774  2814 W ActivityManager: Slow operation: 234ms so far, now at startProcess: done updating pids map
03-14 00:34:56.355  3773  3773 D AW_code : mResolvingHome = true
03-14 00:34:56.401  2774  3683 I ActivityTaskManager: START u0 {act=android.intent.action.MAIN cat=[android.intent.category.HOME] flg=0x10000100 cmp=android/com.android.internal.app.ResolverActivity} from uid 0
03-14 00:34:56.411  2774  3683 W ActivityTaskManager: Tried to set launchTime (0) < mLastActivityLaunchTime (35372)
03-14 00:34:56.416  3966  3966 I id.providers.t: The ClassLoaderContext is a special shared library.
03-14 00:34:56.430  3773  3773 D AW_code : mResolvingHome = true
03-14 00:34:56.452  2703  2703 D dom2reg : timezone change, new: Asia/Calcutta, pre: 
03-14 00:34:56.452  2703  2703 W dom2reg : timezone [Asia/Calcutta] not in default tables, please check!
03-14 00:34:56.469  3988  4011 I cmd     : oneway function results will be dropped but finished with status OK and parcel size 4
03-14 00:34:56.482  3989  3989 I ocess.gservice: The ClassLoaderContext is a special shared library.
03-14 00:34:56.483  3995  4014 I cmd     : oneway function results will be dropped but finished with status OK and parcel size 4
03-14 00:34:56.483  2774  2788 I ActivityTaskManager: START u0 {act=android.intent.action.MAIN cat=[android.intent.category.HOME] flg=0x10000100 cmp=android/com.android.internal.app.ResolverActivity} from uid 0
03-14 00:34:56.496  2774  2788 W ActivityTaskManager: Tried to set launchTime (0) < mLastActivityLaunchTime (35465)
03-14 00:34:56.514  3966  3966 D NetworkSecurityConfig: No Network Security Config specified, using platform default
03-14 00:34:56.515  3966  3966 D NetworkSecurityConfig: No Network Security Config specified, using platform default
03-14 00:34:56.518  3773  3773 D AW_code : mResolvingHome = true
03-14 00:34:56.532  2774  2774 D CompatibilityChangeReporter: Compat change id reported: 135634846; UID 10024; state: DISABLED
03-14 00:34:56.537  2774  2774 W Looper  : Slow dispatch took 431ms main h=android.app.ActivityThread$H c=android.app.-$$Lambda$LoadedApk$ReceiverDispatcher$Args$_BumDX2UKsnxLVrE6UJsJZkotuA@2b1b4bd m=0
03-14 00:34:56.537  3270  3270 I PowerUI.Notification: Received keystone.set.floatview
03-14 00:34:56.541  3820  3910 D ContactsDatabaseHelper: WAL enabled for profile.db: false
03-14 00:34:56.541  3989  3989 I ocess.gservice: The ClassLoaderContext is a special shared library.
03-14 00:34:56.544  2774  2814 D CompatibilityChangeReporter: Compat change id reported: 143937733; UID 10024; state: ENABLED
03-14 00:34:56.582  2462  2462 D Zygote  : Forked child process 4019
03-14 00:34:56.587  2774  2774 I ConnectivityModuleConnector: Networking module service connected
03-14 00:34:56.594  2774  2814 W ActivityManager: Slow operation: 79ms so far, now at startProcess: returned from zygote!
03-14 00:34:56.594  2774  2814 W ActivityManager: Slow operation: 80ms so far, now at startProcess: done updating battery stats
03-14 00:34:56.594  2774  2814 W ActivityManager: Slow operation: 80ms so far, now at startProcess: building log message
03-14 00:34:56.594  2774  2814 I ActivityManager: app.processName = com.google.android.gms
03-14 00:34:56.594  2774  2814 I ActivityManager: Start proc 4019:com.google.android.gms/u0a24 for service {com.google.android.gms/com.google.android.gms.people.sync.PeopleSyncService}
03-14 00:34:56.594  2774  2814 W ActivityManager: Slow operation: 80ms so far, now at startProcess: starting to update pids map
03-14 00:34:56.595  2774  2814 W ActivityManager: Slow operation: 81ms so far, now at startProcess: done updating pids map
03-14 00:34:56.603  3989  3989 D NetworkSecurityConfig: No Network Security Config specified, using platform default
03-14 00:34:56.603  3989  3989 D NetworkSecurityConfig: No Network Security Config specified, using platform default
03-14 00:34:56.608  4019  4019 I Zygote  : seccomp disabled by setenforce 0
03-14 00:34:56.618  3989  3989 I GservicesProvider: Gservices pushing to system: true; secure/global: true
03-14 00:34:56.622  2774  2774 I StorageUserConnection: Service: [ComponentInfo{com.android.providers.media.module/com.android.providers.media.fuse.ExternalStorageServiceImpl}] connected. User [0]
03-14 00:34:56.625  4019  4019 E gle.android.gm: Not starting debugger since process cannot load the jdwp agent.
03-14 00:34:56.632  2774  2774 I ConnectivityModuleConnector: Networking module service connected
03-14 00:34:56.634  2774  2774 I AutofillManagerService: Updating for user 0: disabled=false
03-14 00:34:56.642  3710  3874 I ExternalStorageServiceImpl: Starting session for id: emulated;0
03-14 00:34:56.655  2774  2774 V NotificationAssistants: 0 notification assistant service connected: ComponentInfo{android.ext.services/android.ext.services.notification.Assistant}
03-14 00:34:56.696  3710  3874 V FuseDaemonThread: Waiting 1000ms for FUSE start. Count 4
03-14 00:34:56.703  2774  4042 I chatty  : uid=1000(system) Binder:2774_3 expire 3 lines
03-14 00:34:56.705  2774  3039 I SyncManager: Loaded persisted syncs: 5 periodic syncs, 0 oneshot syncs, 23 total system server jobs, JobStats: FirstLoad: 12/7/5 LastSave: 12/7/5
03-14 00:34:56.708  2774  2789 I ActivityTaskManager: START u0 {act=android.intent.action.MAIN cat=[android.intent.category.HOME] flg=0x10000100 cmp=android/com.android.internal.app.ResolverActivity} from uid 0
03-14 00:34:56.719  2774  2774 W NotificationHistory: Attempted to add notif for locked/gone/disabled user 0
03-14 00:34:56.721  2774  2789 W ActivityTaskManager: Tried to set launchTime (0) < mLastActivityLaunchTime (35551)
03-14 00:34:56.731  2774  2774 W NotificationHistory: Attempted to add notif for locked/gone/disabled user 0
03-14 00:34:56.741  2774  2774 W NotificationHistory: Attempted to add notif for locked/gone/disabled user 0
03-14 00:34:56.742  2774  2774 D PackageWatchdog: Getting all observed packages pending health checks
03-14 00:34:56.742  2774  2774 I PackageWatchdog: Syncing health check requests for packages: {}
03-14 00:34:56.742  2774  2774 D ExplicitHealthCheckController: Getting health check supported packages
03-14 00:34:56.746  3773  3773 D AW_code : mResolvingHome = true
03-14 00:34:56.747  3710  4041 I FuseDaemonThread: Starting thread for emulated;0 ...
03-14 00:34:56.748  3710  4041 I FuseDaemon: Starting fuse...
03-14 00:34:56.757  2774  3163 I ExplicitHealthCheckController: Explicit health check supported packages []
03-14 00:34:56.757  2774  3163 D PackageWatchdog: Received supported packages []
03-14 00:34:56.757  2774  3163 D ExplicitHealthCheckController: Getting health check requested packages
03-14 00:34:56.759  2774  3163 I ExplicitHealthCheckController: Explicit health check requested packages []
03-14 00:34:56.760  2774  3163 I ExplicitHealthCheckController: No more health check requests, unbinding...
03-14 00:34:56.772  3717  3717 E wpa_supplicant: Dedicated P2P device don't support MAC randomization
03-14 00:34:56.774  2461  2751 W InterfaceController: Failed to retrieve HW addr for p2p-dev-wlan0 (No such device)
03-14 00:34:56.787  2774  3683 W ActivityManager: Slow operation: 84ms so far, now at attachApplicationLocked: after mServices.attachApplicationLocked
03-14 00:34:56.806  2774  2812 D CompatibilityChangeReporter: Compat change id reported: 135634846; UID 1000; state: DISABLED
03-14 00:34:56.812  2774  2774 W Looper  : Drained
03-14 00:34:56.814  2774  3683 D CompatibilityChangeReporter: Compat change id reported: 149924527; UID 1000; state: ENABLED
03-14 00:34:56.817  2774  3163 I ExplicitHealthCheckController: Explicit health check service is unbound
03-14 00:34:56.821  3040  3040 I BtGatt.JNI: classInitNative(L875): classInitNative: Success!
03-14 00:34:56.826  3040  3040 D BtGatt.DebugUtils: handleDebugAction() action=null
03-14 00:34:56.826  3040  3040 D BluetoothAdapterService: getAdapterService() - returning com.android.bluetooth.btservice.AdapterService@392a193
03-14 00:34:56.834  2774  3163 D CompatibilityChangeReporter: Compat change id reported: 132649864; UID 1000; state: DISABLED
03-14 00:34:56.838  2774  2900 W ContextImpl: Calling a method in the system process without a qualified user: android.app.ContextImpl.sendBroadcastMultiplePermissions:1143 android.content.Context.sendBroadcastWithMultiplePermissions:2150 com.android.server.wifi.p2p.WifiP2pServiceImpl$P2pStateMachine.sendBroadcastMultiplePermissions:3100 com.android.server.wifi.p2p.WifiP2pServiceImpl$P2pStateMachine.sendP2pConnectionChangedBroadcast:3127 com.android.server.wifi.p2p.WifiP2pServiceImpl$P2pStateMachine.access$4900:752 
03-14 00:34:56.841  3040  3040 I bt_btif : get_profile_interface: id = gatt
03-14 00:34:56.842  3040  3040 D BluetoothAdapterService: getAdapterService() - returning com.android.bluetooth.btservice.AdapterService@392a193
03-14 00:34:56.855  4019  4019 I gle.android.gm: The ClassLoaderContext is a special shared library.
03-14 00:34:56.863  3717  3717 D wpa_supplicant: P2P: New SSID postfix: -Projector_07f
03-14 00:34:56.870  2462  2462 D Zygote  : Forked child process 4055
03-14 00:34:56.875  3129  3129 D CvbsInputService: add device is TvInputInfo{id=com.softwinner.vis/.CvbsInputService/HW4, pkg=com.softwinner.vis, service=com.softwinner.vis.CvbsInputService}
03-14 00:34:56.877  3129  3129 D CvbsInputService: onHardwareAdded hardwareInfo = TvInputHardwareInfo {id=5, type=2, audio_type=-2147467264, audio_addr=, cable_connection_status=0}
03-14 00:34:56.881  3129  3129 D CvbsInputService: need pkgName = com.softwinner.vis
03-14 00:34:56.881  3129  3129 D CvbsInputService: need serviceName = com.softwinner.vis.CvbsInputService
03-14 00:34:56.881  3129  3129 D CvbsInputService: info = ResolveInfo{4bbc3ef com.softwinner.vis/.HdmiInputService m=0x108000}
03-14 00:34:56.881  3129  3129 D CvbsInputService: pkgName = com.softwinner.vis
03-14 00:34:56.881  3129  3129 D CvbsInputService: servName = com.softwinner.vis.HdmiInputService
03-14 00:34:56.881  3129  3129 D CvbsInputService: info = ResolveInfo{37f6efc com.softwinner.vis/.CvbsInputService m=0x108000}
03-14 00:34:56.881  3129  3129 D CvbsInputService: pkgName = com.softwinner.vis
03-14 00:34:56.881  3129  3129 D CvbsInputService: servName = com.softwinner.vis.CvbsInputService
03-14 00:34:56.882  3129  3129 D CvbsInputService: found resolve
03-14 00:34:56.882  3129  3129 D CvbsInputService: add device is null
03-14 00:34:56.882  3129  3129 D CvbsInputService: onHardwareAdded hardwareInfo = TvInputHardwareInfo {id=6, type=2, audio_type=-2147467264, audio_addr=, cable_connection_status=0}
03-14 00:34:56.883  2774  2900 W ContextImpl: Calling a method in the system process without a qualified user: android.app.ContextImpl.sendBroadcastMultiplePermissions:1143 android.content.Context.sendBroadcastWithMultiplePermissions:2150 com.android.server.wifi.p2p.WifiP2pServiceImpl$P2pStateMachine.sendBroadcastMultiplePermissions:3100 com.android.server.wifi.p2p.WifiP2pServiceImpl$P2pStateMachine.sendThisDeviceChangedBroadcast:3109 com.android.server.wifi.p2p.WifiP2pServiceImpl$P2pStateMachine.updateThisDevice:3833 
03-14 00:34:56.886  3129  3129 D CvbsInputService: need pkgName = com.softwinner.vis
03-14 00:34:56.886  3129  3129 D CvbsInputService: need serviceName = com.softwinner.vis.CvbsInputService
03-14 00:34:56.886  3129  3129 D CvbsInputService: info = ResolveInfo{3fb3985 com.softwinner.vis/.HdmiInputService m=0x108000}
03-14 00:34:56.886  3129  3129 D CvbsInputService: pkgName = com.softwinner.vis
03-14 00:34:56.886  3129  3129 D CvbsInputService: servName = com.softwinner.vis.HdmiInputService
03-14 00:34:56.886  3129  3129 D CvbsInputService: info = ResolveInfo{f5c33da com.softwinner.vis/.CvbsInputService m=0x108000}
03-14 00:34:56.886  3129  3129 D CvbsInputService: pkgName = com.softwinner.vis
03-14 00:34:56.886  3129  3129 D CvbsInputService: servName = com.softwinner.vis.CvbsInputService
03-14 00:34:56.886  3129  3129 D CvbsInputService: found resolve
03-14 00:34:56.886  3129  3129 D CvbsInputService: add device is null
03-14 00:34:56.886  3129  3129 D CvbsInputService: onHardwareAdded hardwareInfo = TvInputHardwareInfo {id=7, type=2, audio_type=-2147467264, audio_addr=, cable_connection_status=0}
03-14 00:34:56.888  3129  3129 D CvbsInputService: need pkgName = com.softwinner.vis
03-14 00:34:56.888  3129  3129 D CvbsInputService: need serviceName = com.softwinner.vis.CvbsInputService
03-14 00:34:56.888  3129  3129 D CvbsInputService: info = ResolveInfo{6aab00b com.softwinner.vis/.HdmiInputService m=0x108000}
03-14 00:34:56.888  3129  3129 D CvbsInputService: pkgName = com.softwinner.vis
03-14 00:34:56.888  3129  3129 D CvbsInputService: servName = com.softwinner.vis.HdmiInputService
03-14 00:34:56.888  3129  3129 D CvbsInputService: info = ResolveInfo{bd27ee8 com.softwinner.vis/.CvbsInputService m=0x108000}
03-14 00:34:56.888  3129  3129 D CvbsInputService: pkgName = com.softwinner.vis
03-14 00:34:56.888  3129  3129 D CvbsInputService: servName = com.softwinner.vis.CvbsInputService
