03-14 00:34:43.312  2774  2774 W EntropyMixer: 	at libcore.io.BlockGuardOs.read(BlockGuardOs.java:305)
03-14 00:34:43.312  2774  2774 W EntropyMixer: 	at libcore.io.IoBridge.read(IoBridge.java:509)
03-14 00:34:43.312  2774  2774 W EntropyMixer: 	... 12 more
03-14 00:34:43.312  2774  2774 I EntropyMixer: Writing entropy...
03-14 00:34:43.313  2774  2811 I chatty  : uid=1000(system) Binder:2774_3 expire 2 lines
03-14 00:34:43.325  2462  2462 I Zygote  : Preloading classes...
03-14 00:34:43.328  2774  2774 I SystemServerTiming: StartAccountManagerService
03-14 00:34:43.328  2774  2774 I SystemServiceManager: Starting com.android.server.accounts.AccountManagerService$Lifecycle
03-14 00:34:43.333  2774  2774 I SystemServerTiming: StartContentService
03-14 00:34:43.333  2774  2774 I SystemServiceManager: Starting com.android.server.content.ContentService$Lifecycle
03-14 00:34:43.335  2774  2774 I SystemServerTiming: InstallSystemProviders
03-14 00:34:43.408  2774  2774 W SettingsState: No settings state /data/system/users/0/settings_config.xml
03-14 00:34:43.409  2774  2774 I SettingsState: directory info for directory/file /data/system/users/0/settings_config.xml with stacktrace 
03-14 00:34:43.409  2774  2774 I SettingsState: java.lang.Exception
03-14 00:34:43.409  2774  2774 I SettingsState: 	at com.android.providers.settings.SettingsState.logSettingsDirectoryInformation(SettingsState.java:889)
03-14 00:34:43.409  2774  2774 I SettingsState: 	at com.android.providers.settings.SettingsState.readStateSyncLocked(SettingsState.java:1008)
03-14 00:34:43.409  2774  2774 I SettingsState: 	at com.android.providers.settings.SettingsState.<init>(SettingsState.java:292)
03-14 00:34:43.409  2774  2774 I SettingsState: 	at com.android.providers.settings.SettingsProvider$SettingsRegistry.ensureSettingsStateLocked(SettingsProvider.java:2783)
03-14 00:34:43.409  2774  2774 I SettingsState: 	at com.android.providers.settings.SettingsProvider$SettingsRegistry.ensureSettingsForUserLocked(SettingsProvider.java:2748)
03-14 00:34:43.409  2774  2774 I SettingsState: 	at com.android.providers.settings.SettingsProvider$SettingsRegistry.peekSettingsStateLocked(SettingsProvider.java:3091)
03-14 00:34:43.409  2774  2774 I SettingsState: 	at com.android.providers.settings.SettingsProvider$SettingsRegistry.getSettingsNamesLocked(SettingsProvider.java:2713)
03-14 00:34:43.409  2774  2774 I SettingsState: 	at com.android.providers.settings.SettingsProvider$SettingsRegistry.syncSsaidTableOnStart(SettingsProvider.java:2695)
03-14 00:34:43.409  2774  2774 I SettingsState: 	at com.android.providers.settings.SettingsProvider$SettingsRegistry.<init>(SettingsProvider.java:2588)
03-14 00:34:43.409  2774  2774 I SettingsState: 	at com.android.providers.settings.SettingsProvider.onCreate(SettingsProvider.java:347)
03-14 00:34:43.409  2774  2774 I SettingsState: 	at android.content.ContentProvider.attachInfo(ContentProvider.java:2388)
03-14 00:34:43.409  2774  2774 I SettingsState: 	at android.content.ContentProvider.attachInfo(ContentProvider.java:2358)
03-14 00:34:43.409  2774  2774 I SettingsState: 	at android.app.ActivityThread.installProvider(ActivityThread.java:7270)
03-14 00:34:43.409  2774  2774 I SettingsState: 	at android.app.ActivityThread.installContentProviders(ActivityThread.java:6811)
03-14 00:34:43.409  2774  2774 I SettingsState: 	at android.app.ActivityThread.installSystemProviders(ActivityThread.java:7462)
03-14 00:34:43.409  2774  2774 I SettingsState: 	at com.android.server.am.ActivityManagerService.installSystemProviders(ActivityManagerService.java:8020)
03-14 00:34:43.409  2774  2774 I SettingsState: 	at com.android.server.SystemServer.startOtherServices(SystemServer.java:1161)
03-14 00:34:43.409  2774  2774 I SettingsState: 	at com.android.server.SystemServer.run(SystemServer.java:617)
03-14 00:34:43.409  2774  2774 I SettingsState: 	at com.android.server.SystemServer.main(SystemServer.java:423)
03-14 00:34:43.409  2774  2774 I SettingsState: 	at java.lang.reflect.Method.invoke(Native Method)
03-14 00:34:43.409  2774  2774 I SettingsState: 	at com.android.internal.os.RuntimeInit$MethodAndArgsCaller.run(RuntimeInit.java:592)
03-14 00:34:43.409  2774  2774 I SettingsState: 	at com.android.internal.os.ZygoteInit.main(ZygoteInit.java:1077)
03-14 00:34:43.409  2774  2774 I SettingsState: ancestor directory /data/system/users/0 exists
03-14 00:34:43.409  2774  2774 I SettingsState: ancestor directory /data/system/users/0 permissions: r: true w: true x: true
03-14 00:34:43.409  2774  2774 I SettingsState: ancestor's parent directory /data/system/users permissions: r: true w: true x: true
03-14 00:34:43.483  2774  2774 I SystemServerTiming: StartDropBoxManager
03-14 00:34:43.483  2774  2774 I SystemServiceManager: Starting com.android.server.DropBoxManagerService
03-14 00:34:43.485  2774  2774 I SystemServerTiming: StartVibratorService
03-14 00:34:43.490  2774  2774 I SystemServerTiming: StartDynamicSystemService
03-14 00:34:43.491  2774  2774 I SystemServerTiming: StartConsumerIrService
03-14 00:34:43.494  2774  2774 I SystemServerTiming: StartAlarmManagerService
03-14 00:34:43.507  2774  2774 E HistoricalRegistry: Interaction before persistence initialized
03-14 00:34:43.508  2774  2774 I SystemServerTiming: StartInputManagerService
03-14 00:34:43.509  2774  2774 I InputManager: Initializing input manager, mUseDevInputEventForAudioJack=true
03-14 00:34:43.516  2774  2774 I SystemServerTiming: StartWindowManagerService
03-14 00:34:43.524  2774  2806 I WindowManager: No existing display settings, starting empty
03-14 00:34:43.534  2774  2806 I chatty  : uid=1000(system) android.display expire 10 lines
03-14 00:34:43.549  2774  2774 I SystemServerTiming: SetWindowManagerService
03-14 00:34:43.630  2774  2774 I ActivityTaskManager: Loaded persisted task ids for user 0
03-14 00:34:43.637  2774  2774 I SystemServerTiming: WindowManagerServiceOnInitReady
03-14 00:34:43.651  2658  2658 W cutils  : Expected path /data/data/com.ecloud.eshare.server with mode 751 but found 777
03-14 00:34:43.677  2774  2804 I chatty  : uid=1000(system) android.ui expire 22 lines
03-14 00:34:43.680     1     1 I /system/bin/init: type=1107 audit(0.0:321): uid=0 auid=4294967295 ses=4294967295 subj=u:r:init:s0 msg='avc: denied { set } for property=hotack.update.failed pid=2774 uid=1000 gid=1000 scontext=u:r:system_server:s0 tcontext=u:object_r:default_prop:s0 tclass=property_service permissive=1'
03-14 00:34:43.680  2658  2663 W cutils  : Expected path /data/data/com.ecloud.eshare.server with mode 751 but found 777
03-14 00:34:43.693  2774  2774 I SystemServerTiming: StartInputManager
03-14 00:34:43.693  2774  2774 I InputManager: Starting input manager
03-14 00:34:43.693  2774  2855 I SystemServerTimingAsync: InitThreadPoolExec:StartHidlServices
03-14 00:34:43.693  2774  2855 I SystemServerTimingAsync: StartHidlServices
03-14 00:34:43.701  2774  2774 I SystemServerTiming: DisplayManagerWindowManagerAndInputReady
03-14 00:34:43.702  2774  2774 I SystemServerTiming: StartBluetoothService
03-14 00:34:43.702  2774  2774 I SystemServiceManager: Starting com.android.server.BluetoothService
03-14 00:34:43.703  2774  2774 D BluetoothManagerService: Loading stored name and address
03-14 00:34:43.703  2774  2774 D BluetoothManagerService: Stored bluetooth Name=LLPJH10,Address=DC:08:C2:6B:48:B0
03-14 00:34:43.704  2774  2774 D BluetoothManagerService: Bluetooth persisted state: 1
03-14 00:34:43.704  2774  2774 D BluetoothManagerService: Startup: Bluetooth persisted state is ON.
03-14 00:34:43.704  2774  2774 D BluetoothManagerService: Detected SystemUiUid: 10059
03-14 00:34:43.705  2774  2879 I chatty  : uid=1000(system) Binder:2774_3 expire 1 line
03-14 00:34:43.715  2774  2878 I chatty  : uid=1000(system) InputReader expire 32 lines
03-14 00:34:43.744  2774  2774 I SystemServerTiming: IpConnectivityMetrics
03-14 00:34:43.744  2774  2774 I SystemServiceManager: Starting com.android.server.connectivity.IpConnectivityMetrics
03-14 00:34:43.745  2774  2774 I SystemServerTiming: NetworkWatchlistService
03-14 00:34:43.745  2774  2774 I SystemServiceManager: Starting com.android.server.net.watchlist.NetworkWatchlistService$Lifecycle
03-14 00:34:43.750  2774  2774 I WatchlistSettings: Reload watchlist settings done
03-14 00:34:43.752  2774  2882 I WatchlistLoggingHandler: Start aggregating watchlist records.
03-14 00:34:43.752  2774  2774 I SystemServerTiming: PinnerService
03-14 00:34:43.752  2774  2774 I SystemServiceManager: Starting com.android.server.PinnerService
03-14 00:34:43.753  2774  2774 E HistoricalRegistry: Interaction before persistence initialized
03-14 00:34:43.755  2774  2774 I SystemServerTiming: IorapForwardingService
03-14 00:34:43.755  2774  2774 I SystemServiceManager: Starting com.google.android.startop.iorap.IorapForwardingService
03-14 00:34:43.755  2774  2774 I SystemServerTiming: SignedConfigService
03-14 00:34:43.756  2774  2774 I SystemServerTiming: AppIntegrityService
03-14 00:34:43.756  2774  2774 I SystemServiceManager: Starting com.android.server.integrity.AppIntegrityManagerService
03-14 00:34:43.757  2774  2774 E IntegrityFileManager: Error creating staging and rules directory
03-14 00:34:43.761  2658  2859 W cutils  : Expected path /data/data/com.android.vending with mode 700 but found 711
03-14 00:34:43.766  2774  2774 I SystemServerTiming: StartAwbms
03-14 00:34:43.767  2774  2774 I SystemServerTiming: StartInputMethodManagerLifecycle
03-14 00:34:43.767  2774  2774 I SystemServiceManager: Starting com.android.server.inputmethod.InputMethodManagerService$Lifecycle
03-14 00:34:43.773  2658  2663 W cutils  : Expected path /data/data/com.android.vending with mode 700 but found 711
03-14 00:34:43.774  2774  2886 I chatty  : uid=1000(system) Thread-10 expire 2 lines
03-14 00:34:43.778  2774  2774 I SystemServerTiming: StartAccessibilityManagerService
03-14 00:34:43.778  2774  2774 I SystemServiceManager: Starting com.android.server.accessibility.AccessibilityManagerService$Lifecycle
03-14 00:34:43.790  2774  2774 I SystemServerTiming: MakeDisplayReady
03-14 00:34:43.805  2774  2774 I ActivityTaskManager: Config changes=20005df8 {1.0 ?mcc?mnc [en_US] ldltr sw540dp w960dp h516dp 320dpi lrg long land ?uimode ?night -touch -keyb/v/h -nav/h winConfig={ mBounds=Rect(0, 0 - 1920, 1080) mAppBounds=Rect(0, 0 - 1920, 1080) mWindowingMode=fullscreen mDisplayWindowingMode=fullscreen mActivityType=undefined mAlwaysOnTop=undefined mRotation=ROTATION_0} s.2}
03-14 00:34:43.813  2774  2774 I WindowManager: Override config changes=60007dfc {1.0 ?mcc?mnc [en_US] ldltr sw540dp w960dp h516dp 320dpi lrg long land ?uimode ?night -touch -keyb/v/h -nav/h winConfig={ mBounds=Rect(0, 0 - 1920, 1080) mAppBounds=Rect(0, 0 - 1920, 1080) mWindowingMode=fullscreen mDisplayWindowingMode=fullscreen mActivityType=undefined mAlwaysOnTop=undefined mRotation=ROTATION_0} s.2} for displayId=0
03-14 00:34:43.822  2774  2774 I SystemServerTiming: StartStorageManagerService
03-14 00:34:43.822  2774  2774 I SystemServiceManager: Starting com.android.server.StorageManagerService$Lifecycle
03-14 00:34:43.837  2462  2462 E ActivityRecognitionHardware: activity_recognition HAL is deprecated. class_init is effectively a no-op
03-14 00:34:43.843  2658  2663 D installd: Found quota mount /dev/block/by-name/userdata at /data
03-14 00:34:43.843  2658  2663 D installd: Found quota mount /dev/block/by-name/userdata at /data/user/0
03-14 00:34:43.859  2774  2774 I SystemServerTiming: StartStorageStatsService
03-14 00:34:43.859  2774  2774 I SystemServiceManager: Starting com.android.server.usage.StorageStatsService$Lifecycle
03-14 00:34:43.860  2774  2889 D StorageManagerService: Thinking about init, mBootCompleted=false, mDaemonConnected=true
03-14 00:34:43.861  2774  2889 D StorageManagerService: Thinking about reset, mBootCompleted=false, mDaemonConnected=true
03-14 00:34:43.861  2774  2889 D StorageManagerService: Thinking about init, mBootCompleted=false, mDaemonConnected=true
03-14 00:34:43.861  2774  2889 D StorageManagerService: Thinking about reset, mBootCompleted=false, mDaemonConnected=true
03-14 00:34:43.863  2658  2859 D installd: Found quota mount /dev/block/by-name/userdata at /data
03-14 00:34:43.863  2658  2859 D installd: Found quota mount /dev/block/by-name/userdata at /data/user/0
03-14 00:34:43.867  2658  2658 D installd: Found quota mount /dev/block/by-name/userdata at /data
03-14 00:34:43.868  2658  2658 D installd: Found quota mount /dev/block/by-name/userdata at /data/user/0
03-14 00:34:43.871  2774  2774 I SystemServerTiming: StartUiModeManager
03-14 00:34:43.872  2774  2774 I SystemServiceManager: Starting com.android.server.UiModeManagerService
03-14 00:34:43.872  2774  2811 I SystemServerTimingAsync: InitThreadPoolExec:UiModeManager.onStart
03-14 00:34:43.874  2774  2774 I SystemServerTiming: UpdatePackagesIfNeeded
03-14 00:34:43.874  2774  2774 I Watchdog: Pausing HandlerChecker: main thread for reason: dexopt. Pause count: 1
03-14 00:34:43.874  2774  2774 I Watchdog: Resuming HandlerChecker: main thread for reason: dexopt. Pause count: 0
03-14 00:34:43.874  2774  2774 I SystemServerTiming: PerformFstrimIfNeeded
03-14 00:34:43.875  2774  2774 I SystemServerTiming: StartLockSettingsService
03-14 00:34:43.875  2774  2774 I SystemServiceManager: Starting com.android.server.locksettings.LockSettingsService$Lifecycle
03-14 00:34:43.919  2774  2774 I SystemServerTiming: StartPersistentDataBlock
03-14 00:34:43.919  2774  2774 I SystemServiceManager: Starting com.android.server.PersistentDataBlockService
03-14 00:34:43.919  2774  2774 I SystemServerTiming: StartTestHarnessMode
03-14 00:34:43.919  2774  2855 I SystemServerTimingAsync: InitThreadPoolExec:PersistentDataBlockService.onStart
03-14 00:34:43.919  2774  2774 I SystemServiceManager: Starting com.android.server.testharness.TestHarnessModeService
03-14 00:34:43.920  2774  2855 E PersistentDataBlockService: not able to find package 
03-14 00:34:43.920  2774  2855 E PersistentDataBlockService: android.content.pm.PackageManager$NameNotFoundException: 
03-14 00:34:43.920  2774  2855 E PersistentDataBlockService: 	at android.app.ApplicationPackageManager.getPackageUidAsUser(ApplicationPackageManager.java:329)
03-14 00:34:43.920  2774  2855 E PersistentDataBlockService: 	at com.android.server.PersistentDataBlockService.getAllowedUid(PersistentDataBlockService.java:153)
03-14 00:34:43.920  2774  2855 E PersistentDataBlockService: 	at com.android.server.PersistentDataBlockService.lambda$onStart$0$PersistentDataBlockService(PersistentDataBlockService.java:166)
03-14 00:34:43.920  2774  2855 E PersistentDataBlockService: 	at com.android.server.-$$Lambda$PersistentDataBlockService$EZl9OYaT2eNL7kfSr2nKUBjxidk.run(Unknown Source:2)
03-14 00:34:43.920  2774  2855 E PersistentDataBlockService: 	at com.android.server.SystemServerInitThreadPool.lambda$submitTask$0$SystemServerInitThreadPool(SystemServerInitThreadPool.java:103)
03-14 00:34:43.920  2774  2855 E PersistentDataBlockService: 	at com.android.server.-$$Lambda$SystemServerInitThreadPool$o2_GLo0lnkotYmRdTfg66UETEwQ.run(Unknown Source:6)
03-14 00:34:43.920  2774  2855 E PersistentDataBlockService: 	at java.util.concurrent.Executors$RunnableAdapter.call(Executors.java:462)
03-14 00:34:43.920  2774  2855 E PersistentDataBlockService: 	at java.util.concurrent.FutureTask.run(FutureTask.java:266)
03-14 00:34:43.920  2774  2855 E PersistentDataBlockService: 	at java.util.concurrent.ThreadPoolExecutor.runWorker(ThreadPoolExecutor.java:1167)
03-14 00:34:43.920  2774  2855 E PersistentDataBlockService: 	at java.util.concurrent.ThreadPoolExecutor$Worker.run(ThreadPoolExecutor.java:641)
03-14 00:34:43.920  2774  2855 E PersistentDataBlockService: 	at com.android.internal.util.ConcurrentUtils$1$1.run(ConcurrentUtils.java:65)
03-14 00:34:43.921  2774  2774 I SystemServerTiming: StartOemLockService
03-14 00:34:43.921  2774  2774 I SystemServiceManager: Starting com.android.server.oemlock.OemLockService
03-14 00:34:43.922  2774  2774 I OemLock : OemLock HAL not present on device
03-14 00:34:43.923  2774  2774 I OemLock : Using persistent data block based lock
03-14 00:34:43.924  2774  2774 I SystemServerTiming: StartDeviceIdleController
03-14 00:34:43.925  2774  2774 I SystemServiceManager: Starting com.android.server.DeviceIdleController
03-14 00:34:43.937  2774  2774 I SystemServerTiming: StartDevicePolicyManager
03-14 00:34:43.937  2774  2774 I SystemServiceManager: Starting com.android.server.devicepolicy.DevicePolicyManagerService$Lifecycle
03-14 00:34:44.020     1     1 I init    : type=1400 audit(0.0:322): avc: denied { setattr } for name="com.ecloud.eshare.server" dev="mmcblk0p26" ino=759 scontext=u:r:init:s0 tcontext=u:object_r:system_app_data_file:s0 tclass=dir permissive=1
03-14 00:34:44.022  2462  2462 I zygote  : Thread[1,tid=2462,Native,Thread*=0xac464e00,peer=0x714249a0,"main"] recursive attempt to load library "libmedia_jni.so"
03-14 00:34:44.023  2462  2462 I zygote  : Thread[1,tid=2462,Native,Thread*=0xac464e00,peer=0x714249a0,"main"] recursive attempt to load library "libmedia_jni.so"
03-14 00:34:44.023  2462  2462 D MtpDeviceJNI: register_android_mtp_MtpDevice
03-14 00:34:44.024  2462  2462 I zygote  : Thread[1,tid=2462,Native,Thread*=0xac464e00,peer=0x714249a0,"main"] recursive attempt to load library "libmedia_jni.so"
03-14 00:34:44.024  2462  2462 I zygote  : Thread[1,tid=2462,Native,Thread*=0xac464e00,peer=0x714249a0,"main"] recursive attempt to load library "libmedia_jni.so"
03-14 00:34:44.028  2774  2877 I ActivityTaskManager: Config changes=70 {1.0 ?mcc?mnc [en_US] ldltr sw540dp w960dp h516dp 320dpi lrg long land ?uimode ?night -touch qwerty/v/v dpad/v winConfig={ mBounds=Rect(0, 0 - 1920, 1080) mAppBounds=Rect(0, 0 - 1920, 1080) mWindowingMode=fullscreen mDisplayWindowingMode=fullscreen mActivityType=undefined mAlwaysOnTop=undefined mRotation=ROTATION_0} s.4}
03-14 00:34:44.032     1     1 I init    : type=1400 audit(0.0:323): avc: denied { search } for name="com.ecloud.eshare.server" dev="mmcblk0p26" ino=759 scontext=u:r:init:s0 tcontext=u:object_r:system_app_data_file:s0 tclass=dir permissive=1
03-14 00:34:44.037  2774  2877 I WindowManager: Override config changes=70 {1.0 ?mcc?mnc [en_US] ldltr sw540dp w960dp h516dp 320dpi lrg long land ?uimode ?night -touch qwerty/v/v dpad/v winConfig={ mBounds=Rect(0, 0 - 1920, 1080) mAppBounds=Rect(0, 0 - 1920, 1080) mWindowingMode=fullscreen mDisplayWindowingMode=fullscreen mActivityType=undefined mAlwaysOnTop=undefined mRotation=ROTATION_0} s.4} for displayId=0
03-14 00:34:44.039  2774  2774 I DevicePolicyManager: Set ro.organization_owned property to false
03-14 00:34:44.045  2774  2774 I SystemServerTiming: StartStatusBarManagerService
03-14 00:34:44.055  2774  2774 D SystemServer: ContentCaptureService disabled because resource is not overlaid
03-14 00:34:44.055  2774  2774 D SystemServer: AttentionService is not configured on this device
03-14 00:34:44.055  2774  2774 D SystemServer: SystemCaptionsManagerService disabled because resource is not overlaid
03-14 00:34:44.055  2774  2774 D SystemServer: AppPredictionService not defined by OEM
03-14 00:34:44.055  2774  2774 D SystemServer: ContentSuggestionsService not defined by OEM
03-14 00:34:44.055  2774  2774 I SystemServerTiming: InitConnectivityModuleConnector
03-14 00:34:44.055  2774  2774 D ConnectivityModuleConnector: Network stack init
03-14 00:34:44.056  2774  2774 I SystemServerTiming: InitNetworkStackClient
03-14 00:34:44.057  2774  2774 I SystemServerTiming: StartNetworkManagementService
03-14 00:34:44.063  2774  2774 I SystemServerTiming: StartIpSecService
03-14 00:34:44.066  2774  2774 I SystemServerTiming: StartTextServicesManager
03-14 00:34:44.066  2774  2774 I SystemServiceManager: Starting com.android.server.textservices.TextServicesManagerService$Lifecycle
03-14 00:34:44.067  2774  2774 I SystemServerTiming: StartTextClassificationManagerService
03-14 00:34:44.068  2774  2774 I SystemServiceManager: Starting com.android.server.textclassifier.TextClassificationManagerService$Lifecycle
03-14 00:34:44.070  2774  2774 I SystemServerTiming: StartNetworkScoreService
03-14 00:34:44.070  2774  2774 I SystemServiceManager: Starting com.android.server.NetworkScoreService$Lifecycle
03-14 00:34:44.072  2774  2774 I SystemServerTiming: StartNetworkStatsService
03-14 00:34:44.078  2774  2774 I SystemServerTiming: StartNetworkPolicyManagerService
03-14 00:34:44.083  2774  2774 I SystemServerTiming: StartWifi
03-14 00:34:44.089  2774  2774 I SystemServiceManager: Starting com.android.server.wifi.WifiService
03-14 00:34:44.207  2774  2774 E HistoricalRegistry: Interaction before persistence initialized
03-14 00:34:44.217  2774  2774 I SystemServerTiming: StartWifiScanning
03-14 00:34:44.218  2774  2774 I SystemServiceManager: Starting com.android.server.wifi.scanner.WifiScanningService
03-14 00:34:44.222  2774  2774 I SystemServerTiming: StartWifiP2P
03-14 00:34:44.222  2774  2774 I SystemServiceManager: Starting com.android.server.wifi.p2p.WifiP2pService
03-14 00:34:44.232  2774  2774 I SystemServerTiming: StartEthernet
03-14 00:34:44.232  2774  2774 I SystemServiceManager: Starting com.android.server.ethernet.EthernetService
03-14 00:34:44.234  2774  2774 I SystemServerTiming: StartPppoe
03-14 00:34:44.235  2774  2774 I SystemServiceManager: Starting com.android.server.pppoe.PppoeService
03-14 00:34:44.238  2774  2876 I chatty  : uid=1000(system) UEventObserver expire 33 lines
03-14 00:34:44.250  2774  2774 I SystemServerTiming: StartConnectivityService
03-14 00:34:44.257  2774  2774 D ConnectivityService: ConnectivityService starting up
03-14 00:34:44.263  2774  2774 D ConnectivityService: wifiOnly=false
03-14 00:34:44.263  2774  2774 E ConnectivityService: Error in networkAttributes - ignoring attempt to define type 1000
03-14 00:34:44.263  2774  2774 E ConnectivityService: Ignoring protectedNetwork 10
03-14 00:34:44.263  2774  2774 E ConnectivityService: Ignoring protectedNetwork 11
03-14 00:34:44.263  2774  2774 E ConnectivityService: Ignoring protectedNetwork 12
03-14 00:34:44.263  2774  2774 E ConnectivityService: Ignoring protectedNetwork 14
03-14 00:34:44.263  2774  2774 E ConnectivityService: Ignoring protectedNetwork 15
03-14 00:34:44.276  2466  2466 I jinju_HidrawThr: type=1400 audit(0.0:324): avc: denied { read } for name="/" dev="tmpfs" ino=9760 scontext=u:r:hal_audio_default:s0 tcontext=u:object_r:device:s0 tclass=dir permissive=1
03-14 00:34:44.276  2466  2466 I jinju_HidrawThr: type=1400 audit(0.0:325): avc: denied { open } for path="/dev" dev="tmpfs" ino=9760 scontext=u:r:hal_audio_default:s0 tcontext=u:object_r:device:s0 tclass=dir permissive=1
03-14 00:34:44.282  2774  2774 I SystemServerTiming: StartNsdService
03-14 00:34:44.284  2774  2774 D NsdService: Network service discovery is enabled
03-14 00:34:44.288  2774  2774 I SystemServerTiming: StartSystemUpdateManagerService
03-14 00:34:44.289  2774  2774 I SystemUpdateManagerService: No existing info file /data/system/system-update-info.xml
03-14 00:34:44.290  2774  2774 I SystemServerTiming: StartUpdateLockService
03-14 00:34:44.291  2774  2774 I SystemServerTiming: StartNotificationManager
03-14 00:34:44.292  2774  2774 I SystemServiceManager: Starting com.android.server.notification.NotificationManagerService
03-14 00:34:44.351  2774  2774 D ConditionProviders.SCP: new ScheduleConditionProvider()
03-14 00:34:44.407  2462  2462 I Zygote  : ...preloaded 6929 classes in 1082ms.
03-14 00:34:44.407  2462  2462 I zygote  : VMRuntime.preloadDexCaches starting
03-14 00:34:44.450  2703  2703 D dom2reg : timezone change, new: Asia/Calcutta, pre: 
03-14 00:34:44.450  2703  2703 W dom2reg : timezone [Asia/Calcutta] not in default tables, please check!
03-14 00:34:44.469  2462  2462 I zygote  : VMRuntime.preloadDexCaches strings total=325919 before=9190 after=9190
03-14 00:34:44.469  2462  2462 I zygote  : VMRuntime.preloadDexCaches types total=37269 before=7500 after=9138
03-14 00:34:44.469  2462  2462 I zygote  : VMRuntime.preloadDexCaches fields total=161292 before=9191 after=12439
03-14 00:34:44.469  2462  2462 I zygote  : VMRuntime.preloadDexCaches methods total=289665 before=11678 after=14650
03-14 00:34:44.469  2462  2462 I zygote  : VMRuntime.preloadDexCaches finished
03-14 00:34:44.497  2462  2462 D libEGL  : loaded /vendor/lib/egl/libGLES_mali.so
03-14 00:34:44.593  2774  2774 I NotificationAssistants: Read notification assistant permissions from xml
03-14 00:34:44.594  2774  2774 I ConditionProviders: Read condition provider permissions from xml
03-14 00:34:44.595  2774  2774 I ConditionProviders: Read condition provider permissions from xml
03-14 00:34:44.595  2774  2774 D NotificationAssistants: Approving default notification assistant for user 0
03-14 00:34:44.596  2774  2774 I ConditionProviders:  Allowing condition provider android.ext.services/android.ext.services.notification.Assistant
03-14 00:34:44.602  2774  2774 W SystemServiceManager: Service com.android.server.notification.NotificationManagerService took 277 ms in onStart
03-14 00:34:44.622  2462  2462 I Zygote  : Preloading shared libraries...
03-14 00:34:44.633  2462  2462 I Zygote  : Called ZygoteHooks.endPreload()
03-14 00:34:44.634  2462  2462 I Zygote  : Installed AndroidKeyStoreProvider in 1ms.
03-14 00:34:44.649  2462  2462 I Zygote  : Warmed up JCA providers in 15ms.
03-14 00:34:44.649  2462  2462 D Zygote  : end preload
03-14 00:34:45.262  2774  2774 I SystemServerTiming: StartDeviceMonitor
03-14 00:34:45.262  2774  2774 I SystemServiceManager: Starting com.android.server.storage.DeviceStorageMonitorService
03-14 00:34:45.264  2774  2774 I SystemServerTiming: StartLocationManagerService
03-14 00:34:45.264  2774  2774 I SystemServiceManager: Starting com.android.server.location.LocationManagerService$Lifecycle
03-14 00:34:45.310  2774  2774 I SystemServerTiming: StartCountryDetectorService
03-14 00:34:45.311  2774  2774 I SystemServerTiming: StartTimeDetectorService
03-14 00:34:45.312  2774  2774 I SystemServiceManager: Starting com.android.server.timedetector.TimeDetectorService$Lifecycle
03-14 00:34:45.313  2774  2774 I SystemServerTiming: StartTimeZoneDetectorService
03-14 00:34:45.314  2774  2774 I SystemServiceManager: Starting com.android.server.timezonedetector.TimeZoneDetectorService$Lifecycle
03-14 00:34:45.315  2774  2774 I SystemServerTiming: StartSearchManagerService
03-14 00:34:45.315  2774  2774 I SystemServiceManager: Starting com.android.server.search.SearchManagerService$Lifecycle
03-14 00:34:45.317  2774  2774 I SystemServerTiming: StartAudioService
03-14 00:34:45.317  2774  2774 I SystemServiceManager: Starting com.android.server.audio.AudioService$Lifecycle
03-14 00:34:45.345  2493  2769 W AudioFlinger: no wake lock to update, system not ready yet
03-14 00:34:45.353  2493  2493 D PermissionCache: checking android.permission.MODIFY_AUDIO_SETTINGS for uid=1000 => granted (1978 us)
03-14 00:34:45.358  2493  2493 D PermissionCache: checking android.permission.MODIFY_AUDIO_ROUTING for uid=1000 => granted (236 us)
03-14 00:34:45.361  2493  2493 W APM::AudioPolicyEngine: getDevicesForStrategy() unknown strategy: -1
03-14 00:34:45.361  2493  2493 W APM::AudioPolicyEngine: getDevicesForStrategy() unknown strategy: -1
03-14 00:34:45.396  2466  2484 D audio_hw_primary: adev_set_parameters, speaker_volume=15
03-14 00:34:45.396  2466  2484 D audio_hw_config: int save_path_volume(int, int):path=0 volume=15
03-14 00:34:45.508  2466  2484 D audio_hw_primary_thal: 000 Set_Volume index: 15, volumeDB: -119db, Success
03-14 00:34:45.511  2466  2484 D audio_hw_primary: adev_set_parameters, headphone_volume=10
03-14 00:34:45.511  2466  2484 D audio_hw_config: int save_path_volume(int, int):path=1 volume=10
03-14 00:34:45.592  2466  2484 D audio_hw_primary: adev_set_parameters, speaker_volume=15
03-14 00:34:45.592  2466  2484 D audio_hw_config: int save_path_volume(int, int):path=0 volume=15
03-14 00:34:45.628  2466  2484 D audio_hw_primary_thal: 000 Set_Volume index: 15, volumeDB: -119db, Success
03-14 00:34:45.631  2466  2484 D audio_hw_primary: adev_set_parameters, headphone_volume=10
03-14 00:34:45.631  2466  2484 D audio_hw_config: int save_path_volume(int, int):path=1 volume=10
03-14 00:34:45.755  2493  2923 D AudioFlinger: isLowRamDevice:true totalMemory:983961600 mClientSharedHeapSize:1048576
03-14 00:34:45.756  2774  2774 I SystemServerTiming: StartSoundTriggerMiddlewareService
03-14 00:34:45.757  2774  2774 I SystemServiceManager: Starting com.android.server.soundtrigger_middleware.SoundTriggerMiddlewareService$Lifecycle
03-14 00:34:45.766  2466  2484 I sound_trigger_hw_default: stdev_get_properties
03-14 00:34:45.768  2493  2923 I CaptureStateNotifier: Registering a listener
03-14 00:34:45.768  2774  2774 I SystemServerTiming: StartDockObserver
03-14 00:34:45.769  2774  2774 I SystemServiceManager: Starting com.android.server.DockObserver
03-14 00:34:45.769  2774  2924 I chatty  : uid=1000(system) Thread-13 expire 1 line
03-14 00:34:45.769  2774  2774 W DockObserver: This kernel does not have dock station support
03-14 00:34:45.771  2774  2774 I SystemServerTiming: StartWiredAccessoryManager
03-14 00:34:45.776  2774  2774 W WiredAccessoryManager: This kernel does not have usb audio support
03-14 00:34:45.776  2774  2774 W WiredAccessoryManager: This kernel does not have HDMI audio support
03-14 00:34:45.777  2774  2774 I SystemServer: Audio device manager Observer
03-14 00:34:45.778  2774  2774 W StorageManagerService: No primary storage defined yet; hacking together a stub
03-14 00:34:45.779  2774  2813 I DropBoxManagerService: add tag=system_server_wtf isTagEnabled=true flags=0x2
03-14 00:34:45.822  2774  2774 I SystemServerTiming: StartMidiManager
03-14 00:34:45.822  2774  2774 I SystemServiceManager: Starting com.android.server.midi.MidiService$Lifecycle
03-14 00:34:45.823  2774  2774 I SystemServerTiming: StartAdbService
03-14 00:34:45.823  2774  2774 I SystemServiceManager: Starting com.android.server.adb.AdbService$Lifecycle
03-14 00:34:45.826  2774  2774 I SystemServerTiming: StartUsbService
03-14 00:34:45.826  2774  2774 I SystemServiceManager: Starting com.android.server.usb.UsbService$Lifecycle
03-14 00:34:45.826  2774  2774 I SystemServerTiming: StartSerialService
03-14 00:34:45.826  2774  2811 I SystemServerTimingAsync: InitThreadPoolExec:UsbService$Lifecycle#onStart
03-14 00:34:45.827  2774  2774 I SystemServerTiming: StartHardwarePropertiesManagerService
03-14 00:34:45.828  2774  2811 E UsbDeviceManager: failed to write to /sys/class/android_usb/android0/f_rndis/ethaddr
03-14 00:34:45.830  2774  2811 I UsbDeviceManager: USB GADGET HAL not present in the device
03-14 00:34:45.830  2774  2811 I UsbDeviceManager: java.util.NoSuchElementException
03-14 00:34:45.830  2774  2811 I UsbDeviceManager: 	at android.os.HwBinder.getService(Native Method)
03-14 00:34:45.830  2774  2811 I UsbDeviceManager: 	at android.hardware.usb.gadget.V1_0.IUsbGadget.getService(IUsbGadget.java:55)
03-14 00:34:45.830  2774  2811 I UsbDeviceManager: 	at android.hardware.usb.gadget.V1_0.IUsbGadget.getService(IUsbGadget.java:62)
03-14 00:34:45.830  2774  2811 I UsbDeviceManager: 	at com.android.server.usb.UsbDeviceManager.<init>(UsbDeviceManager.java:265)
03-14 00:34:45.830  2774  2811 I UsbDeviceManager: 	at com.android.server.usb.UsbService.<init>(UsbService.java:178)
03-14 00:34:45.830  2774  2811 I UsbDeviceManager: 	at com.android.server.usb.UsbService$Lifecycle.lambda$onStart$0$UsbService$Lifecycle(UsbService.java:92)
03-14 00:34:45.830  2774  2811 I UsbDeviceManager: 	at com.android.server.usb.-$$Lambda$UsbService$Lifecycle$KjOG0MXO3C0J-L5Ymrj6FnSwXwQ.run(Unknown Source:2)
03-14 00:34:45.830  2774  2811 I UsbDeviceManager: 	at com.android.server.SystemServerInitThreadPool.lambda$submitTask$0$SystemServerInitThreadPool(SystemServerInitThreadPool.java:103)
03-14 00:34:45.830  2774  2811 I UsbDeviceManager: 	at com.android.server.-$$Lambda$SystemServerInitThreadPool$o2_GLo0lnkotYmRdTfg66UETEwQ.run(Unknown Source:6)
03-14 00:34:45.830  2774  2811 I UsbDeviceManager: 	at java.util.concurrent.Executors$RunnableAdapter.call(Executors.java:462)
03-14 00:34:45.830  2774  2811 I UsbDeviceManager: 	at java.util.concurrent.FutureTask.run(FutureTask.java:266)
03-14 00:34:45.830  2774  2811 I UsbDeviceManager: 	at java.util.concurrent.ThreadPoolExecutor.runWorker(ThreadPoolExecutor.java:1167)
03-14 00:34:45.830  2774  2811 I UsbDeviceManager: 	at java.util.concurrent.ThreadPoolExecutor$Worker.run(ThreadPoolExecutor.java:641)
03-14 00:34:45.830  2774  2811 I UsbDeviceManager: 	at com.android.internal.util.ConcurrentUtils$1$1.run(ConcurrentUtils.java:65)
03-14 00:34:45.831  2774  2774 I SystemServerTiming: StartTwilightService
03-14 00:34:45.831  2774  2774 I SystemServiceManager: Starting com.android.server.twilight.TwilightService
03-14 00:34:45.831  2774  2774 I SystemServerTiming: StartColorDisplay
03-14 00:34:45.831  2774  2774 I SystemServiceManager: Starting com.android.server.display.color.ColorDisplayService
03-14 00:34:45.832  2774  2774 I SystemServerTiming: StartJobScheduler
03-14 00:34:45.834  2774  2774 I SystemServiceManager: Starting com.android.server.job.JobSchedulerService
03-14 00:34:45.851  2774  2774 D JobStore: Start tag: job-info
03-14 00:34:45.862  2774  2811 W StorageManagerService: No primary storage defined yet; hacking together a stub
03-14 00:34:45.867  2774  2774 I JobStore: Read 12 jobs
03-14 00:34:45.867  2658  2859 W cutils  : Expected path /data/data/com.google.android.gms with mode 700 but found 711
03-14 00:34:45.870  2658  2859 W cutils  : Expected path /data/user_de/0/com.google.android.gms with mode 700 but found 711
03-14 00:34:45.871  2774  2829 I UsbPortManager: Usb hal service started android.hardware.usb@1.0::IUsb default
03-14 00:34:45.874  2774  2829 I chatty  : uid=1000(system) HwBinder:2774_1 expire 1 line
03-14 00:34:45.878  2490  2929 I chatty  : uid=1000(system) usb@1.0-service expire 1 line
03-14 00:34:45.882  2774  2905 D ConnectivityService: NetReassign [no changes]
03-14 00:34:45.892  2774  2774 E HistoricalRegistry: Interaction before persistence initialized
03-14 00:34:45.894  2774  2774 I SystemServerTiming: StartSoundTrigger
03-14 00:34:45.894  2774  2774 I SystemServiceManager: Starting com.android.server.soundtrigger.SoundTriggerService
03-14 00:34:45.895  2774  2774 I SystemServerTiming: StartTrustManager
03-14 00:34:45.895  2774  2774 I SystemServiceManager: Starting com.android.server.trust.TrustManagerService
03-14 00:34:45.901  2774  2774 I SystemServerTiming: StartBackupManager
03-14 00:34:45.901  2774  2774 I SystemServiceManager: Starting com.android.server.backup.BackupManagerService$Lifecycle
03-14 00:34:45.904  2774  2774 I SystemServerTiming: StartAppWidgetService
03-14 00:34:45.904  2774  2774 I SystemServiceManager: Starting com.android.server.appwidget.AppWidgetService
03-14 00:34:45.908  2658  2663 W cutils  : Expected path /data/data/com.google.android.gms with mode 700 but found 711
03-14 00:34:45.910  2658  2663 W cutils  : Expected path /data/user_de/0/com.google.android.gms with mode 700 but found 711
03-14 00:34:45.913  2774  2774 I SystemServerTiming: StartRoleManagerService
03-14 00:34:45.918  2774  2774 I SystemServerTiming: StartVoiceRecognitionManager
03-14 00:34:45.918  2774  2774 I SystemServiceManager: Starting com.android.server.voiceinteraction.VoiceInteractionManagerService
03-14 00:34:45.936  2774  2774 I SystemServerTiming: StartGestureLauncher
03-14 00:34:45.936  2774  2774 I SystemServiceManager: Starting com.android.server.GestureLauncherService
03-14 00:34:45.936  2774  2774 I SystemServerTiming: StartSensorNotification
03-14 00:34:45.936  2774  2774 I SystemServiceManager: Starting com.android.server.SensorNotificationService
03-14 00:34:45.936  2774  2774 I SystemServerTiming: StartDiskStatsService
03-14 00:34:45.941  2774  2774 I SystemServerTiming: RuntimeService
03-14 00:34:45.941  2774  2774 I SystemServerTiming: StartNetworkTimeUpdateService
03-14 00:34:45.944  2774  2774 I SystemServerTiming: CertBlacklister
03-14 00:34:45.946  2774  2774 I SystemServerTiming: StartEmergencyAffordanceService
03-14 00:34:45.946  2774  2774 I SystemServiceManager: Starting com.android.server.emergency.EmergencyAffordanceService
03-14 00:34:45.949  2774  2774 I SystemServerTiming: StartDreamManager
03-14 00:34:45.949  2774  2855 I SystemServerTimingAsync: InitThreadPoolExec:startBlobStoreManagerService
03-14 00:34:45.949  2774  2774 I SystemServiceManager: Starting com.android.server.dreams.DreamManagerService
03-14 00:34:45.949  2774  2855 I SystemServerTimingAsync: startBlobStoreManagerService
03-14 00:34:45.949  2774  2855 I SystemServiceManager: Starting com.android.server.blob.BlobStoreManagerService
03-14 00:34:45.951  2774  2774 I SystemServerTiming: AddGraphicsStatsService
03-14 00:34:45.957  2774  2774 I SystemServerTiming: StartPrintManager
03-14 00:34:45.957  2774  2774 I SystemServiceManager: Starting com.android.server.print.PrintManagerService
03-14 00:34:45.959  2460  2473 I ServiceManager: Waiting for service 'statscompanion' on '/dev/binder'...
03-14 00:34:45.960  2774  2774 I SystemServerTiming: StartCompanionDeviceManager
03-14 00:34:45.960  2774  2774 I SystemServiceManager: Starting com.android.server.companion.CompanionDeviceManagerService
03-14 00:34:45.963  2774  2774 I SystemServerTiming: StartRestrictionManager
03-14 00:34:45.963  2774  2774 I SystemServiceManager: Starting com.android.server.restrictions.RestrictionsManagerService
03-14 00:34:45.964  2774  2774 I SystemServerTiming: StartMediaSessionService
03-14 00:34:45.964  2774  2774 I SystemServiceManager: Starting com.android.server.media.MediaSessionService
03-14 00:34:45.969  2774  2774 I SystemServerTiming: StartHdmiControlService
03-14 00:34:45.969  2774  2774 I SystemServiceManager: Starting com.android.server.hdmi.HdmiControlService
03-14 00:34:45.975  2774  2774 D HdmiControlService: setEnvHdmiCecEnableStatus
03-14 00:34:46.006  2361  2361 D RefBase : RefBase: Explicit destruction, weak count = 0 (in 0xb54ae050)
03-14 00:34:46.006  2361  2361 W RefBase : CallStack::getCurrentInternal not linked, returning null
03-14 00:34:46.006  2361  2361 W RefBase : CallStack::logStackInternal not linked
03-14 00:34:46.007  2774  2774 D HdmiControlService: setEnvHdmiCecWakeupStatus
03-14 00:34:46.030  2361  2361 D RefBase : RefBase: Explicit destruction, weak count = 0 (in 0xb54ae050)
03-14 00:34:46.030  2361  2361 W RefBase : CallStack::getCurrentInternal not linked, returning null
03-14 00:34:46.030  2361  2361 W RefBase : CallStack::logStackInternal not linked
03-14 00:34:46.036  2485  2485 I chatty  : uid=1000(system) /vendor/bin/hw/android.hardware.tv.cec@1.0-service expire 32 lines
03-14 00:34:46.038  2361  2361 D TvServer: SubDeviceHDMIGetPortStatus(377): read success! out string "0x00000001
03-14 00:34:46.038  2361  2361 D TvServer: ", value 0x00000001
03-14 00:34:46.041  2361  2361 D tvvideo : pLangCode[0] = e, pLangCode[1] = n, pLangCode[2] = g
03-14 00:34:46.050  2774  2774 I HdmiControlService: Device does not support MHL-control.
03-14 00:34:46.060  2460  2473 I ServiceManager: Waiting for service 'statscompanion' on '/dev/binder'...
03-14 00:34:46.162  2460  2473 I chatty  : uid=1066(statsd) Binder:2460_3 identical 1 line
03-14 00:34:46.262  2460  2473 I ServiceManager: Waiting for service 'statscompanion' on '/dev/binder'...
03-14 00:34:46.363  2460  2473 I ServiceManager: Waiting for service 'statscompanion' on '/dev/binder'...
03-14 00:34:46.450  2703  2703 D dom2reg : timezone change, new: Asia/Calcutta, pre: 
03-14 00:34:46.451  2703  2703 W dom2reg : timezone [Asia/Calcutta] not in default tables, please check!
03-14 00:34:46.464  2460  2473 I ServiceManager: Waiting for service 'statscompanion' on '/dev/binder'...
03-14 00:34:46.564  2460  2473 I ServiceManager: Waiting for service 'statscompanion' on '/dev/binder'...
03-14 00:34:46.665  2460  2473 I ServiceManager: Waiting for service 'statscompanion' on '/dev/binder'...
03-14 00:34:46.765  2460  2473 I ServiceManager: Waiting for service 'statscompanion' on '/dev/binder'...
03-14 00:34:46.848  2774  2937 W HDMI    : [1]:Failed to send a polling message(0->0) with return code 3
03-14 00:34:46.862  2774  2774 W SystemServiceManager: Service com.android.server.hdmi.HdmiControlService took 889 ms in onStart
03-14 00:34:46.862  2774  2774 I SystemServerTiming: StartTvInputManager
03-14 00:34:46.862  2774  2774 I SystemServiceManager: Starting com.android.server.tv.TvInputManagerService
03-14 00:34:46.866  2460  2473 I ServiceManager: Waiting for service 'statscompanion' on '/dev/binder'...
03-14 00:34:46.882  2361  2444 D tvserver: THal vendor/aw/homlet/tvsystem/hal/bsp/HAL_SX6/Display/Src/thal_display_hdmi.c:269:info: THal_Vp_SetHDCP22Key() ENTER
03-14 00:34:46.882  2361  2444 D tvserver: THal vendor/aw/homlet/tvsystem/hal/bsp/HAL_SX6/Display/Src/thal_display_hdmi.c:279:error: SetHDCP22Key size:2
03-14 00:34:46.883  2361  2444 D tvserver: THal vendor/aw/homlet/tvsystem/hal/bsp/HAL_SX6/Display/Src/thal_display_hdmi.c:294:info: THal_Vp_SetHDCP22Key() LEAVE
03-14 00:34:46.883  2361  2443 D TvServer: SubDeviceSetMonitorCallback,cb = 0xb3e93054
03-14 00:34:46.883  2361  2443 D tvvideo : deviceSetMonitorCallback type=3 seq=-1
03-14 00:34:46.883  2361  2443 D CSignalMonitor: setCallback type=3 sequence=-1 cb = 0xb3e93054
03-14 00:34:46.883  2361  2443 D CHotplugMonitor: setCallback type=3 sequence=-1
03-14 00:34:46.883  2361  2443 D CHotplugMonitor: setCallback return index=-1
03-14 00:34:46.884  2361  2444 D TvServer: SubDeviceSetMonitorCallback,cb = 0xb3d92054
03-14 00:34:46.884  2361  2444 D tvvideo : deviceSetMonitorCallback type=4 seq=-1
03-14 00:34:46.884  2361  2444 D CSignalMonitor: setCallback type=4 sequence=-1 cb = 0xb3d92054
03-14 00:34:46.884  2361  2444 D CHotplugMonitor: setCallback type=4 sequence=-1
03-14 00:34:46.884  2361  2444 D CHotplugMonitor: setCallback return index=-1
03-14 00:34:46.884  2361  2941 D TvServer: SubDeviceSetMonitorCallback,cb = 0xb3c91054
03-14 00:34:46.884  2361  2941 D tvvideo : deviceSetMonitorCallback type=5 seq=-1
03-14 00:34:46.884  2361  2941 D CSignalMonitor: setCallback type=5 sequence=-1 cb = 0xb3c91054
03-14 00:34:46.884  2361  2941 D CHotplugMonitor: setCallback type=5 sequence=-1
03-14 00:34:46.884  2361  2941 D CHotplugMonitor: setCallback return index=-1
03-14 00:34:46.884  2361  2941 D TvServer: SubDeviceSetMonitorCallback,cb = 0xb3c91054
03-14 00:34:46.884  2361  2941 D tvvideo : deviceSetMonitorCallback type=7 seq=-1
03-14 00:34:46.884  2361  2941 D CSignalMonitor: setCallback type=7 sequence=-1 cb = 0xb3c91054
03-14 00:34:46.884  2361  2941 D CHotplugMonitor: setCallback type=7 sequence=-1
03-14 00:34:46.884  2361  2941 D CHotplugMonitor: setCallback return index=-1
03-14 00:34:46.885  2361  2444 D TvServer: SubDeviceSetMonitorCallback,cb = 0xb3d92054
03-14 00:34:46.885  2361  2444 D tvvideo : deviceSetMonitorCallback type=10 seq=-1
03-14 00:34:46.885  2361  2444 D CSignalMonitor: setCallback type=10 sequence=-1 cb = 0xb3d92054
03-14 00:34:46.885  2361  2444 D CHotplugMonitor: setCallback type=10 sequence=-1
03-14 00:34:46.885  2361  2444 D CHotplugMonitor: setCallback return index=-1
03-14 00:34:46.886  2361  2444 D TvServer: SubDeviceHDMIGetPortStatus(377): read success! out string "0x00000001
03-14 00:34:46.886  2361  2444 D TvServer: ", value 0x00000001
03-14 00:34:46.887  2361  2444 D tvserver: THal vendor/aw/homlet/tvsystem/hal/bsp/HAL_SX6/Display/Src/thal_display_hdmi.c:528:info: THal_Vp_HDMI_SetHPDTimeInterval Start
03-14 00:34:46.887  2361  2444 D tvserver: 
03-14 00:34:46.887  2361  2444 D tvserver: THal vendor/aw/homlet/tvsystem/hal/bsp/HAL_SX6/Display/Src/thal_display_hdmi.c:534:info: THal_Vp_HDMI_SetHPDTimeInterval End
03-14 00:34:46.887  2361  2444 D tvserver: 
03-14 00:34:46.891  2774  2774 I SystemServerTiming: StartTvRemoteService
03-14 00:34:46.891  2774  2774 I SystemServiceManager: Starting com.android.server.tv.TvRemoteService
03-14 00:34:46.892  2774  2774 I SystemServerTiming: StartMediaRouterService
03-14 00:34:46.894  2774  2774 I SystemServerTiming: StartBiometricService
03-14 00:34:46.894  2774  2774 I SystemServiceManager: Starting com.android.server.biometrics.BiometricService
03-14 00:34:46.899  2774  2774 I SystemServerTiming: StartAuthService
03-14 00:34:46.899  2774  2774 I SystemServiceManager: Starting com.android.server.biometrics.AuthService
03-14 00:34:46.901  2774  2774 I SystemServerTiming: StartBackgroundDexOptService
03-14 00:34:46.909  2774  2774 I SystemServerTiming: StartDynamicCodeLoggingService
03-14 00:34:46.912  2774  2774 I SystemServerTiming: StartPruneInstantAppsJobService
03-14 00:34:46.913  2774  2774 I SystemServerTiming: StartShortcutServiceLifecycle
03-14 00:34:46.913  2774  2774 I SystemServiceManager: Starting com.android.server.pm.ShortcutService$Lifecycle
03-14 00:34:46.915  2774  2774 E HistoricalRegistry: Interaction before persistence initialized
03-14 00:34:46.916  2774  2774 I SystemServerTiming: StartLauncherAppsService
03-14 00:34:46.916  2774  2774 I SystemServiceManager: Starting com.android.server.pm.LauncherAppsService
03-14 00:34:46.917  2774  2774 I SystemServerTiming: StartCrossProfileAppsService
03-14 00:34:46.918  2774  2774 I SystemServiceManager: Starting com.android.server.pm.CrossProfileAppsService
03-14 00:34:46.919  2774  2774 I SystemServerTiming: StartPeopleService
03-14 00:34:46.919  2774  2774 I SystemServiceManager: Starting com.android.server.people.PeopleService
03-14 00:34:46.919  2774  2774 I SystemServerTiming: StartMediaProjectionManager
03-14 00:34:46.919  2774  2774 I SystemServiceManager: Starting com.android.server.media.projection.MediaProjectionManagerService
03-14 00:34:46.923  2774  2774 I SystemServerTiming: StartSliceManagerService
03-14 00:34:46.923  2774  2774 I SystemServiceManager: Starting com.android.server.slice.SliceManagerService$Lifecycle
03-14 00:34:46.927  2774  2774 I SystemServerTiming: StartCameraServiceProxy
03-14 00:34:46.927  2774  2774 I SystemServiceManager: Starting com.android.server.camera.CameraServiceProxy
03-14 00:34:46.931  2774  2774 I SystemServerTiming: StartStatsCompanion
03-14 00:34:46.943  2774  2774 I SystemServiceManager: Starting com.android.server.stats.StatsCompanion$Lifecycle
03-14 00:34:46.948  2774  2774 I SystemServerTiming: StartStatsPullAtomService
03-14 00:34:46.949  2774  2774 I SystemServiceManager: Starting com.android.server.stats.pull.StatsPullAtomService
03-14 00:34:46.949  2774  2774 I SystemServerTiming: StartIncidentCompanionService
03-14 00:34:46.949  2774  2774 I SystemServiceManager: Starting com.android.server.incident.IncidentCompanionService
03-14 00:34:46.950  2774  2774 I SystemServerTiming: StartMmsService
03-14 00:34:46.950  2774  2774 I SystemServiceManager: Starting com.android.server.MmsServiceBroker
03-14 00:34:46.951  2774  2774 I SystemServerTiming: StartAutoFillService
03-14 00:34:46.952  2774  2774 I SystemServiceManager: Starting com.android.server.autofill.AutofillManagerService
03-14 00:34:46.967  2774  2774 I SystemServerTiming: StartClipboardService
03-14 00:34:46.967  2774  2774 I SystemServiceManager: Starting com.android.server.clipboard.ClipboardService
03-14 00:34:46.968  2774  2848 I PackageManager: Deferred reconcileAppsData finished 103 packages
03-14 00:34:46.969  2774  2774 I SystemServerTiming: AppServiceManager
03-14 00:34:46.969  2774  2774 I SystemServiceManager: Starting com.android.server.appbinding.AppBindingService$Lifecycle
03-14 00:34:46.973  2774  2774 I SystemServerTiming: MakeVibratorServiceReady
03-14 00:34:46.975  2774  2774 E HistoricalRegistry: Interaction before persistence initialized
03-14 00:34:46.975  2774  2774 I SystemServerTiming: MakeLockSettingsServiceReady
03-14 00:34:46.989  2774  2774 I SyntheticPasswordManager: Device does not support weaver
03-14 00:34:46.990  2774  2774 I LockSettingsService: Device doesn't implement AuthSecret HAL
03-14 00:34:46.995  2774  2774 I SystemServerTiming: StartBootPhaseLockSettingsReady
03-14 00:34:46.995  2774  2774 I SystemServiceManager: Starting phase 480
03-14 00:34:46.995  2774  2774 I SystemServerTiming: OnBootPhase_480
03-14 00:34:47.002  2774  2810 I SystemServerTimingAsync: InitThreadPoolExec:DevicePolicyManager
03-14 00:34:47.002  2774  2774 D SoundTriggerService: onBootPhase: 480 : false
03-14 00:34:47.007  2774  2774 I SystemServerTiming: StartBootPhaseSystemServicesReady
03-14 00:34:47.007  2774  2774 I SystemServiceManager: Starting phase 500
03-14 00:34:47.007  2774  2774 I SystemServerTiming: OnBootPhase_500
03-14 00:34:47.010  2774  2774 D AppStandbyController: Setting app idle enabled state
03-14 00:34:47.015  2774  2774 E HistoricalRegistry: Interaction before persistence initialized
03-14 00:34:47.037  2774  2774 I ActivityTaskManager: Config changes=200 {1.0 ?mcc?mnc [en_US] ldltr sw540dp w960dp h516dp 320dpi lrg long land television -touch qwerty/v/v dpad/v winConfig={ mBounds=Rect(0, 0 - 1920, 1080) mAppBounds=Rect(0, 0 - 1920, 1080) mWindowingMode=fullscreen mDisplayWindowingMode=fullscreen mActivityType=undefined mAlwaysOnTop=undefined mRotation=ROTATION_0} s.6}
03-14 00:34:47.047  2774  2774 I WindowManager: Override config changes=200 {1.0 ?mcc?mnc [en_US] ldltr sw540dp w960dp h516dp 320dpi lrg long land television -touch qwerty/v/v dpad/v winConfig={ mBounds=Rect(0, 0 - 1920, 1080) mAppBounds=Rect(0, 0 - 1920, 1080) mWindowingMode=fullscreen mDisplayWindowingMode=fullscreen mActivityType=undefined mAlwaysOnTop=undefined mRotation=ROTATION_0} s.6} for displayId=0
03-14 00:34:47.050  2774  2774 D TestHarnessModeService: Setting up test harness mode
03-14 00:34:47.050  2774  2774 D TestHarnessModeService: Getting PersistentDataBlockManagerInternal from LocalServices
