03-14 00:34:39.720  2361  2432 D tvpqcontrol: PQAdvance factoryAdvanceGetPQEnable itemType=15 value=0 fromConfig=1
03-14 00:34:39.720  2361  2432 D tvpqcontrol: PQAdvance getPQFactoryExternIniConfig file_tag=PQ_ENABLE, key=PICTURE_PARAM_TSE_ENABLE, defaultValue=65535
03-14 00:34:39.720  2361  2432 D RefBase : RefBase: Explicit destruction, weak count = 0 (in 0xb4095e70)
03-14 00:34:39.720  2361  2432 W RefBase : CallStack::getCurrentInternal not linked, returning null
03-14 00:34:39.720  2361  2432 W RefBase : CallStack::logStackInternal not linked
03-14 00:34:39.720  2361  2432 W tvpqcontrol: PQAdvance factoryAdvanceSetCTI, nowSourceType=4 sourceType is invalid!
03-14 00:34:39.720  2361  2432 D tvpqcontrol: PQAdvance factoryAdvanceGetPQEnable itemType=15 value=0 fromConfig=1
03-14 00:34:39.720  2361  2432 D tvpqcontrol: PQAdvance getPQFactoryExternIniConfig file_tag=PQ_ENABLE, key=PICTURE_PARAM_TSE_ENABLE, defaultValue=65535
03-14 00:34:39.720  2361  2432 D RefBase : RefBase: Explicit destruction, weak count = 0 (in 0xb4095e70)
03-14 00:34:39.720  2361  2432 W RefBase : CallStack::getCurrentInternal not linked, returning null
03-14 00:34:39.720  2361  2432 W RefBase : CallStack::logStackInternal not linked
03-14 00:34:39.720  2361  2432 W tvpqcontrol: PQAdvance factoryAdvanceSetCTI, nowSourceType=4 sourceType is invalid!
03-14 00:34:39.720  2361  2432 D tvpqcontrol: PQAdvance factoryAdvanceGetPQEnable itemType=15 value=0 fromConfig=1
03-14 00:34:39.720  2361  2432 D tvpqcontrol: PQAdvance getPQFactoryExternIniConfig file_tag=PQ_ENABLE, key=PICTURE_PARAM_TSE_ENABLE, defaultValue=65535
03-14 00:34:39.720  2361  2432 D RefBase : RefBase: Explicit destruction, weak count = 0 (in 0xb4095e70)
03-14 00:34:39.720  2361  2432 W RefBase : CallStack::getCurrentInternal not linked, returning null
03-14 00:34:39.720  2361  2432 W RefBase : CallStack::logStackInternal not linked
03-14 00:34:39.720  2361  2432 W tvpqcontrol: PQAdvance factoryAdvanceSetSSR, nowSourceType=4 sourceType is invalid!
03-14 00:34:39.720  2361  2432 D tvpqcontrol: PQAdvance factoryAdvanceGetPQEnable itemType=15 value=0 fromConfig=1
03-14 00:34:39.720  2361  2432 D tvpqcontrol: PQAdvance getPQFactoryExternIniConfig file_tag=PQ_ENABLE, key=PICTURE_PARAM_TSE_ENABLE, defaultValue=65535
03-14 00:34:39.721  2361  2432 D RefBase : RefBase: Explicit destruction, weak count = 0 (in 0xb4095e70)
03-14 00:34:39.721  2361  2432 W RefBase : CallStack::getCurrentInternal not linked, returning null
03-14 00:34:39.721  2361  2432 W RefBase : CallStack::logStackInternal not linked
03-14 00:34:39.721  2361  2432 W tvpqcontrol: PQAdvance factoryAdvanceSetSSR, nowSourceType=4 sourceType is invalid!
03-14 00:34:39.721  2361  2432 D tvpqcontrol: PQAdvance factoryAdvanceGetPQEnable itemType=15 value=0 fromConfig=1
03-14 00:34:39.721  2361  2432 D tvpqcontrol: PQAdvance getPQFactoryExternIniConfig file_tag=PQ_ENABLE, key=PICTURE_PARAM_TSE_ENABLE, defaultValue=65535
03-14 00:34:39.721  2361  2432 D RefBase : RefBase: Explicit destruction, weak count = 0 (in 0xb4095e70)
03-14 00:34:39.721  2361  2432 W RefBase : CallStack::getCurrentInternal not linked, returning null
03-14 00:34:39.721  2361  2432 W RefBase : CallStack::logStackInternal not linked
03-14 00:34:39.721  2361  2432 W tvpqcontrol: PQAdvance factoryAdvanceSetSSR, nowSourceType=4 sourceType is invalid!
03-14 00:34:39.721  2361  2432 D tvpqcontrol: PQAdvance factoryAdvanceGetPQEnable itemType=15 value=0 fromConfig=1
03-14 00:34:39.721  2361  2432 D tvpqcontrol: PQAdvance getPQFactoryExternIniConfig file_tag=PQ_ENABLE, key=PICTURE_PARAM_TSE_ENABLE, defaultValue=65535
03-14 00:34:39.721  2361  2432 D RefBase : RefBase: Explicit destruction, weak count = 0 (in 0xb4095e70)
03-14 00:34:39.721  2361  2432 W RefBase : CallStack::getCurrentInternal not linked, returning null
03-14 00:34:39.721  2361  2432 W RefBase : CallStack::logStackInternal not linked
03-14 00:34:39.721  2361  2432 W tvpqcontrol: PQAdvance factoryAdvanceSetSSR, nowSourceType=4 sourceType is invalid!
03-14 00:34:39.721  2361  2432 D tvpqcontrol: PQAdvance factoryAdvanceGetPQEnable itemType=15 value=0 fromConfig=1
03-14 00:34:39.721  2361  2432 D tvpqcontrol: PQAdvance getPQFactoryExternIniConfig file_tag=PQ_ENABLE, key=PICTURE_PARAM_TSE_ENABLE, defaultValue=65535
03-14 00:34:39.721  2361  2432 D RefBase : RefBase: Explicit destruction, weak count = 0 (in 0xb4095e70)
03-14 00:34:39.721  2361  2432 W RefBase : CallStack::getCurrentInternal not linked, returning null
03-14 00:34:39.722  2361  2432 W RefBase : CallStack::logStackInternal not linked
03-14 00:34:39.722  2361  2432 W tvpqcontrol: PQAdvance factoryAdvanceSetSSR, nowSourceType=4 sourceType is invalid!
03-14 00:34:39.722  2361  2432 D tvpqcontrol: PQAdvance factoryAdvanceGetPQEnable itemType=15 value=0 fromConfig=1
03-14 00:34:39.723  2361  2432 D tvpqcontrol: PQAdvance getPQFactoryExternIniConfig file_tag=PQ_ENABLE, key=PICTURE_PARAM_TSE_ENABLE, defaultValue=65535
03-14 00:34:39.723  2361  2432 D RefBase : RefBase: Explicit destruction, weak count = 0 (in 0xb4095e70)
03-14 00:34:39.724  2361  2432 W RefBase : CallStack::getCurrentInternal not linked, returning null
03-14 00:34:39.724  2361  2432 W RefBase : CallStack::logStackInternal not linked
03-14 00:34:39.724  2361  2432 W tvpqcontrol: PQAdvance factoryAdvanceSetSSR, nowSourceType=4 sourceType is invalid!
03-14 00:34:39.724  2361  2432 D tvpqcontrol: PQAdvance factoryAdvanceGetPQEnable itemType=15 value=0 fromConfig=1
03-14 00:34:39.726  2361  2432 D tvpqcontrol: PQAdvance getPQFactoryExternIniConfig file_tag=PQ_ENABLE, key=PICTURE_PARAM_TSE_ENABLE, defaultValue=65535
03-14 00:34:39.727  2361  2432 D RefBase : RefBase: Explicit destruction, weak count = 0 (in 0xb4095e70)
03-14 00:34:39.727  2361  2432 W RefBase : CallStack::getCurrentInternal not linked, returning null
03-14 00:34:39.727  2361  2432 W RefBase : CallStack::logStackInternal not linked
03-14 00:34:39.727  2361  2432 W tvpqcontrol: PQAdvance factoryAdvanceSetSSR, nowSourceType=4 sourceType is invalid!
03-14 00:34:39.727  2361  2432 D tvpqcontrol: PQAdvance factoryAdvanceGetPQEnable itemType=15 value=0 fromConfig=1
03-14 00:34:39.727  2361  2432 D tvpqcontrol: PQAdvance getPQFactoryExternIniConfig file_tag=PQ_ENABLE, key=PICTURE_PARAM_TSE_ENABLE, defaultValue=65535
03-14 00:34:39.727  2361  2432 D RefBase : RefBase: Explicit destruction, weak count = 0 (in 0xb4095e70)
03-14 00:34:39.727  2361  2432 W RefBase : CallStack::getCurrentInternal not linked, returning null
03-14 00:34:39.727  2361  2432 W RefBase : CallStack::logStackInternal not linked
03-14 00:34:39.727  2361  2432 W tvpqcontrol: PQAdvance factoryAdvanceSetSSR, nowSourceType=4 sourceType is invalid!
03-14 00:34:39.727  2361  2432 D tvpqcontrol: PQAdvance factoryAdvanceGetPQEnable itemType=15 value=0 fromConfig=1
03-14 00:34:39.727  2361  2432 D tvpqcontrol: PQAdvance getPQFactoryExternIniConfig file_tag=PQ_ENABLE, key=PICTURE_PARAM_TSE_ENABLE, defaultValue=65535
03-14 00:34:39.727  2361  2432 D RefBase : RefBase: Explicit destruction, weak count = 0 (in 0xb4095e70)
03-14 00:34:39.727  2361  2432 W RefBase : CallStack::getCurrentInternal not linked, returning null
03-14 00:34:39.727  2361  2432 W RefBase : CallStack::logStackInternal not linked
03-14 00:34:39.727  2361  2432 W tvpqcontrol: PQAdvance factoryAdvanceSetSSR, nowSourceType=4 sourceType is invalid!
03-14 00:34:39.727  2361  2432 D tvpqcontrol: PQAdvance factoryAdvanceGetPQEnable itemType=15 value=0 fromConfig=1
03-14 00:34:39.727  2361  2432 D tvpqcontrol: PQAdvance getPQFactoryExternIniConfig file_tag=PQ_ENABLE, key=PICTURE_PARAM_TSE_ENABLE, defaultValue=65535
03-14 00:34:39.727  2361  2432 D RefBase : RefBase: Explicit destruction, weak count = 0 (in 0xb4095e70)
03-14 00:34:39.727  2361  2432 W RefBase : CallStack::getCurrentInternal not linked, returning null
03-14 00:34:39.727  2361  2432 W RefBase : CallStack::logStackInternal not linked
03-14 00:34:39.727  2361  2432 W tvpqcontrol: PQAdvance factoryAdvanceSetSSR, nowSourceType=4 sourceType is invalid!
03-14 00:34:39.727  2361  2432 D tvpqcontrol: PQAdvance factoryAdvanceGetPQEnable itemType=15 value=0 fromConfig=1
03-14 00:34:39.728  2361  2432 D tvpqcontrol: PQAdvance getPQFactoryExternIniConfig file_tag=PQ_ENABLE, key=PICTURE_PARAM_TSE_ENABLE, defaultValue=65535
03-14 00:34:39.728  2361  2432 D RefBase : RefBase: Explicit destruction, weak count = 0 (in 0xb4095e70)
03-14 00:34:39.728  2361  2432 W RefBase : CallStack::getCurrentInternal not linked, returning null
03-14 00:34:39.728  2361  2432 W RefBase : CallStack::logStackInternal not linked
03-14 00:34:39.728  2361  2432 W tvpqcontrol: PQAdvance factoryAdvanceSetSSR, nowSourceType=4 sourceType is invalid!
03-14 00:34:39.728  2361  2432 D tvpqcontrol: PQAdvance factoryAdvanceGetPQEnable itemType=15 value=0 fromConfig=1
03-14 00:34:39.729  2361  2432 D tvpqcontrol: PQAdvance getPQFactoryExternIniConfig file_tag=PQ_ENABLE, key=PICTURE_PARAM_TSE_ENABLE, defaultValue=65535
03-14 00:34:39.729  2361  2432 D RefBase : RefBase: Explicit destruction, weak count = 0 (in 0xb4095e70)
03-14 00:34:39.729  2361  2432 W RefBase : CallStack::getCurrentInternal not linked, returning null
03-14 00:34:39.729  2361  2432 W RefBase : CallStack::logStackInternal not linked
03-14 00:34:39.729  2361  2432 W tvpqcontrol: PQAdvance factoryAdvanceSetSSR, nowSourceType=4 sourceType is invalid!
03-14 00:34:39.729  2361  2432 D tvpqcontrol: PQAdvance factoryAdvanceGetPQEnable itemType=15 value=0 fromConfig=1
03-14 00:34:39.730  2361  2432 D tvpqcontrol: PQAdvance getPQFactoryExternIniConfig file_tag=PQ_ENABLE, key=PICTURE_PARAM_TSE_ENABLE, defaultValue=65535
03-14 00:34:39.730  2361  2432 D RefBase : RefBase: Explicit destruction, weak count = 0 (in 0xb4095e70)
03-14 00:34:39.730  2361  2432 W RefBase : CallStack::getCurrentInternal not linked, returning null
03-14 00:34:39.731  2361  2432 W RefBase : CallStack::logStackInternal not linked
03-14 00:34:39.731  2361  2432 W tvpqcontrol: PQAdvance factoryAdvanceSetSSR, nowSourceType=4 sourceType is invalid!
03-14 00:34:39.731  2361  2432 D tvpqcontrol: PQAdvance factoryAdvanceGetPQEnable itemType=15 value=0 fromConfig=1
03-14 00:34:39.731  2361  2432 D tvpqcontrol: PQAdvance getPQFactoryExternIniConfig file_tag=PQ_ENABLE, key=PICTURE_PARAM_TSE_ENABLE, defaultValue=65535
03-14 00:34:39.731  2361  2432 D RefBase : RefBase: Explicit destruction, weak count = 0 (in 0xb4095e70)
03-14 00:34:39.731  2361  2432 W RefBase : CallStack::getCurrentInternal not linked, returning null
03-14 00:34:39.731  2361  2432 W RefBase : CallStack::logStackInternal not linked
03-14 00:34:39.731  2361  2432 W tvpqcontrol: PQAdvance factoryAdvanceSetSSR, nowSourceType=4 sourceType is invalid!
03-14 00:34:39.731  2361  2432 D tvpqcontrol: PQAdvance factoryAdvanceGetPQEnable itemType=15 value=0 fromConfig=1
03-14 00:34:39.731  2361  2432 D tvpqcontrol: PQAdvance getPQFactoryExternIniConfig file_tag=PQ_ENABLE, key=PICTURE_PARAM_TSE_ENABLE, defaultValue=65535
03-14 00:34:39.731  2361  2432 D RefBase : RefBase: Explicit destruction, weak count = 0 (in 0xb4095e70)
03-14 00:34:39.731  2361  2432 W RefBase : CallStack::getCurrentInternal not linked, returning null
03-14 00:34:39.731  2361  2432 W RefBase : CallStack::logStackInternal not linked
03-14 00:34:39.731  2361  2432 W tvpqcontrol: PQAdvance factoryAdvanceSetSSR, nowSourceType=4 sourceType is invalid!
03-14 00:34:39.731  2361  2432 D tvpqcontrol: PQAdvance factoryAdvanceGetPQEnable itemType=15 value=0 fromConfig=1
03-14 00:34:39.731  2361  2432 D tvpqcontrol: PQAdvance getPQFactoryExternIniConfig file_tag=PQ_ENABLE, key=PICTURE_PARAM_TSE_ENABLE, defaultValue=65535
03-14 00:34:39.731  2361  2432 D RefBase : RefBase: Explicit destruction, weak count = 0 (in 0xb4095e70)
03-14 00:34:39.731  2361  2432 W RefBase : CallStack::getCurrentInternal not linked, returning null
03-14 00:34:39.731  2361  2432 W RefBase : CallStack::logStackInternal not linked
03-14 00:34:39.731  2361  2432 W tvpqcontrol: PQAdvance factoryAdvanceSetSSR, nowSourceType=4 sourceType is invalid!
03-14 00:34:39.731  2361  2432 D tvpqcontrol: PQAdvance factoryAdvanceGetPQEnable itemType=15 value=0 fromConfig=1
03-14 00:34:39.731  2361  2432 D tvpqcontrol: PQAdvance getPQFactoryExternIniConfig file_tag=PQ_ENABLE, key=PICTURE_PARAM_TSE_ENABLE, defaultValue=65535
03-14 00:34:39.732  2361  2432 D RefBase : RefBase: Explicit destruction, weak count = 0 (in 0xb4095e70)
03-14 00:34:39.732  2361  2432 W RefBase : CallStack::getCurrentInternal not linked, returning null
03-14 00:34:39.732  2361  2432 W RefBase : CallStack::logStackInternal not linked
03-14 00:34:39.732  2361  2432 W tvpqcontrol: PQAdvance factoryAdvanceSetSSR, nowSourceType=4 sourceType is invalid!
03-14 00:34:39.732  2361  2432 D tvpqcontrol: PQAdvance factoryAdvanceGetPQEnable itemType=15 value=0 fromConfig=1
03-14 00:34:39.732  2361  2432 D tvpqcontrol: PQAdvance getPQFactoryExternIniConfig file_tag=PQ_ENABLE, key=PICTURE_PARAM_TSE_ENABLE, defaultValue=65535
03-14 00:34:39.732  2361  2432 D RefBase : RefBase: Explicit destruction, weak count = 0 (in 0xb4095e70)
03-14 00:34:39.732  2361  2432 W RefBase : CallStack::getCurrentInternal not linked, returning null
03-14 00:34:39.732  2361  2432 W RefBase : CallStack::logStackInternal not linked
03-14 00:34:39.732  2361  2432 W tvpqcontrol: PQAdvance factoryAdvanceSetSSR, nowSourceType=4 sourceType is invalid!
03-14 00:34:39.732  2361  2432 D tvpqcontrol: PQAdvance factoryAdvanceGetPQEnable itemType=15 value=0 fromConfig=1
03-14 00:34:39.732  2361  2432 D tvpqcontrol: PQAdvance getPQFactoryExternIniConfig file_tag=PQ_ENABLE, key=PICTURE_PARAM_TSE_ENABLE, defaultValue=65535
03-14 00:34:39.732  2361  2432 D RefBase : RefBase: Explicit destruction, weak count = 0 (in 0xb4095e70)
03-14 00:34:39.733  2361  2432 W RefBase : CallStack::getCurrentInternal not linked, returning null
03-14 00:34:39.733  2361  2432 W RefBase : CallStack::logStackInternal not linked
03-14 00:34:39.733  2361  2432 W tvpqcontrol: PQAdvance factoryAdvanceSetSSR, nowSourceType=4 sourceType is invalid!
03-14 00:34:39.733  2361  2432 D tvpqcontrol: PQAdvance factoryAdvanceGetPQEnable itemType=15 value=0 fromConfig=1
03-14 00:34:39.733  2361  2432 D tvpqcontrol: PQAdvance getPQFactoryExternIniConfig file_tag=PQ_ENABLE, key=PICTURE_PARAM_TSE_ENABLE, defaultValue=65535
03-14 00:34:39.733  2361  2432 D RefBase : RefBase: Explicit destruction, weak count = 0 (in 0xb4095e70)
03-14 00:34:39.733  2361  2432 W RefBase : CallStack::getCurrentInternal not linked, returning null
03-14 00:34:39.733  2361  2432 W RefBase : CallStack::logStackInternal not linked
03-14 00:34:39.733  2361  2432 W tvpqcontrol: PQAdvance factoryAdvanceSetSSR, nowSourceType=4 sourceType is invalid!
03-14 00:34:39.733  2361  2432 D tvpqcontrol: PQAdvance factoryAdvanceGetPQEnable itemType=15 value=0 fromConfig=1
03-14 00:34:39.733  2361  2432 D tvpqcontrol: PQAdvance getPQFactoryExternIniConfig file_tag=PQ_ENABLE, key=PICTURE_PARAM_TSE_ENABLE, defaultValue=65535
03-14 00:34:39.733  2361  2432 D RefBase : RefBase: Explicit destruction, weak count = 0 (in 0xb4095e70)
03-14 00:34:39.733  2361  2432 W RefBase : CallStack::getCurrentInternal not linked, returning null
03-14 00:34:39.733  2361  2432 W RefBase : CallStack::logStackInternal not linked
03-14 00:34:39.733  2361  2432 W tvpqcontrol: PQAdvance factoryAdvanceSetSSR, nowSourceType=4 sourceType is invalid!
03-14 00:34:39.733  2361  2432 D tvpqcontrol: PQAdvance factoryAdvanceGetPQEnable itemType=15 value=0 fromConfig=1
03-14 00:34:39.733  2361  2432 D tvpqcontrol: PQAdvance getPQFactoryExternIniConfig file_tag=PQ_ENABLE, key=PICTURE_PARAM_TSE_ENABLE, defaultValue=65535
03-14 00:34:39.734  2361  2432 D RefBase : RefBase: Explicit destruction, weak count = 0 (in 0xb4095e70)
03-14 00:34:39.734  2361  2432 W RefBase : CallStack::getCurrentInternal not linked, returning null
03-14 00:34:39.734  2361  2432 W RefBase : CallStack::logStackInternal not linked
03-14 00:34:39.734  2361  2432 W tvpqcontrol: PQAdvance factoryAdvanceSetSSR, nowSourceType=4 sourceType is invalid!
03-14 00:34:39.734  2361  2432 D tvpqcontrol: PQAdvance factoryAdvanceGetPQEnable itemType=15 value=0 fromConfig=1
03-14 00:34:39.734  2361  2432 D tvpqcontrol: PQAdvance getPQFactoryExternIniConfig file_tag=PQ_ENABLE, key=PICTURE_PARAM_TSE_ENABLE, defaultValue=65535
03-14 00:34:39.734  2361  2432 D RefBase : RefBase: Explicit destruction, weak count = 0 (in 0xb4095e70)
03-14 00:34:39.734  2361  2432 W RefBase : CallStack::getCurrentInternal not linked, returning null
03-14 00:34:39.734  2361  2432 W RefBase : CallStack::logStackInternal not linked
03-14 00:34:39.734  2361  2432 W tvpqcontrol: PQAdvance factoryAdvanceSetSSR, nowSourceType=4 sourceType is invalid!
03-14 00:34:39.734  2361  2432 D tvpqcontrol: PQAdvance factoryAdvanceGetPQEnable itemType=15 value=0 fromConfig=1
03-14 00:34:39.734  2361  2432 D tvpqcontrol: PQAdvance getPQFactoryExternIniConfig file_tag=PQ_ENABLE, key=PICTURE_PARAM_TSE_ENABLE, defaultValue=65535
03-14 00:34:39.734  2361  2432 D RefBase : RefBase: Explicit destruction, weak count = 0 (in 0xb4095e70)
03-14 00:34:39.734  2361  2432 W RefBase : CallStack::getCurrentInternal not linked, returning null
03-14 00:34:39.734  2361  2432 W RefBase : CallStack::logStackInternal not linked
03-14 00:34:39.734  2361  2432 W tvpqcontrol: PQAdvance factoryAdvanceSetSSR, nowSourceType=4 sourceType is invalid!
03-14 00:34:39.734  2361  2432 D tvpqcontrol: PQAdvance factoryAdvanceGetPQEnable itemType=15 value=0 fromConfig=1
03-14 00:34:39.734  2361  2432 D tvpqcontrol: PQAdvance getPQFactoryExternIniConfig file_tag=PQ_ENABLE, key=PICTURE_PARAM_TSE_ENABLE, defaultValue=65535
03-14 00:34:39.735  2361  2432 D RefBase : RefBase: Explicit destruction, weak count = 0 (in 0xb4095e70)
03-14 00:34:39.735  2361  2432 W RefBase : CallStack::getCurrentInternal not linked, returning null
03-14 00:34:39.735  2361  2432 W RefBase : CallStack::logStackInternal not linked
03-14 00:34:39.735  2361  2432 W tvpqcontrol: PQAdvance factoryAdvanceSetSSR, nowSourceType=4 sourceType is invalid!
03-14 00:34:39.735  2361  2432 D tvpqcontrol: PQAdvance factoryAdvanceGetPQEnable itemType=15 value=0 fromConfig=1
03-14 00:34:39.735  2361  2432 D tvpqcontrol: PQAdvance getPQFactoryExternIniConfig file_tag=PQ_ENABLE, key=PICTURE_PARAM_TSE_ENABLE, defaultValue=65535
03-14 00:34:39.735  2361  2432 D RefBase : RefBase: Explicit destruction, weak count = 0 (in 0xb4095e70)
03-14 00:34:39.735  2361  2432 W RefBase : CallStack::getCurrentInternal not linked, returning null
03-14 00:34:39.735  2361  2432 W RefBase : CallStack::logStackInternal not linked
03-14 00:34:39.735  2361  2432 W tvpqcontrol: PQAdvance factoryAdvanceSetSSR, nowSourceType=4 sourceType is invalid!
03-14 00:34:39.735  2361  2432 D tvpqcontrol: PQAdvance factoryAdvanceGetPQEnable itemType=15 value=0 fromConfig=1
03-14 00:34:39.735  2361  2432 D tvpqcontrol: PQAdvance getPQFactoryExternIniConfig file_tag=PQ_ENABLE, key=PICTURE_PARAM_TSE_ENABLE, defaultValue=65535
03-14 00:34:39.735  2361  2432 D RefBase : RefBase: Explicit destruction, weak count = 0 (in 0xb4095e70)
03-14 00:34:39.735  2361  2432 W RefBase : CallStack::getCurrentInternal not linked, returning null
03-14 00:34:39.735  2361  2432 W RefBase : CallStack::logStackInternal not linked
03-14 00:34:39.735  2361  2432 W tvpqcontrol: PQAdvance factoryAdvanceSetSSR, nowSourceType=4 sourceType is invalid!
03-14 00:34:39.735  2361  2432 D tvpqcontrol: PQAdvance factoryAdvanceGetPQEnable itemType=15 value=0 fromConfig=1
03-14 00:34:39.735  2361  2432 D tvpqcontrol: PQAdvance getPQFactoryExternIniConfig file_tag=PQ_ENABLE, key=PICTURE_PARAM_TSE_ENABLE, defaultValue=65535
03-14 00:34:39.735  2361  2432 D RefBase : RefBase: Explicit destruction, weak count = 0 (in 0xb4095e70)
03-14 00:34:39.735  2361  2432 W RefBase : CallStack::getCurrentInternal not linked, returning null
03-14 00:34:39.735  2361  2432 W RefBase : CallStack::logStackInternal not linked
03-14 00:34:39.735  2361  2432 W tvpqcontrol: PQAdvance factoryAdvanceSetSSR, nowSourceType=4 sourceType is invalid!
03-14 00:34:39.735  2361  2432 D tvpqcontrol: PQAdvance factoryAdvanceGetPQEnable itemType=15 value=0 fromConfig=1
03-14 00:34:39.736  2361  2432 D tvpqcontrol: PQAdvance getPQFactoryExternIniConfig file_tag=PQ_ENABLE, key=PICTURE_PARAM_TSE_ENABLE, defaultValue=65535
03-14 00:34:39.736  2361  2432 D RefBase : RefBase: Explicit destruction, weak count = 0 (in 0xb4095e70)
03-14 00:34:39.736  2361  2432 W RefBase : CallStack::getCurrentInternal not linked, returning null
03-14 00:34:39.736  2361  2432 W RefBase : CallStack::logStackInternal not linked
03-14 00:34:39.736  2361  2432 W tvpqcontrol: PQAdvance factoryAdvanceSetSSR, nowSourceType=4 sourceType is invalid!
03-14 00:34:39.736  2361  2432 D tvpqcontrol: PQAdvance factoryAdvanceGetPQEnable itemType=15 value=0 fromConfig=1
03-14 00:34:39.736  2361  2432 D tvpqcontrol: PQAdvance getPQFactoryExternIniConfig file_tag=PQ_ENABLE, key=PICTURE_PARAM_TSE_ENABLE, defaultValue=65535
03-14 00:34:39.736  2361  2432 D RefBase : RefBase: Explicit destruction, weak count = 0 (in 0xb4095e70)
03-14 00:34:39.736  2361  2432 W RefBase : CallStack::getCurrentInternal not linked, returning null
03-14 00:34:39.736  2361  2432 W RefBase : CallStack::logStackInternal not linked
03-14 00:34:39.736  2361  2432 W tvpqcontrol: PQAdvance factoryAdvanceSetSSR, nowSourceType=4 sourceType is invalid!
03-14 00:34:39.736  2361  2432 D tvpqcontrol: PQAdvance factoryAdvanceGetPQEnable itemType=15 value=0 fromConfig=1
03-14 00:34:39.736  2361  2432 D tvpqcontrol: PQAdvance getPQFactoryExternIniConfig file_tag=PQ_ENABLE, key=PICTURE_PARAM_TSE_ENABLE, defaultValue=65535
03-14 00:34:39.736  2361  2432 D RefBase : RefBase: Explicit destruction, weak count = 0 (in 0xb4095e70)
03-14 00:34:39.736  2361  2432 W RefBase : CallStack::getCurrentInternal not linked, returning null
03-14 00:34:39.736  2361  2432 W RefBase : CallStack::logStackInternal not linked
03-14 00:34:39.736  2361  2432 W tvpqcontrol: PQAdvance factoryAdvanceSetSSR, nowSourceType=4 sourceType is invalid!
03-14 00:34:39.736  2361  2432 D tvpqcontrol: PQAdvance factoryAdvanceGetPQEnable itemType=15 value=0 fromConfig=1
03-14 00:34:39.736  2361  2432 D tvpqcontrol: PQAdvance getPQFactoryExternIniConfig file_tag=PQ_ENABLE, key=PICTURE_PARAM_TSE_ENABLE, defaultValue=65535
03-14 00:34:39.736  2466  2466 D audio_hw_primary_thal: Set_Surround_Mode failed, error: 402954, mode: 0
03-14 00:34:39.737  2361  2432 D RefBase : RefBase: Explicit destruction, weak count = 0 (in 0xb4095e70)
03-14 00:34:39.737  2361  2432 W RefBase : CallStack::getCurrentInternal not linked, returning null
03-14 00:34:39.737  2361  2432 W RefBase : CallStack::logStackInternal not linked
03-14 00:34:39.737  2361  2432 W tvpqcontrol: PQAdvance factoryAdvanceSetSSR, nowSourceType=4 sourceType is invalid!
03-14 00:34:39.737  2361  2432 D tvpqcontrol: PQAdvance factoryAdvanceGetPQEnable itemType=15 value=0 fromConfig=1
03-14 00:34:39.737  2361  2432 D tvpqcontrol: PQAdvance getPQFactoryExternIniConfig file_tag=PQ_ENABLE, key=PICTURE_PARAM_TSE_ENABLE, defaultValue=65535
03-14 00:34:39.737  2361  2432 D RefBase : RefBase: Explicit destruction, weak count = 0 (in 0xb4095e70)
03-14 00:34:39.737  2361  2432 W RefBase : CallStack::getCurrentInternal not linked, returning null
03-14 00:34:39.737  2361  2432 W RefBase : CallStack::logStackInternal not linked
03-14 00:34:39.737  2361  2432 W tvpqcontrol: PQAdvance factoryAdvanceSetSSR, nowSourceType=4 sourceType is invalid!
03-14 00:34:39.737  2361  2432 D tvpqcontrol: getHDMIControlPCMode:0
03-14 00:34:39.738  2361  2432 D tvpqcontrol: getSmartModeStatus:1
03-14 00:34:39.738  2361  2432 D PQSignalCallback: smart picture mode not work in preview mode
03-14 00:34:39.739  2466  2466 D audio_hw_primary_thal: Set_Balance Success: 0
03-14 00:34:39.745  2466  2466 D audio_hw_config: int get_audio_mode_geq_gain(int, int, char *):mode=2 gain=85,85,80,45,40,75,85
03-14 00:34:39.746  2466  2466 D audio_hw_primary_thal: userValue: 8.400000, min: 163, minValue: 8.375000
03-14 00:34:39.746  2466  2466 D audio_hw_primary_thal: gain(0): 67
03-14 00:34:39.747  2466  2466 D audio_hw_primary_thal: userValue: 8.400000, min: 163, minValue: 8.375000
03-14 00:34:39.747  2466  2466 D audio_hw_primary_thal: gain(1): 67
03-14 00:34:39.748  2466  2466 D audio_hw_primary_thal: userValue: 7.200000, min: 154, minValue: 7.250000
03-14 00:34:39.748  2466  2466 D audio_hw_primary_thal: gain(2): 58
03-14 00:34:39.748  2466  2466 D audio_hw_primary_thal: userValue: -1.200000, min: 86, minValue: -1.250000
03-14 00:34:39.748  2466  2466 D audio_hw_primary_thal: gain(3): -10
03-14 00:34:39.749  2466  2466 D audio_hw_primary_thal: userValue: -2.400000, min: 77, minValue: -2.375000
03-14 00:34:39.749  2466  2466 D audio_hw_primary_thal: gain(4): -19
03-14 00:34:39.749  2466  2466 D audio_hw_primary_thal: userValue: 6.000000, min: 144, minValue: 6.000000
03-14 00:34:39.749  2466  2466 D audio_hw_primary_thal: gain(5): 48
03-14 00:34:39.750  2466  2466 D audio_hw_primary_thal: userValue: 8.400000, min: 163, minValue: 8.375000
03-14 00:34:39.750  2466  2466 D audio_hw_primary_thal: gain(6): 67
03-14 00:34:39.750  2466  2466 D audio_hw_primary_thal: Set Audio Mode Success
03-14 00:34:39.751  2466  2466 D audio_hw_primary_thal: Set_AVC_Mode: 0 Success
03-14 00:34:39.761  2466  2466 D audio_hw_primary_thal: Set_PEQ_mode:0 Success
03-14 00:34:39.761  2466  2466 D audio_hw_primary: XX 2 0 2 0
03-14 00:34:39.761  2466  2466 E audio_hw_primary: AUDIO_OWA card does not exist
03-14 00:34:39.761  2466  2466 E audio_hw_primary: AUDIO_ARC card does not exist
03-14 00:34:39.761  2466  2466 D audio_hw_primary: getCardNumbyName: name = AUDIO_SPEAKER , card = 2
03-14 00:34:39.761  2466  2466 D audio_hw_primary: getCardNumbyName: name = AUDIO_CODEC , card = 0
03-14 00:34:39.761  2466  2466 D audio_hw_primary: getCardNumbyName: name = AUDIO_CAPTURE , card = 1
03-14 00:34:39.762  2466  2466 E audio_route: Control 'ADCL Input MIC1 Boost Switch' doesn't exist - skipping
03-14 00:34:39.762  2466  2466 E audio_route: Control 'ADCR Input MIC2 Boost Switch' doesn't exist - skipping
03-14 00:34:39.762  2466  2466 D audio_route: Apply path: media-linein1
03-14 00:34:39.764  2361  2361 D tvserver: THal vendor/aw/homlet/tvsystem/hal/bsp/HAL_SX6/Display/Src/thal_display_source.c:83:info: THal_Vp_GetSource() ENTER
03-14 00:34:39.764  2361  2361 D tvserver: THal vendor/aw/homlet/tvsystem/hal/bsp/HAL_SX6/Display/Src/thal_display_source.c:87:info: THal_Vp_GetSource() LEAVE
03-14 00:34:39.764  2466  2466 D audio_hw_primary: get source id: 0 invalied and set to default source
03-14 00:34:39.769  2696  2696 I ServiceManager: Waiting for service 'package_native' on '/dev/binder'...
03-14 00:34:39.769  2466  2466 D audio_hw_primary_thal: Init_Volume_Curve
03-14 00:34:39.770  2493  2493 I AudioFlinger: loadHwModule() Loaded primary audio interface, handle 10
03-14 00:34:39.770  2493  2493 I AudioFlinger: openOutput() this 0xaf837000, module 10 Device type:0x2,@:, SamplingRate 48000, Format 0x000001, Channels 0x3, flags 0x2
03-14 00:34:39.771  2466  2466 D audio_hw_primary: adev_open_output_stream
03-14 00:34:39.775  2493  2493 I AudioFlinger: HAL output buffer size 960 frames, normal sink buffer size 960 frames
03-14 00:34:39.792  2462  2462 I zygote  : Explicit concurrent copying GC freed 3339(317KB) AllocSpace objects, 0(0B) LOS objects, 79% free, 389KB/1925KB, paused 106us total 20.298ms
03-14 00:34:39.802  2493  2493 I BufferProvider: found effect "Multichannel Downmix To Stereo" from The Android Open Source Project
03-14 00:34:39.803  2493  2493 E AudioFlinger: Failed to add event callback
03-14 00:34:39.803  2493  2769 I AudioFlinger: AudioFlinger's thread 0xaf893580 tid=2769 ready to run
03-14 00:34:39.803  2493  2769 W AudioFlinger: no wake lock to update, system not ready yet
03-14 00:34:39.804  2493  2769 D AudioFlinger: ro.audio.silent is ignored since no output device is set
03-14 00:34:39.804  2466  2466 D audio_hw_primary: adev_get_parameters, routing=2;supEncapsulationMetadataTypes;supEncapsulationModes
03-14 00:34:39.804  2466  2484 D audio_hw_primary: out_standby
03-14 00:34:39.804  2466  2484 D audio_hw_primary: do_output_standby
03-14 00:34:39.807  2493  2493 V APM_AudioPolicyManager: checkAndSetVolume cannot set volume group 3 volume with force use = 0 for comm
03-14 00:34:39.808  2493  2769 W AudioFlinger: no wake lock to update, system not ready yet
03-14 00:34:39.808  2493  2769 D AudioFlinger: ro.audio.silent is ignored since no output device is set
03-14 00:34:39.810  2462  2462 I zygote  : Explicit concurrent copying GC freed 247(40KB) AllocSpace objects, 0(0B) LOS objects, 80% free, 380KB/1916KB, paused 42us total 17.363ms
03-14 00:34:39.812  2493  2493 W AudioFlinger: moveEffects() bad srcOutput 0
03-14 00:34:39.812  2493  2493 V APM_AudioPolicyManager: selectOutputForMusicEffects selected output 13
03-14 00:34:39.812  2493  2493 V APM_AudioPolicyManager: setOutputDevices device {type:0x2,@:} delayMs 0
03-14 00:34:39.812  2493  2493 V APM_AudioPolicyManager: setOutputDevices() prevDevice {type:0x2,@:}
03-14 00:34:39.813  2493  2493 V APM_AudioPolicyManager: setOutputDevices changing device to {type:0x2,@:}
03-14 00:34:39.854  2466  2466 D audio_hw_primary: adev_create_audio_patch 1: device; 2: thread; sources: 2, sinks: 1
03-14 00:34:39.854  2493  2493 V APM_AudioPolicyManager: setOutputDevices() AF::createAudioPatch returned 0 patchHandle 12 num_sources 1 num_sinks 1
03-14 00:34:39.857  2493  2493 V APM_AudioPolicyManager: checkAndSetVolume cannot set volume group 3 volume with force use = 0 for comm
03-14 00:34:39.860  2493  2493 I AudioFlinger: openOutput() this 0xaf837000, module 10 Device type:0x2,@:, SamplingRate 32000, Format 0x000003, Channels 0x3, flags 0x1
03-14 00:34:39.860  2466  2466 D audio_hw_primary: adev_open_output_stream
03-14 00:34:39.861  2493  2493 I AudioFlinger: HAL output buffer size 2048 frames, normal sink buffer size 2048 frames
03-14 00:34:39.862  2493  2493 E AudioFlinger: Failed to add event callback
03-14 00:34:39.862  2493  2772 I AudioFlinger: AudioFlinger's thread 0xaf8f2000 tid=2772 ready to run
03-14 00:34:39.862  2493  2772 W AudioFlinger: no wake lock to update, system not ready yet
03-14 00:34:39.862  2493  2772 D AudioFlinger: ro.audio.silent is ignored since no output device is set
03-14 00:34:39.862  2466  2466 D audio_hw_primary: out_standby
03-14 00:34:39.862  2466  2466 D audio_hw_primary: do_output_standby
03-14 00:34:39.863  2493  2772 W AudioFlinger: no wake lock to update, system not ready yet
03-14 00:34:39.863  2493  2772 D AudioFlinger: ro.audio.silent is ignored since no output device is set
03-14 00:34:39.869  2696  2696 I ServiceManager: Waiting for service 'package_native' on '/dev/binder'...
03-14 00:34:39.870  2462  2462 D Zygote  : Forked child process 2774
03-14 00:34:39.870  2462  2462 I Zygote  : System server process 2774 has been created
03-14 00:34:39.872  2774  2774 I Zygote  : seccomp disabled by setenforce 0
03-14 00:34:39.873  2462  2462 I Zygote  : Accepting command socket connections
03-14 00:34:39.891  2774  2774 I chatty  : uid=1000(system) Binder:2774_3 expire 142 lines
03-14 00:34:39.897  2774  2787 I chatty  : uid=1000(system) Binder:2774_3 expire 3 lines
03-14 00:34:39.970  2696  2696 I ServiceManager: Waiting for service 'package_native' on '/dev/binder'...
03-14 00:34:40.064  2493  2493 E AudioFlinger: Error when setting parameters on exit: -61
03-14 00:34:40.065  2493  2772 W AudioFlinger: no wake lock to update, system not ready yet
03-14 00:34:40.065  2493  2772 D AudioFlinger: ro.audio.silent is ignored since no output device is set
03-14 00:34:40.065  2466  2466 D audio_hw_primary: out_standby
03-14 00:34:40.065  2466  2466 D audio_hw_primary: do_output_standby
03-14 00:34:40.065  2466  2484 D audio_hw_primary: adev_open_input_stream: enter: request format(0x1) sample_rate(48000) channel_mask(0xc) devices(0x80000004)
03-14 00:34:40.067  2466  2484 D audio_hw_primary: sample_rate = 48000
03-14 00:34:40.067  2466  2484 D audio_hw_primary: sample_rate = 48000
03-14 00:34:40.068  2493  2790 I AudioFlinger: AudioFlinger's thread 0xac55ee80 tid=2790 ready to run
03-14 00:34:40.068  2493  2790 W AudioFlinger: no wake lock to update, system not ready yet
03-14 00:34:40.071  2696  2696 I ServiceManager: Waiting for service 'package_native' on '/dev/binder'...
03-14 00:34:40.097  2774  2792 I chatty  : uid=1000(system) Binder:2774_3 expire 5 lines
03-14 00:34:40.098  2774  2793 I chatty  : uid=1000(system) Binder:2774_3 expire 14 lines
03-14 00:34:40.104  2774  2774 I SystemServerTiming: InitBeforeStartServices
03-14 00:34:40.108  2774  2774 I SystemServer: Entered the Android system server!
03-14 00:34:40.136  2774  2794 I chatty  : uid=1000(system) Binder:2774_3 expire 2 lines
03-14 00:34:40.171  2696  2696 I ServiceManager: Waiting for service 'package_native' on '/dev/binder'...
03-14 00:34:40.269  2493  2790 W AudioFlinger: no wake lock to update, system not ready yet
03-14 00:34:40.270  2466  2484 D audio_hw_primary: adev_close_input_stream set voice record status
03-14 00:34:40.270  2493  2493 W APM_AudioPolicyManager: Input profile contains no device on module primary
03-14 00:34:40.272  2696  2696 I ServiceManager: Waiting for service 'package_native' on '/dev/binder'...
03-14 00:34:40.276  2466  2466 I jinju_HidrawThr: type=1400 audit(0.0:312): avc: denied { read } for name="/" dev="tmpfs" ino=9760 scontext=u:r:hal_audio_default:s0 tcontext=u:object_r:device:s0 tclass=dir permissive=1
03-14 00:34:40.276  2466  2466 I jinju_HidrawThr: type=1400 audit(0.0:313): avc: denied { open } for path="/dev" dev="tmpfs" ino=9760 scontext=u:r:hal_audio_default:s0 tcontext=u:object_r:device:s0 tclass=dir permissive=1
03-14 00:34:40.277  2493  2493 I AudioFlinger: loadHwModule() Loaded jinju audio interface, handle 18
03-14 00:34:40.279  2493  2798 I AudioFlinger: AudioFlinger's thread 0xac55ea00 tid=2798 ready to run
03-14 00:34:40.280  2493  2798 W AudioFlinger: no wake lock to update, system not ready yet
03-14 00:34:40.280  2493  2798 W AudioFlinger: no wake lock to update, system not ready yet
03-14 00:34:40.326  2493  2493 I bt_a2dp_hw: adev_open:  adev_open in A2dp_hw module
03-14 00:34:40.326  2493  2493 I AudioFlinger: loadHwModule() Loaded a2dp audio interface, handle 26
03-14 00:34:40.326  2493  2493 E APM_AudioPolicyManager: onNewAudioModulesAvailableInt: Input device list is empty!
03-14 00:34:40.331  2466  2466 I r_submix: adev_open(name=audio_hw_if)
03-14 00:34:40.332  2466  2466 I r_submix: adev_init_check()
03-14 00:34:40.332  2493  2493 I AudioFlinger: loadHwModule() Loaded r_submix audio interface, handle 34
03-14 00:34:40.332  2466  2466 D r_submix: adev_open_input_stream(addr=0)
03-14 00:34:40.332  2466  2466 D r_submix: submix_audio_device_create_pipe_l(addr=0, idx=9)
03-14 00:34:40.332  2466  2466 D r_submix:   now using address 0 for route 9
03-14 00:34:40.334  2493  2800 I AudioFlinger: AudioFlinger's thread 0xac55ee00 tid=2800 ready to run
03-14 00:34:40.334  2466  2466 I r_submix: in_standby()
03-14 00:34:40.335  2493  2800 W AudioFlinger: no wake lock to update, system not ready yet
03-14 00:34:40.335  2466  2466 I r_submix: in_standby()
03-14 00:34:40.373  2696  2696 I ServiceManager: Waiting for service 'package_native' on '/dev/binder'...
03-14 00:34:40.449  2703  2703 D dom2reg : timezone change, new: Asia/Calcutta, pre: 
03-14 00:34:40.450  2703  2703 W dom2reg : timezone [Asia/Calcutta] not in default tables, please check!
03-14 00:34:40.474  2696  2696 I ServiceManager: Waiting for service 'package_native' on '/dev/binder'...
03-14 00:34:40.535  2493  2800 W AudioFlinger: no wake lock to update, system not ready yet
03-14 00:34:40.535  2466  2466 D r_submix: adev_close_input_stream()
03-14 00:34:40.535  2466  2466 D r_submix: submix_audio_device_release_pipe_l(idx=9) addr=0
03-14 00:34:40.536  2466  2466 D r_submix: submix_audio_device_destroy_pipe_l(): pipe destroyed
03-14 00:34:40.538  2493  2493 W APM::AudioPolicyEngine: getDevicesForStrategy() unknown strategy: -1
03-14 00:34:40.539  2493  2493 W APM::AudioPolicyEngine: getDevicesForStrategy() unknown strategy: -1
03-14 00:34:40.545  2493  2493 I audioserver: Waiting for activity service
03-14 00:34:40.574  2696  2696 I ServiceManager: Waiting for service 'package_native' on '/dev/binder'...
03-14 00:34:40.657  2774  2774 I SystemServerInitThreadPool: Creating instance with 4 threads
03-14 00:34:40.657  2774  2774 I SystemServerTiming: StartServices
03-14 00:34:40.657  2774  2774 I SystemServerTiming: startBootstrapServices
03-14 00:34:40.657  2774  2774 I SystemServerTiming: StartWatchdog
03-14 00:34:40.675  2696  2696 I ServiceManager: Waiting for service 'package_native' on '/dev/binder'...
03-14 00:34:40.686  2774  2774 I SystemServer: Reading configuration...
03-14 00:34:40.687  2774  2774 I SystemServerTiming: ReadingSystemConfig
03-14 00:34:40.687  2774  2774 I SystemServerTiming: PlatformCompat
03-14 00:34:40.687  2774  2810 I SystemServerTimingAsync: InitThreadPoolExec:ReadingSystemConfig
03-14 00:34:40.694  2774  2774 D CompatConfig: Found a config file: /system/etc/compatconfig/framework-platform-compat-config.xml
03-14 00:34:40.696  2774  2774 D CompatConfig: Adding: com.android.server.compat.config.Change@5716d92
03-14 00:34:40.698  2774  2810 I SystemConfig: Reading permissions from /system/etc/sysconfig/google.xml
03-14 00:34:40.699  2774  2810 I SystemConfig: Adding association: com.google.android.as <- com.android.bluetooth
03-14 00:34:40.699  2774  2810 I SystemConfig: Adding association: com.google.android.as <- com.android.providers.contacts
03-14 00:34:40.699  2774  2810 I SystemConfig: Adding association: com.google.android.as <- com.android.providers.media
03-14 00:34:40.699  2774  2810 I SystemConfig: Adding association: com.google.android.as <- com.android.providers.telephony
03-14 00:34:40.699  2774  2810 I SystemConfig: Adding association: com.google.android.as <- com.android.systemui
03-14 00:34:40.700  2774  2810 I SystemConfig: Adding association: com.google.android.as <- com.google.android.gms
03-14 00:34:40.700  2774  2810 I SystemConfig: Adding association: com.google.android.as <- com.google.android.gsf
03-14 00:34:40.700  2774  2810 I SystemConfig: Adding association: com.google.android.as <- com.google.android.providers.media.module
03-14 00:34:40.701  2774  2810 I SystemConfig: Reading permissions from /system/etc/sysconfig/hiddenapi-package-whitelist.xml
03-14 00:34:40.702  2774  2810 I SystemConfig: Reading permissions from /system/etc/sysconfig/preinstalled-packages-platform.xml
03-14 00:34:40.704  2774  2810 I SystemConfig: Reading permissions from /system/etc/sysconfig/google-hiddenapi-package-whitelist.xml
03-14 00:34:40.706  2774  2810 I SystemConfig: Reading permissions from /system/etc/sysconfig/google_exclusives_enable.xml
03-14 00:34:40.706  2774  2774 D CompatConfig: Adding: com.android.server.compat.config.Change@5a4dcd5
03-14 00:34:40.707  2774  2774 D CompatConfig: Adding: com.android.server.compat.config.Change@4391cea
03-14 00:34:40.707  2774  2810 I SystemConfig: Reading permissions from /system/etc/sysconfig/google_build.xml
03-14 00:34:40.707  2774  2774 D CompatConfig: Adding: com.android.server.compat.config.Change@ac1b678
03-14 00:34:40.708  2774  2774 D CompatConfig: Adding: com.android.server.compat.config.Change@c924ab7
03-14 00:34:40.708  2774  2810 I SystemConfig: Reading permissions from /system/etc/sysconfig/framework-sysconfig.xml
03-14 00:34:40.709  2774  2774 D CompatConfig: Adding: com.android.server.compat.config.Change@d97c224
03-14 00:34:40.710  2774  2774 D CompatConfig: Adding: com.android.server.compat.config.Change@29cd18d
03-14 00:34:40.710  2774  2810 I SystemConfig: Reading permissions from /system/etc/permissions/com.android.mediadrm.signer.xml
03-14 00:34:40.711  2774  2774 D CompatConfig: Adding: com.android.server.compat.config.Change@ba0dc90
03-14 00:34:40.711  2774  2810 I SystemConfig: Reading permissions from /system/etc/permissions/com.softwinner.tv.xml
03-14 00:34:40.712  2774  2774 D CompatConfig: Adding: com.android.server.compat.config.Change@a52d8e
03-14 00:34:40.713  2774  2810 I SystemConfig: Reading permissions from /system/etc/permissions/privapp-permissions-google.xml
03-14 00:34:40.713  2774  2774 D CompatConfig: Adding: com.android.server.compat.config.Change@797a545
03-14 00:34:40.714  2774  2774 D CompatConfig: Adding: com.android.server.compat.config.Change@84a949a
03-14 00:34:40.715  2774  2774 D CompatConfig: Adding: com.android.server.compat.config.Change@a2461cb
03-14 00:34:40.716  2774  2774 D CompatConfig: Adding: com.android.server.compat.config.Change@81250c1
03-14 00:34:40.717  2774  2774 D CompatConfig: Adding: com.android.server.compat.config.Change@aad6066
03-14 00:34:40.717  2774  2774 D CompatConfig: Adding: com.android.server.compat.config.Change@4154fa7
03-14 00:34:40.718  2774  2774 D CompatConfig: Adding: com.android.server.compat.config.Change@83237fd
03-14 00:34:40.719  2774  2774 D CompatConfig: Adding: com.android.server.compat.config.Change@51f1cf2
03-14 00:34:40.720  2774  2774 D CompatConfig: Adding: com.android.server.compat.config.Change@a2c89c0
03-14 00:34:40.721  2774  2774 D CompatConfig: Adding: com.android.server.compat.config.Change@16f56f9
03-14 00:34:40.722  2774  2774 D CompatConfig: Adding: com.android.server.compat.config.Change@6a8c9f
03-14 00:34:40.724  2774  2774 D CompatConfig: Adding: com.android.server.compat.config.Change@63081ec
03-14 00:34:40.725  2774  2774 D CompatConfig: Adding: com.android.server.compat.config.Change@b41584a
03-14 00:34:40.726  2774  2774 D CompatConfig: Adding: com.android.server.compat.config.Change@6f553bb
03-14 00:34:40.726  2774  2774 D CompatConfig: Found a config file: /system/etc/compatconfig/libcore-platform-compat-config.xml
03-14 00:34:40.727  2774  2774 D CompatConfig: Adding: com.android.server.compat.config.Change@e44af16
03-14 00:34:40.728  2774  2774 D CompatConfig: Adding: com.android.server.compat.config.Change@19b7097
03-14 00:34:40.729  2774  2774 D CompatConfig: Adding: com.android.server.compat.config.Change@7472284
03-14 00:34:40.730  2774  2774 D CompatConfig: Adding: com.android.server.compat.config.Change@a54a6a2
03-14 00:34:40.731  2774  2774 D CompatConfig: Found a config file: /system/etc/compatconfig/services-platform-compat-config.xml
03-14 00:34:40.732  2774  2774 D CompatConfig: Adding: com.android.server.compat.config.Change@355e2f0
03-14 00:34:40.733  2774  2774 D CompatConfig: Adding: com.android.server.compat.config.Change@87a8aee
03-14 00:34:40.734  2774  2774 D CompatConfig: Adding: com.android.server.compat.config.Change@495db8f
03-14 00:34:40.735  2774  2774 D CompatConfig: Adding: com.android.server.compat.config.Change@c4e3e1c
03-14 00:34:40.736  2774  2774 D CompatConfig: Adding: com.android.server.compat.config.Change@70867fa
03-14 00:34:40.737  2774  2774 D CompatConfig: Adding: com.android.server.compat.config.Change@39ea1ab
03-14 00:34:40.737  2774  2774 D CompatConfig: Adding: com.android.server.compat.config.Change@50f2008
03-14 00:34:40.739  2774  2774 D CompatConfig: Adding: com.android.server.compat.config.Change@56509c6
03-14 00:34:40.739  2774  2774 D CompatConfig: Adding: com.android.server.compat.config.Change@a23ad87
03-14 00:34:40.740  2774  2810 I SystemConfig: Reading permissions from /system/etc/permissions/android.test.base.xml
03-14 00:34:40.741  2774  2774 D CompatConfig: Adding: com.android.server.compat.config.Change@97fc52
03-14 00:34:40.741  2774  2810 I SystemConfig: Reading permissions from /system/etc/permissions/privapp-permissions-platform.xml
03-14 00:34:40.742  2774  2774 D CompatConfig: Adding: com.android.server.compat.config.Change@fdfe820
03-14 00:34:40.743  2774  2774 D CompatConfig: Adding: com.android.server.compat.config.Change@c958b9e
03-14 00:34:40.744  2774  2774 D CompatConfig: Adding: com.android.server.compat.config.Change@66ac67f
03-14 00:34:40.745  2774  2774 D CompatConfig: Found a config file: /system/etc/compatconfig/documents-ui-compat-config.xml
03-14 00:34:40.746  2774  2774 D CompatConfig: Adding: com.android.server.compat.config.Change@b6de695
03-14 00:34:40.747  2774  2774 D CompatConfig: No directory /system/system_ext/etc/compatconfig, skipping
03-14 00:34:40.752  2774  2810 I SystemConfig: Reading permissions from /system/etc/permissions/android.test.mock.xml
03-14 00:34:40.754  2774  2810 I SystemConfig: Reading permissions from /system/etc/permissions/com.android.providers.tv.xml
03-14 00:34:40.755  2774  2810 I SystemConfig: Reading permissions from /system/etc/permissions/android.hardware.location.network.xml
03-14 00:34:40.756  2774  2810 I SystemConfig: Reading permissions from /system/etc/permissions/com.google.android.media.effects.xml
03-14 00:34:40.756  2774  2774 D CompatConfig: No directory /apex/com.android.ipsec/etc/compatconfig, skipping
03-14 00:34:40.756  2774  2774 D CompatConfig: No directory /apex/com.android.neuralnetworks/etc/compatconfig, skipping
03-14 00:34:40.756  2774  2774 D CompatConfig: No directory /apex/com.android.wifi/etc/compatconfig, skipping
03-14 00:34:40.757  2774  2774 D CompatConfig: No directory /apex/com.android.os.statsd/etc/compatconfig, skipping
03-14 00:34:40.757  2774  2774 D CompatConfig: No directory /apex/com.android.tethering/etc/compatconfig, skipping
03-14 00:34:40.757  2774  2774 D CompatConfig: No directory /apex/com.android.art/etc/compatconfig, skipping
03-14 00:34:40.757  2774  2774 D CompatConfig: Found a config file: /apex/com.android.mediaprovider/etc/compatconfig/media-provider-platform-compat-config.xml
03-14 00:34:40.757  2774  2810 I SystemConfig: Reading permissions from /system/etc/permissions/javax.obex.xml
03-14 00:34:40.758  2774  2774 D CompatConfig: No directory /apex/com.android.media.swcodec/etc/compatconfig, skipping
03-14 00:34:40.758  2774  2810 I SystemConfig: Reading permissions from /system/etc/permissions/privapp-permissions-go-system.xml
03-14 00:34:40.758  2774  2774 D CompatConfig: No directory /apex/com.android.tzdata/etc/compatconfig, skipping
03-14 00:34:40.758  2774  2774 D CompatConfig: No directory /apex/com.android.resolv/etc/compatconfig, skipping
03-14 00:34:40.758  2774  2774 D CompatConfig: No directory /apex/com.android.extservices/etc/compatconfig, skipping
03-14 00:34:40.758  2774  2774 D CompatConfig: No directory /apex/com.android.adbd/etc/compatconfig, skipping
03-14 00:34:40.759  2774  2774 D CompatConfig: No directory /apex/com.android.permission/etc/compatconfig, skipping
03-14 00:34:40.759  2774  2774 D CompatConfig: No directory /apex/com.android.conscrypt/etc/compatconfig, skipping
03-14 00:34:40.759  2774  2774 D CompatConfig: No directory /apex/com.android.sdkext/etc/compatconfig, skipping
03-14 00:34:40.759  2774  2774 D CompatConfig: No directory /apex/com.android.runtime/etc/compatconfig, skipping
03-14 00:34:40.759  2774  2774 D CompatConfig: No directory /apex/com.android.vndk.v30/etc/compatconfig, skipping
03-14 00:34:40.759  2774  2810 I SystemConfig: Reading permissions from /system/etc/permissions/org.apache.http.legacy.xml
03-14 00:34:40.759  2774  2774 D CompatConfig: No directory /apex/com.android.media/etc/compatconfig, skipping
03-14 00:34:40.759  2774  2774 D CompatConfig: No directory /apex/com.android.i18n/etc/compatconfig, skipping
03-14 00:34:40.760  2774  2810 I SystemConfig: Reading permissions from /system/etc/permissions/android.test.runner.xml
03-14 00:34:40.761  2774  2810 I SystemConfig: Reading permissions from /system/etc/permissions/android.software.controls.xml
03-14 00:34:40.762  2774  2774 I SystemServerTiming: StartInstaller
03-14 00:34:40.762  2774  2774 I SystemServiceManager: Starting com.android.server.pm.Installer
03-14 00:34:40.762  2774  2811 I SystemServerTimingAsync: InitThreadPoolExec:StartFileIntegrityService
03-14 00:34:40.762  2774  2811 I SystemServerTimingAsync: StartFileIntegrityService
03-14 00:34:40.762  2774  2810 I SystemConfig: Reading permissions from /system/etc/permissions/com.android.media.remotedisplay.xml
03-14 00:34:40.762  2774  2811 I SystemServiceManager: Starting com.android.server.security.FileIntegrityService
03-14 00:34:40.763  2774  2810 I SystemConfig: Reading permissions from /system/etc/permissions/split-permissions-google.xml
03-14 00:34:40.765  2774  2810 I SystemConfig: Reading permissions from /system/etc/permissions/provision-permissions.xml
03-14 00:34:40.766  2774  2810 I SystemConfig: Reading permissions from /system/etc/permissions/com.google.android.maps.xml
03-14 00:34:40.767  2774  2810 I SystemConfig: Reading permissions from /system/etc/permissions/privapp-vendor-permissions.xml
03-14 00:34:40.769  2774  2810 I SystemConfig: Reading permissions from /system/etc/permissions/com.android.location.provider.xml
03-14 00:34:40.770  2774  2810 I SystemConfig: Reading permissions from /system/etc/permissions/com.android.future.usb.accessory.xml
03-14 00:34:40.771  2774  2810 I SystemConfig: Reading permissions from /system/etc/permissions/android.software.webview.xml
03-14 00:34:40.772  2658  2663 D installd: Found quota mount /dev/block/by-name/userdata at /data
03-14 00:34:40.772  2658  2663 D installd: Found quota mount /dev/block/by-name/userdata at /data/user/0
03-14 00:34:40.772  2774  2810 I SystemConfig: Reading permissions from /system/etc/permissions/platform.xml
03-14 00:34:40.774  2774  2774 I SystemServerTiming: DeviceIdentifiersPolicyService
03-14 00:34:40.774  2774  2774 I SystemServiceManager: Starting com.android.server.os.DeviceIdentifiersPolicyService
03-14 00:34:40.775  2774  2774 I SystemServerTiming: UriGrantsManagerService
